Archive member included because of file (symbol)

C:\PULSAR\Projects\PPI\PoweredRail\Common_Module_SOC\CommonModule_Rev1_5_Unified\SoftConsole\m2s010_som_sb_MSS_CM3\m2s010_som_sb_MSS_CM3_hw_platform\Release\libm2s010_som_sb_MSS_CM3_hw_platform.a(mss_uart.o)
                              ./main.o (MSS_UART_polled_tx)
C:\PULSAR\Projects\PPI\PoweredRail\Common_Module_SOC\CommonModule_Rev1_5_Unified\SoftConsole\m2s010_som_sb_MSS_CM3\m2s010_som_sb_MSS_CM3_hw_platform\Release\libm2s010_som_sb_MSS_CM3_hw_platform.a(mss_gpio.o)
                              ./main.o (MSS_GPIO_init)
C:\PULSAR\Projects\PPI\PoweredRail\Common_Module_SOC\CommonModule_Rev1_5_Unified\SoftConsole\m2s010_som_sb_MSS_CM3\m2s010_som_sb_MSS_CM3_hw_platform\Release\libm2s010_som_sb_MSS_CM3_hw_platform.a(system_m2sxxx.o)
                              C:\PULSAR\Projects\PPI\PoweredRail\Common_Module_SOC\CommonModule_Rev1_5_Unified\SoftConsole\m2s010_som_sb_MSS_CM3\m2s010_som_sb_MSS_CM3_hw_platform\Release\libm2s010_som_sb_MSS_CM3_hw_platform.a(mss_uart.o) (SystemCoreClockUpdate)
c:/microsemi/libero_v11.5/softconsole/sourcery-g++/bin/../lib/gcc/arm-none-eabi/4.4.1/../../../../arm-none-eabi/lib/thumb2\libc.a(lib_a-errno.o)
                              C:/PULSAR/Projects/PPI/PoweredRail/Common_Module_SOC/CommonModule_Rev1_5_Unified/SoftConsole/m2s010_som_sb_MSS_CM3/m2s010_som_sb_MSS_CM3_hw_platform/Release/CMSIS/startup_gcc/newlib_stubs.o (__errno)
c:/microsemi/libero_v11.5/softconsole/sourcery-g++/bin/../lib/gcc/arm-none-eabi/4.4.1/../../../../arm-none-eabi/lib/thumb2\libc.a(lib_a-impure.o)
                              c:/microsemi/libero_v11.5/softconsole/sourcery-g++/bin/../lib/gcc/arm-none-eabi/4.4.1/../../../../arm-none-eabi/lib/thumb2\libc.a(lib_a-errno.o) (_impure_ptr)
c:/microsemi/libero_v11.5/softconsole/sourcery-g++/bin/../lib/gcc/arm-none-eabi/4.4.1/../../../../arm-none-eabi/lib/thumb2\libc.a(lib_a-init.o)
                              C:/PULSAR/Projects/PPI/PoweredRail/Common_Module_SOC/CommonModule_Rev1_5_Unified/SoftConsole/m2s010_som_sb_MSS_CM3/m2s010_som_sb_MSS_CM3_hw_platform/Release/CMSIS/startup_gcc/startup_m2sxxx.o (__libc_init_array)

Allocating common symbols
Common symbol       size              file

g_mss_uart1         0x40              C:\PULSAR\Projects\PPI\PoweredRail\Common_Module_SOC\CommonModule_Rev1_5_Unified\SoftConsole\m2s010_som_sb_MSS_CM3\m2s010_som_sb_MSS_CM3_hw_platform\Release\libm2s010_som_sb_MSS_CM3_hw_platform.a(mss_uart.o)
g_mss_uart0         0x40              C:\PULSAR\Projects\PPI\PoweredRail\Common_Module_SOC\CommonModule_Rev1_5_Unified\SoftConsole\m2s010_som_sb_MSS_CM3\m2s010_som_sb_MSS_CM3_hw_platform\Release\libm2s010_som_sb_MSS_CM3_hw_platform.a(mss_uart.o)

Discarded input sections

 .text          0x00000000        0x0 c:/microsemi/libero_v11.5/softconsole/sourcery-g++/bin/../lib/gcc/arm-none-eabi/4.4.1/thumb2/crti.o
 .data          0x00000000        0x0 c:/microsemi/libero_v11.5/softconsole/sourcery-g++/bin/../lib/gcc/arm-none-eabi/4.4.1/thumb2/crti.o
 .bss           0x00000000        0x0 c:/microsemi/libero_v11.5/softconsole/sourcery-g++/bin/../lib/gcc/arm-none-eabi/4.4.1/thumb2/crti.o
 .data          0x00000000        0x4 c:/microsemi/libero_v11.5/softconsole/sourcery-g++/bin/../lib/gcc/arm-none-eabi/4.4.1/thumb2/crtbegin.o
 .text          0x00000000        0x0 ./main.o
 .data          0x00000000        0x0 ./main.o
 .bss           0x00000000        0x0 ./main.o
 .text.config_mddr_lpddr
                0x00000000      0x1d8 ./main.o
 .text.tx_fifo_reset
                0x00000000       0x10 ./main.o
 .text.rx_fifo_reset
                0x00000000       0x10 ./main.o
 .text.SW_reset
                0x00000000       0x20 ./main.o
 .text.tohexstring
                0x00000000      0x138 ./main.o
 .text.b2b_single_tx_message_send
                0x00000000       0xe0 ./main.o
 .text.fill_tx_message
                0x00000000      0x18c ./main.o
 .text.TX_blaster_packet
                0x00000000       0xa8 ./main.o
 .text.check_rx_message
                0x00000000      0x174 ./main.o
 .text.b2b_multiple_tx_message_send
                0x00000000      0x114 ./main.o
 .text.b2b_multiple_tx_message_blast
                0x00000000       0xec ./main.o
 .text.blaster_packet_loopback
                0x00000000      0x2a0 ./main.o
 .text.RX_blaster_packet
                0x00000000      0x194 ./main.o
 .text.packet_loopback
                0x00000000      0x180 ./main.o
 .text.b2b_multiple_rx_message_check
                0x00000000       0xf0 ./main.o
 .bss.MDDR_status
                0x00000000        0x4 ./main.o
 .text          0x00000000        0x0 C:/PULSAR/Projects/PPI/PoweredRail/Common_Module_SOC/CommonModule_Rev1_5_Unified/SoftConsole/m2s010_som_sb_MSS_CM3/m2s010_som_sb_MSS_CM3_hw_platform/Release/CMSIS/startup_gcc/startup_m2sxxx.o
 .data          0x00000000        0x0 C:/PULSAR/Projects/PPI/PoweredRail/Common_Module_SOC/CommonModule_Rev1_5_Unified/SoftConsole/m2s010_som_sb_MSS_CM3/m2s010_som_sb_MSS_CM3_hw_platform/Release/CMSIS/startup_gcc/startup_m2sxxx.o
 .bss           0x00000000        0x0 C:/PULSAR/Projects/PPI/PoweredRail/Common_Module_SOC/CommonModule_Rev1_5_Unified/SoftConsole/m2s010_som_sb_MSS_CM3/m2s010_som_sb_MSS_CM3_hw_platform/Release/CMSIS/startup_gcc/startup_m2sxxx.o
 .text          0x00000000        0x0 C:/PULSAR/Projects/PPI/PoweredRail/Common_Module_SOC/CommonModule_Rev1_5_Unified/SoftConsole/m2s010_som_sb_MSS_CM3/m2s010_som_sb_MSS_CM3_hw_platform/Release/CMSIS/startup_gcc/newlib_stubs.o
 .data          0x00000000        0x0 C:/PULSAR/Projects/PPI/PoweredRail/Common_Module_SOC/CommonModule_Rev1_5_Unified/SoftConsole/m2s010_som_sb_MSS_CM3/m2s010_som_sb_MSS_CM3_hw_platform/Release/CMSIS/startup_gcc/newlib_stubs.o
 .bss           0x00000000        0x0 C:/PULSAR/Projects/PPI/PoweredRail/Common_Module_SOC/CommonModule_Rev1_5_Unified/SoftConsole/m2s010_som_sb_MSS_CM3/m2s010_som_sb_MSS_CM3_hw_platform/Release/CMSIS/startup_gcc/newlib_stubs.o
 .text._close   0x00000000        0x8 C:/PULSAR/Projects/PPI/PoweredRail/Common_Module_SOC/CommonModule_Rev1_5_Unified/SoftConsole/m2s010_som_sb_MSS_CM3/m2s010_som_sb_MSS_CM3_hw_platform/Release/CMSIS/startup_gcc/newlib_stubs.o
 .text._exit    0x00000000        0x4 C:/PULSAR/Projects/PPI/PoweredRail/Common_Module_SOC/CommonModule_Rev1_5_Unified/SoftConsole/m2s010_som_sb_MSS_CM3/m2s010_som_sb_MSS_CM3_hw_platform/Release/CMSIS/startup_gcc/newlib_stubs.o
 .text._fstat   0x00000000        0xc C:/PULSAR/Projects/PPI/PoweredRail/Common_Module_SOC/CommonModule_Rev1_5_Unified/SoftConsole/m2s010_som_sb_MSS_CM3/m2s010_som_sb_MSS_CM3_hw_platform/Release/CMSIS/startup_gcc/newlib_stubs.o
 .text._getpid  0x00000000        0x4 C:/PULSAR/Projects/PPI/PoweredRail/Common_Module_SOC/CommonModule_Rev1_5_Unified/SoftConsole/m2s010_som_sb_MSS_CM3/m2s010_som_sb_MSS_CM3_hw_platform/Release/CMSIS/startup_gcc/newlib_stubs.o
 .text._isatty  0x00000000        0x4 C:/PULSAR/Projects/PPI/PoweredRail/Common_Module_SOC/CommonModule_Rev1_5_Unified/SoftConsole/m2s010_som_sb_MSS_CM3/m2s010_som_sb_MSS_CM3_hw_platform/Release/CMSIS/startup_gcc/newlib_stubs.o
 .text._lseek   0x00000000        0x4 C:/PULSAR/Projects/PPI/PoweredRail/Common_Module_SOC/CommonModule_Rev1_5_Unified/SoftConsole/m2s010_som_sb_MSS_CM3/m2s010_som_sb_MSS_CM3_hw_platform/Release/CMSIS/startup_gcc/newlib_stubs.o
 .text._open    0x00000000        0x8 C:/PULSAR/Projects/PPI/PoweredRail/Common_Module_SOC/CommonModule_Rev1_5_Unified/SoftConsole/m2s010_som_sb_MSS_CM3/m2s010_som_sb_MSS_CM3_hw_platform/Release/CMSIS/startup_gcc/newlib_stubs.o
 .text._read    0x00000000        0x4 C:/PULSAR/Projects/PPI/PoweredRail/Common_Module_SOC/CommonModule_Rev1_5_Unified/SoftConsole/m2s010_som_sb_MSS_CM3/m2s010_som_sb_MSS_CM3_hw_platform/Release/CMSIS/startup_gcc/newlib_stubs.o
 .text._write_r
                0x00000000        0x4 C:/PULSAR/Projects/PPI/PoweredRail/Common_Module_SOC/CommonModule_Rev1_5_Unified/SoftConsole/m2s010_som_sb_MSS_CM3/m2s010_som_sb_MSS_CM3_hw_platform/Release/CMSIS/startup_gcc/newlib_stubs.o
 .text._sbrk    0x00000000       0x40 C:/PULSAR/Projects/PPI/PoweredRail/Common_Module_SOC/CommonModule_Rev1_5_Unified/SoftConsole/m2s010_som_sb_MSS_CM3/m2s010_som_sb_MSS_CM3_hw_platform/Release/CMSIS/startup_gcc/newlib_stubs.o
 .text._stat    0x00000000        0xc C:/PULSAR/Projects/PPI/PoweredRail/Common_Module_SOC/CommonModule_Rev1_5_Unified/SoftConsole/m2s010_som_sb_MSS_CM3/m2s010_som_sb_MSS_CM3_hw_platform/Release/CMSIS/startup_gcc/newlib_stubs.o
 .text._times   0x00000000        0x8 C:/PULSAR/Projects/PPI/PoweredRail/Common_Module_SOC/CommonModule_Rev1_5_Unified/SoftConsole/m2s010_som_sb_MSS_CM3/m2s010_som_sb_MSS_CM3_hw_platform/Release/CMSIS/startup_gcc/newlib_stubs.o
 .text._wait    0x00000000       0x10 C:/PULSAR/Projects/PPI/PoweredRail/Common_Module_SOC/CommonModule_Rev1_5_Unified/SoftConsole/m2s010_som_sb_MSS_CM3/m2s010_som_sb_MSS_CM3_hw_platform/Release/CMSIS/startup_gcc/newlib_stubs.o
 .text._unlink  0x00000000       0x10 C:/PULSAR/Projects/PPI/PoweredRail/Common_Module_SOC/CommonModule_Rev1_5_Unified/SoftConsole/m2s010_som_sb_MSS_CM3/m2s010_som_sb_MSS_CM3_hw_platform/Release/CMSIS/startup_gcc/newlib_stubs.o
 .text._link    0x00000000       0x10 C:/PULSAR/Projects/PPI/PoweredRail/Common_Module_SOC/CommonModule_Rev1_5_Unified/SoftConsole/m2s010_som_sb_MSS_CM3/m2s010_som_sb_MSS_CM3_hw_platform/Release/CMSIS/startup_gcc/newlib_stubs.o
 .text._kill    0x00000000       0x10 C:/PULSAR/Projects/PPI/PoweredRail/Common_Module_SOC/CommonModule_Rev1_5_Unified/SoftConsole/m2s010_som_sb_MSS_CM3/m2s010_som_sb_MSS_CM3_hw_platform/Release/CMSIS/startup_gcc/newlib_stubs.o
 .text._fork    0x00000000       0x10 C:/PULSAR/Projects/PPI/PoweredRail/Common_Module_SOC/CommonModule_Rev1_5_Unified/SoftConsole/m2s010_som_sb_MSS_CM3/m2s010_som_sb_MSS_CM3_hw_platform/Release/CMSIS/startup_gcc/newlib_stubs.o
 .text._execve  0x00000000       0x10 C:/PULSAR/Projects/PPI/PoweredRail/Common_Module_SOC/CommonModule_Rev1_5_Unified/SoftConsole/m2s010_som_sb_MSS_CM3/m2s010_som_sb_MSS_CM3_hw_platform/Release/CMSIS/startup_gcc/newlib_stubs.o
 .data.environ  0x00000000        0x4 C:/PULSAR/Projects/PPI/PoweredRail/Common_Module_SOC/CommonModule_Rev1_5_Unified/SoftConsole/m2s010_som_sb_MSS_CM3/m2s010_som_sb_MSS_CM3_hw_platform/Release/CMSIS/startup_gcc/newlib_stubs.o
 .bss.__env     0x00000000        0x4 C:/PULSAR/Projects/PPI/PoweredRail/Common_Module_SOC/CommonModule_Rev1_5_Unified/SoftConsole/m2s010_som_sb_MSS_CM3/m2s010_som_sb_MSS_CM3_hw_platform/Release/CMSIS/startup_gcc/newlib_stubs.o
 .bss.heap_end.2220
                0x00000000        0x4 C:/PULSAR/Projects/PPI/PoweredRail/Common_Module_SOC/CommonModule_Rev1_5_Unified/SoftConsole/m2s010_som_sb_MSS_CM3/m2s010_som_sb_MSS_CM3_hw_platform/Release/CMSIS/startup_gcc/newlib_stubs.o
 .text          0x00000000        0x0 C:\PULSAR\Projects\PPI\PoweredRail\Common_Module_SOC\CommonModule_Rev1_5_Unified\SoftConsole\m2s010_som_sb_MSS_CM3\m2s010_som_sb_MSS_CM3_hw_platform\Release\libm2s010_som_sb_MSS_CM3_hw_platform.a(mss_uart.o)
 .data          0x00000000        0x0 C:\PULSAR\Projects\PPI\PoweredRail\Common_Module_SOC\CommonModule_Rev1_5_Unified\SoftConsole\m2s010_som_sb_MSS_CM3\m2s010_som_sb_MSS_CM3_hw_platform\Release\libm2s010_som_sb_MSS_CM3_hw_platform.a(mss_uart.o)
 .bss           0x00000000        0x0 C:\PULSAR\Projects\PPI\PoweredRail\Common_Module_SOC\CommonModule_Rev1_5_Unified\SoftConsole\m2s010_som_sb_MSS_CM3\m2s010_som_sb_MSS_CM3_hw_platform\Release\libm2s010_som_sb_MSS_CM3_hw_platform.a(mss_uart.o)
 .text.MSS_UART_irq_tx
                0x00000000       0x94 C:\PULSAR\Projects\PPI\PoweredRail\Common_Module_SOC\CommonModule_Rev1_5_Unified\SoftConsole\m2s010_som_sb_MSS_CM3\m2s010_som_sb_MSS_CM3_hw_platform\Release\libm2s010_som_sb_MSS_CM3_hw_platform.a(mss_uart.o)
 .text.MSS_UART_tx_complete
                0x00000000       0x38 C:\PULSAR\Projects\PPI\PoweredRail\Common_Module_SOC\CommonModule_Rev1_5_Unified\SoftConsole\m2s010_som_sb_MSS_CM3\m2s010_som_sb_MSS_CM3_hw_platform\Release\libm2s010_som_sb_MSS_CM3_hw_platform.a(mss_uart.o)
 .text.MSS_UART_enable_irq
                0x00000000       0x6c C:\PULSAR\Projects\PPI\PoweredRail\Common_Module_SOC\CommonModule_Rev1_5_Unified\SoftConsole\m2s010_som_sb_MSS_CM3\m2s010_som_sb_MSS_CM3_hw_platform\Release\libm2s010_som_sb_MSS_CM3_hw_platform.a(mss_uart.o)
 .text.MSS_UART_disable_irq
                0x00000000       0x6c C:\PULSAR\Projects\PPI\PoweredRail\Common_Module_SOC\CommonModule_Rev1_5_Unified\SoftConsole\m2s010_som_sb_MSS_CM3\m2s010_som_sb_MSS_CM3_hw_platform\Release\libm2s010_som_sb_MSS_CM3_hw_platform.a(mss_uart.o)
 .text.MSS_UART_set_rx_handler
                0x00000000       0x84 C:\PULSAR\Projects\PPI\PoweredRail\Common_Module_SOC\CommonModule_Rev1_5_Unified\SoftConsole\m2s010_som_sb_MSS_CM3\m2s010_som_sb_MSS_CM3_hw_platform\Release\libm2s010_som_sb_MSS_CM3_hw_platform.a(mss_uart.o)
 .text.MSS_UART_set_loopback
                0x00000000       0x98 C:\PULSAR\Projects\PPI\PoweredRail\Common_Module_SOC\CommonModule_Rev1_5_Unified\SoftConsole\m2s010_som_sb_MSS_CM3\m2s010_som_sb_MSS_CM3_hw_platform\Release\libm2s010_som_sb_MSS_CM3_hw_platform.a(mss_uart.o)
 .text.MSS_UART_set_rxstatus_handler
                0x00000000       0x6c C:\PULSAR\Projects\PPI\PoweredRail\Common_Module_SOC\CommonModule_Rev1_5_Unified\SoftConsole\m2s010_som_sb_MSS_CM3\m2s010_som_sb_MSS_CM3_hw_platform\Release\libm2s010_som_sb_MSS_CM3_hw_platform.a(mss_uart.o)
 .text.MSS_UART_set_tx_handler
                0x00000000       0x78 C:\PULSAR\Projects\PPI\PoweredRail\Common_Module_SOC\CommonModule_Rev1_5_Unified\SoftConsole\m2s010_som_sb_MSS_CM3\m2s010_som_sb_MSS_CM3_hw_platform\Release\libm2s010_som_sb_MSS_CM3_hw_platform.a(mss_uart.o)
 .text.MSS_UART_set_modemstatus_handler
                0x00000000       0x6c C:\PULSAR\Projects\PPI\PoweredRail\Common_Module_SOC\CommonModule_Rev1_5_Unified\SoftConsole\m2s010_som_sb_MSS_CM3\m2s010_som_sb_MSS_CM3_hw_platform\Release\libm2s010_som_sb_MSS_CM3_hw_platform.a(mss_uart.o)
 .text.MSS_UART_fill_tx_fifo
                0x00000000       0x8c C:\PULSAR\Projects\PPI\PoweredRail\Common_Module_SOC\CommonModule_Rev1_5_Unified\SoftConsole\m2s010_som_sb_MSS_CM3\m2s010_som_sb_MSS_CM3_hw_platform\Release\libm2s010_som_sb_MSS_CM3_hw_platform.a(mss_uart.o)
 .text.MSS_UART_get_rx_status
                0x00000000       0x30 C:\PULSAR\Projects\PPI\PoweredRail\Common_Module_SOC\CommonModule_Rev1_5_Unified\SoftConsole\m2s010_som_sb_MSS_CM3\m2s010_som_sb_MSS_CM3_hw_platform\Release\libm2s010_som_sb_MSS_CM3_hw_platform.a(mss_uart.o)
 .text.MSS_UART_get_modem_status
                0x00000000       0x24 C:\PULSAR\Projects\PPI\PoweredRail\Common_Module_SOC\CommonModule_Rev1_5_Unified\SoftConsole\m2s010_som_sb_MSS_CM3\m2s010_som_sb_MSS_CM3_hw_platform\Release\libm2s010_som_sb_MSS_CM3_hw_platform.a(mss_uart.o)
 .text.MSS_UART_get_tx_status
                0x00000000       0x30 C:\PULSAR\Projects\PPI\PoweredRail\Common_Module_SOC\CommonModule_Rev1_5_Unified\SoftConsole\m2s010_som_sb_MSS_CM3\m2s010_som_sb_MSS_CM3_hw_platform\Release\libm2s010_som_sb_MSS_CM3_hw_platform.a(mss_uart.o)
 .text.MSS_UART_set_break
                0x00000000       0x38 C:\PULSAR\Projects\PPI\PoweredRail\Common_Module_SOC\CommonModule_Rev1_5_Unified\SoftConsole\m2s010_som_sb_MSS_CM3\m2s010_som_sb_MSS_CM3_hw_platform\Release\libm2s010_som_sb_MSS_CM3_hw_platform.a(mss_uart.o)
 .text.MSS_UART_clear_break
                0x00000000       0x38 C:\PULSAR\Projects\PPI\PoweredRail\Common_Module_SOC\CommonModule_Rev1_5_Unified\SoftConsole\m2s010_som_sb_MSS_CM3\m2s010_som_sb_MSS_CM3_hw_platform\Release\libm2s010_som_sb_MSS_CM3_hw_platform.a(mss_uart.o)
 .text.MSS_UART_set_pidpei_handler
                0x00000000       0x6c C:\PULSAR\Projects\PPI\PoweredRail\Common_Module_SOC\CommonModule_Rev1_5_Unified\SoftConsole\m2s010_som_sb_MSS_CM3\m2s010_som_sb_MSS_CM3_hw_platform\Release\libm2s010_som_sb_MSS_CM3_hw_platform.a(mss_uart.o)
 .text.MSS_UART_set_linbreak_handler
                0x00000000       0x6c C:\PULSAR\Projects\PPI\PoweredRail\Common_Module_SOC\CommonModule_Rev1_5_Unified\SoftConsole\m2s010_som_sb_MSS_CM3\m2s010_som_sb_MSS_CM3_hw_platform\Release\libm2s010_som_sb_MSS_CM3_hw_platform.a(mss_uart.o)
 .text.MSS_UART_set_linsync_handler
                0x00000000       0x6c C:\PULSAR\Projects\PPI\PoweredRail\Common_Module_SOC\CommonModule_Rev1_5_Unified\SoftConsole\m2s010_som_sb_MSS_CM3\m2s010_som_sb_MSS_CM3_hw_platform\Release\libm2s010_som_sb_MSS_CM3_hw_platform.a(mss_uart.o)
 .text.MSS_UART_set_nack_handler
                0x00000000       0x68 C:\PULSAR\Projects\PPI\PoweredRail\Common_Module_SOC\CommonModule_Rev1_5_Unified\SoftConsole\m2s010_som_sb_MSS_CM3\m2s010_som_sb_MSS_CM3_hw_platform\Release\libm2s010_som_sb_MSS_CM3_hw_platform.a(mss_uart.o)
 .text.MSS_UART_set_rx_timeout_handler
                0x00000000       0x68 C:\PULSAR\Projects\PPI\PoweredRail\Common_Module_SOC\CommonModule_Rev1_5_Unified\SoftConsole\m2s010_som_sb_MSS_CM3\m2s010_som_sb_MSS_CM3_hw_platform\Release\libm2s010_som_sb_MSS_CM3_hw_platform.a(mss_uart.o)
 .text.MSS_UART_enable_half_duplex
                0x00000000       0x38 C:\PULSAR\Projects\PPI\PoweredRail\Common_Module_SOC\CommonModule_Rev1_5_Unified\SoftConsole\m2s010_som_sb_MSS_CM3\m2s010_som_sb_MSS_CM3_hw_platform\Release\libm2s010_som_sb_MSS_CM3_hw_platform.a(mss_uart.o)
 .text.MSS_UART_disable_half_duplex
                0x00000000       0x38 C:\PULSAR\Projects\PPI\PoweredRail\Common_Module_SOC\CommonModule_Rev1_5_Unified\SoftConsole\m2s010_som_sb_MSS_CM3\m2s010_som_sb_MSS_CM3_hw_platform\Release\libm2s010_som_sb_MSS_CM3_hw_platform.a(mss_uart.o)
 .text.MSS_UART_set_rx_endian
                0x00000000       0x58 C:\PULSAR\Projects\PPI\PoweredRail\Common_Module_SOC\CommonModule_Rev1_5_Unified\SoftConsole\m2s010_som_sb_MSS_CM3\m2s010_som_sb_MSS_CM3_hw_platform\Release\libm2s010_som_sb_MSS_CM3_hw_platform.a(mss_uart.o)
 .text.MSS_UART_set_tx_endian
                0x00000000       0x5c C:\PULSAR\Projects\PPI\PoweredRail\Common_Module_SOC\CommonModule_Rev1_5_Unified\SoftConsole\m2s010_som_sb_MSS_CM3\m2s010_som_sb_MSS_CM3_hw_platform\Release\libm2s010_som_sb_MSS_CM3_hw_platform.a(mss_uart.o)
 .text.MSS_UART_set_filter_length
                0x00000000       0x28 C:\PULSAR\Projects\PPI\PoweredRail\Common_Module_SOC\CommonModule_Rev1_5_Unified\SoftConsole\m2s010_som_sb_MSS_CM3\m2s010_som_sb_MSS_CM3_hw_platform\Release\libm2s010_som_sb_MSS_CM3_hw_platform.a(mss_uart.o)
 .text.MSS_UART_enable_afm
                0x00000000       0x38 C:\PULSAR\Projects\PPI\PoweredRail\Common_Module_SOC\CommonModule_Rev1_5_Unified\SoftConsole\m2s010_som_sb_MSS_CM3\m2s010_som_sb_MSS_CM3_hw_platform\Release\libm2s010_som_sb_MSS_CM3_hw_platform.a(mss_uart.o)
 .text.MSS_UART_disable_afm
                0x00000000       0x38 C:\PULSAR\Projects\PPI\PoweredRail\Common_Module_SOC\CommonModule_Rev1_5_Unified\SoftConsole\m2s010_som_sb_MSS_CM3\m2s010_som_sb_MSS_CM3_hw_platform\Release\libm2s010_som_sb_MSS_CM3_hw_platform.a(mss_uart.o)
 .text.MSS_UART_enable_afclear
                0x00000000       0x38 C:\PULSAR\Projects\PPI\PoweredRail\Common_Module_SOC\CommonModule_Rev1_5_Unified\SoftConsole\m2s010_som_sb_MSS_CM3\m2s010_som_sb_MSS_CM3_hw_platform\Release\libm2s010_som_sb_MSS_CM3_hw_platform.a(mss_uart.o)
 .text.MSS_UART_disable_afclear
                0x00000000       0x38 C:\PULSAR\Projects\PPI\PoweredRail\Common_Module_SOC\CommonModule_Rev1_5_Unified\SoftConsole\m2s010_som_sb_MSS_CM3\m2s010_som_sb_MSS_CM3_hw_platform\Release\libm2s010_som_sb_MSS_CM3_hw_platform.a(mss_uart.o)
 .text.MSS_UART_enable_rx_timeout
                0x00000000       0x40 C:\PULSAR\Projects\PPI\PoweredRail\Common_Module_SOC\CommonModule_Rev1_5_Unified\SoftConsole\m2s010_som_sb_MSS_CM3\m2s010_som_sb_MSS_CM3_hw_platform\Release\libm2s010_som_sb_MSS_CM3_hw_platform.a(mss_uart.o)
 .text.MSS_UART_disable_rx_timeout
                0x00000000       0x38 C:\PULSAR\Projects\PPI\PoweredRail\Common_Module_SOC\CommonModule_Rev1_5_Unified\SoftConsole\m2s010_som_sb_MSS_CM3\m2s010_som_sb_MSS_CM3_hw_platform\Release\libm2s010_som_sb_MSS_CM3_hw_platform.a(mss_uart.o)
 .text.MSS_UART_enable_tx_time_guard
                0x00000000       0x40 C:\PULSAR\Projects\PPI\PoweredRail\Common_Module_SOC\CommonModule_Rev1_5_Unified\SoftConsole\m2s010_som_sb_MSS_CM3\m2s010_som_sb_MSS_CM3_hw_platform\Release\libm2s010_som_sb_MSS_CM3_hw_platform.a(mss_uart.o)
 .text.MSS_UART_disable_tx_time_guard
                0x00000000       0x38 C:\PULSAR\Projects\PPI\PoweredRail\Common_Module_SOC\CommonModule_Rev1_5_Unified\SoftConsole\m2s010_som_sb_MSS_CM3\m2s010_som_sb_MSS_CM3_hw_platform\Release\libm2s010_som_sb_MSS_CM3_hw_platform.a(mss_uart.o)
 .text.MSS_UART_set_address
                0x00000000       0x24 C:\PULSAR\Projects\PPI\PoweredRail\Common_Module_SOC\CommonModule_Rev1_5_Unified\SoftConsole\m2s010_som_sb_MSS_CM3\m2s010_som_sb_MSS_CM3_hw_platform\Release\libm2s010_som_sb_MSS_CM3_hw_platform.a(mss_uart.o)
 .text.MSS_UART_set_ready_mode
                0x00000000       0x5c C:\PULSAR\Projects\PPI\PoweredRail\Common_Module_SOC\CommonModule_Rev1_5_Unified\SoftConsole\m2s010_som_sb_MSS_CM3\m2s010_som_sb_MSS_CM3_hw_platform\Release\libm2s010_som_sb_MSS_CM3_hw_platform.a(mss_uart.o)
 .text.MSS_UART_set_usart_mode
                0x00000000       0x38 C:\PULSAR\Projects\PPI\PoweredRail\Common_Module_SOC\CommonModule_Rev1_5_Unified\SoftConsole\m2s010_som_sb_MSS_CM3\m2s010_som_sb_MSS_CM3_hw_platform\Release\libm2s010_som_sb_MSS_CM3_hw_platform.a(mss_uart.o)
 .text.MSS_UART_smartcard_init
                0x00000000       0x6c C:\PULSAR\Projects\PPI\PoweredRail\Common_Module_SOC\CommonModule_Rev1_5_Unified\SoftConsole\m2s010_som_sb_MSS_CM3\m2s010_som_sb_MSS_CM3_hw_platform\Release\libm2s010_som_sb_MSS_CM3_hw_platform.a(mss_uart.o)
 .text.MSS_UART_irda_init
                0x00000000       0xf8 C:\PULSAR\Projects\PPI\PoweredRail\Common_Module_SOC\CommonModule_Rev1_5_Unified\SoftConsole\m2s010_som_sb_MSS_CM3\m2s010_som_sb_MSS_CM3_hw_platform\Release\libm2s010_som_sb_MSS_CM3_hw_platform.a(mss_uart.o)
 .text.MSS_UART_lin_init
                0x00000000       0x58 C:\PULSAR\Projects\PPI\PoweredRail\Common_Module_SOC\CommonModule_Rev1_5_Unified\SoftConsole\m2s010_som_sb_MSS_CM3\m2s010_som_sb_MSS_CM3_hw_platform\Release\libm2s010_som_sb_MSS_CM3_hw_platform.a(mss_uart.o)
 .text          0x00000000        0x0 C:\PULSAR\Projects\PPI\PoweredRail\Common_Module_SOC\CommonModule_Rev1_5_Unified\SoftConsole\m2s010_som_sb_MSS_CM3\m2s010_som_sb_MSS_CM3_hw_platform\Release\libm2s010_som_sb_MSS_CM3_hw_platform.a(mss_gpio.o)
 .data          0x00000000        0x0 C:\PULSAR\Projects\PPI\PoweredRail\Common_Module_SOC\CommonModule_Rev1_5_Unified\SoftConsole\m2s010_som_sb_MSS_CM3\m2s010_som_sb_MSS_CM3_hw_platform\Release\libm2s010_som_sb_MSS_CM3_hw_platform.a(mss_gpio.o)
 .bss           0x00000000        0x0 C:\PULSAR\Projects\PPI\PoweredRail\Common_Module_SOC\CommonModule_Rev1_5_Unified\SoftConsole\m2s010_som_sb_MSS_CM3\m2s010_som_sb_MSS_CM3_hw_platform\Release\libm2s010_som_sb_MSS_CM3_hw_platform.a(mss_gpio.o)
 .text.MSS_GPIO_set_output
                0x00000000       0x2c C:\PULSAR\Projects\PPI\PoweredRail\Common_Module_SOC\CommonModule_Rev1_5_Unified\SoftConsole\m2s010_som_sb_MSS_CM3\m2s010_som_sb_MSS_CM3_hw_platform\Release\libm2s010_som_sb_MSS_CM3_hw_platform.a(mss_gpio.o)
 .text.MSS_GPIO_drive_inout
                0x00000000       0x84 C:\PULSAR\Projects\PPI\PoweredRail\Common_Module_SOC\CommonModule_Rev1_5_Unified\SoftConsole\m2s010_som_sb_MSS_CM3\m2s010_som_sb_MSS_CM3_hw_platform\Release\libm2s010_som_sb_MSS_CM3_hw_platform.a(mss_gpio.o)
 .text.MSS_GPIO_enable_irq
                0x00000000       0x44 C:\PULSAR\Projects\PPI\PoweredRail\Common_Module_SOC\CommonModule_Rev1_5_Unified\SoftConsole\m2s010_som_sb_MSS_CM3\m2s010_som_sb_MSS_CM3_hw_platform\Release\libm2s010_som_sb_MSS_CM3_hw_platform.a(mss_gpio.o)
 .text.MSS_GPIO_disable_irq
                0x00000000       0x1c C:\PULSAR\Projects\PPI\PoweredRail\Common_Module_SOC\CommonModule_Rev1_5_Unified\SoftConsole\m2s010_som_sb_MSS_CM3\m2s010_som_sb_MSS_CM3_hw_platform\Release\libm2s010_som_sb_MSS_CM3_hw_platform.a(mss_gpio.o)
 .text.MSS_GPIO_clear_irq
                0x00000000       0x18 C:\PULSAR\Projects\PPI\PoweredRail\Common_Module_SOC\CommonModule_Rev1_5_Unified\SoftConsole\m2s010_som_sb_MSS_CM3\m2s010_som_sb_MSS_CM3_hw_platform\Release\libm2s010_som_sb_MSS_CM3_hw_platform.a(mss_gpio.o)
 .text          0x00000000        0x0 C:\PULSAR\Projects\PPI\PoweredRail\Common_Module_SOC\CommonModule_Rev1_5_Unified\SoftConsole\m2s010_som_sb_MSS_CM3\m2s010_som_sb_MSS_CM3_hw_platform\Release\libm2s010_som_sb_MSS_CM3_hw_platform.a(system_m2sxxx.o)
 .data          0x00000000        0x0 C:\PULSAR\Projects\PPI\PoweredRail\Common_Module_SOC\CommonModule_Rev1_5_Unified\SoftConsole\m2s010_som_sb_MSS_CM3\m2s010_som_sb_MSS_CM3_hw_platform\Release\libm2s010_som_sb_MSS_CM3_hw_platform.a(system_m2sxxx.o)
 .bss           0x00000000        0x0 C:\PULSAR\Projects\PPI\PoweredRail\Common_Module_SOC\CommonModule_Rev1_5_Unified\SoftConsole\m2s010_som_sb_MSS_CM3\m2s010_som_sb_MSS_CM3_hw_platform\Release\libm2s010_som_sb_MSS_CM3_hw_platform.a(system_m2sxxx.o)
 .text          0x00000000        0xc c:/microsemi/libero_v11.5/softconsole/sourcery-g++/bin/../lib/gcc/arm-none-eabi/4.4.1/../../../../arm-none-eabi/lib/thumb2\libc.a(lib_a-errno.o)
 .data          0x00000000        0x0 c:/microsemi/libero_v11.5/softconsole/sourcery-g++/bin/../lib/gcc/arm-none-eabi/4.4.1/../../../../arm-none-eabi/lib/thumb2\libc.a(lib_a-errno.o)
 .bss           0x00000000        0x0 c:/microsemi/libero_v11.5/softconsole/sourcery-g++/bin/../lib/gcc/arm-none-eabi/4.4.1/../../../../arm-none-eabi/lib/thumb2\libc.a(lib_a-errno.o)
 .text          0x00000000        0x0 c:/microsemi/libero_v11.5/softconsole/sourcery-g++/bin/../lib/gcc/arm-none-eabi/4.4.1/../../../../arm-none-eabi/lib/thumb2\libc.a(lib_a-impure.o)
 .data          0x00000000       0xf4 c:/microsemi/libero_v11.5/softconsole/sourcery-g++/bin/../lib/gcc/arm-none-eabi/4.4.1/../../../../arm-none-eabi/lib/thumb2\libc.a(lib_a-impure.o)
 .bss           0x00000000        0x0 c:/microsemi/libero_v11.5/softconsole/sourcery-g++/bin/../lib/gcc/arm-none-eabi/4.4.1/../../../../arm-none-eabi/lib/thumb2\libc.a(lib_a-impure.o)
 .rodata        0x00000000        0x4 c:/microsemi/libero_v11.5/softconsole/sourcery-g++/bin/../lib/gcc/arm-none-eabi/4.4.1/../../../../arm-none-eabi/lib/thumb2\libc.a(lib_a-impure.o)
 .rodata.str1.4
                0x00000000        0x4 c:/microsemi/libero_v11.5/softconsole/sourcery-g++/bin/../lib/gcc/arm-none-eabi/4.4.1/../../../../arm-none-eabi/lib/thumb2\libc.a(lib_a-impure.o)
 .data          0x00000000        0x0 c:/microsemi/libero_v11.5/softconsole/sourcery-g++/bin/../lib/gcc/arm-none-eabi/4.4.1/../../../../arm-none-eabi/lib/thumb2\libc.a(lib_a-init.o)
 .bss           0x00000000        0x0 c:/microsemi/libero_v11.5/softconsole/sourcery-g++/bin/../lib/gcc/arm-none-eabi/4.4.1/../../../../arm-none-eabi/lib/thumb2\libc.a(lib_a-init.o)
 .text          0x00000000        0x0 c:/microsemi/libero_v11.5/softconsole/sourcery-g++/bin/../lib/gcc/arm-none-eabi/4.4.1/thumb2/crtend.o
 .data          0x00000000        0x0 c:/microsemi/libero_v11.5/softconsole/sourcery-g++/bin/../lib/gcc/arm-none-eabi/4.4.1/thumb2/crtend.o
 .bss           0x00000000        0x0 c:/microsemi/libero_v11.5/softconsole/sourcery-g++/bin/../lib/gcc/arm-none-eabi/4.4.1/thumb2/crtend.o
 .text          0x00000000        0x0 c:/microsemi/libero_v11.5/softconsole/sourcery-g++/bin/../lib/gcc/arm-none-eabi/4.4.1/thumb2/crtn.o
 .data          0x00000000        0x0 c:/microsemi/libero_v11.5/softconsole/sourcery-g++/bin/../lib/gcc/arm-none-eabi/4.4.1/thumb2/crtn.o
 .bss           0x00000000        0x0 c:/microsemi/libero_v11.5/softconsole/sourcery-g++/bin/../lib/gcc/arm-none-eabi/4.4.1/thumb2/crtn.o

Memory Configuration

Name             Origin             Length             Attributes
rom              0x00000000         0x00040000         xr
ram              0x20000000         0x00010000         xrw
*default*        0x00000000         0xffffffff

Linker script and memory map

LOAD c:/microsemi/libero_v11.5/softconsole/sourcery-g++/bin/../lib/gcc/arm-none-eabi/4.4.1/thumb2/crti.o
LOAD c:/microsemi/libero_v11.5/softconsole/sourcery-g++/bin/../lib/gcc/arm-none-eabi/4.4.1/thumb2/crtbegin.o
LOAD ./main.o
LOAD C:/PULSAR/Projects/PPI/PoweredRail/Common_Module_SOC/CommonModule_Rev1_5_Unified/SoftConsole/m2s010_som_sb_MSS_CM3/m2s010_som_sb_MSS_CM3_hw_platform/Release/CMSIS/startup_gcc/startup_m2sxxx.o
LOAD C:/PULSAR/Projects/PPI/PoweredRail/Common_Module_SOC/CommonModule_Rev1_5_Unified/SoftConsole/m2s010_som_sb_MSS_CM3/m2s010_som_sb_MSS_CM3_hw_platform/Release/CMSIS/startup_gcc/newlib_stubs.o
LOAD C:\PULSAR\Projects\PPI\PoweredRail\Common_Module_SOC\CommonModule_Rev1_5_Unified\SoftConsole\m2s010_som_sb_MSS_CM3\m2s010_som_sb_MSS_CM3_hw_platform\Release\libm2s010_som_sb_MSS_CM3_hw_platform.a
START GROUP
LOAD c:/microsemi/libero_v11.5/softconsole/sourcery-g++/bin/../lib/gcc/arm-none-eabi/4.4.1/thumb2\libgcc.a
LOAD c:/microsemi/libero_v11.5/softconsole/sourcery-g++/bin/../lib/gcc/arm-none-eabi/4.4.1/../../../../arm-none-eabi/lib/thumb2\libc.a
LOAD c:/microsemi/libero_v11.5/softconsole/sourcery-g++/bin/../lib/gcc/arm-none-eabi/4.4.1/thumb2\libgcc.a
END GROUP
LOAD c:/microsemi/libero_v11.5/softconsole/sourcery-g++/bin/../lib/gcc/arm-none-eabi/4.4.1/thumb2/crtend.o
LOAD c:/microsemi/libero_v11.5/softconsole/sourcery-g++/bin/../lib/gcc/arm-none-eabi/4.4.1/thumb2/crtn.o
START GROUP
LOAD c:/microsemi/libero_v11.5/softconsole/sourcery-g++/bin/../lib/gcc/arm-none-eabi/4.4.1/../../../../arm-none-eabi/lib/thumb2\libc.a
LOAD c:/microsemi/libero_v11.5/softconsole/sourcery-g++/bin/../lib/gcc/arm-none-eabi/4.4.1/thumb2\libgcc.a
LOAD c:/microsemi/libero_v11.5/softconsole/sourcery-g++/bin/../lib/gcc/arm-none-eabi/4.4.1/../../../../arm-none-eabi/lib/thumb2\libm.a
END GROUP
                0x00000000                __DYNAMIC = 0x0
                0x20000000                RAM_START_ADDRESS = 0x20000000
                0x00010000                RAM_SIZE = 0x10000
                0x00001000                MAIN_STACK_SIZE = 0x1000
                0x00001000                MIN_SIZE_HEAP = 0x1000
                0x20010000                PROVIDE (__main_stack_start, (RAM_START_ADDRESS + RAM_SIZE))
                0x2000f000                PROVIDE (__process_stack_start, (__main_stack_start - MAIN_STACK_SIZE))
                0x20010000                PROVIDE (_estack, __main_stack_start)
                0x00000000                PROVIDE (__mirrored_nvm, 0x0)
                0x00000000                PROVIDE (__smartfusion2_memory_remap, 0x0)

.vector_table   0x00000000      0x190
                0x00000000                __vector_table_load = LOADADDR (.vector_table)
                0x00000000                __vector_table_start = .
                0x00000000                __vector_table_vma_base_address = .
 *(.isr_vector)
 .isr_vector    0x00000000      0x190 C:/PULSAR/Projects/PPI/PoweredRail/Common_Module_SOC/CommonModule_Rev1_5_Unified/SoftConsole/m2s010_som_sb_MSS_CM3/m2s010_som_sb_MSS_CM3_hw_platform/Release/CMSIS/startup_gcc/startup_m2sxxx.o
                0x00000000                g_pfnVectors
                0x00000190                . = ALIGN (0x10)
                0x00000190                _evector_table = .

.boot_code      0x00000190      0x330
 *(.boot_code)
 .boot_code     0x00000190      0x330 C:/PULSAR/Projects/PPI/PoweredRail/Common_Module_SOC/CommonModule_Rev1_5_Unified/SoftConsole/m2s010_som_sb_MSS_CM3/m2s010_som_sb_MSS_CM3_hw_platform/Release/CMSIS/startup_gcc/startup_m2sxxx.o
                0x00000190                Reset_Handler
                0x0000037e                NMI_Handler
                0x00000380                HardFault_Handler
                0x00000382                MemManage_Handler
                0x00000384                BusFault_Handler
                0x00000386                UsageFault_Handler
                0x00000388                SVC_Handler
                0x0000038a                DebugMon_Handler
                0x0000038c                PendSV_Handler
                0x0000038e                SysTick_Handler
                0x00000390                WdogWakeup_IRQHandler
                0x00000392                RTC_Wakeup_IRQHandler
                0x00000394                SPI0_IRQHandler
                0x00000396                SPI1_IRQHandler
                0x00000398                I2C0_IRQHandler
                0x0000039a                I2C0_SMBAlert_IRQHandler
                0x0000039c                I2C0_SMBus_IRQHandler
                0x0000039e                I2C1_IRQHandler
                0x000003a0                I2C1_SMBAlert_IRQHandler
                0x000003a2                I2C1_SMBus_IRQHandler
                0x000003a8                EthernetMAC_IRQHandler
                0x000003aa                DMA_IRQHandler
                0x000003ac                Timer1_IRQHandler
                0x000003ae                Timer2_IRQHandler
                0x000003b0                CAN_IRQHandler
                0x000003b2                ENVM0_IRQHandler
                0x000003b4                ENVM1_IRQHandler
                0x000003b6                ComBlk_IRQHandler
                0x000003b8                USB_IRQHandler
                0x000003ba                USB_DMA_IRQHandler
                0x000003bc                PLL_Lock_IRQHandler
                0x000003be                PLL_LockLost_IRQHandler
                0x000003c0                CommSwitchError_IRQHandler
                0x000003c2                CacheError_IRQHandler
                0x000003c4                DDR_IRQHandler
                0x000003c6                HPDMA_Complete_IRQHandler
                0x000003c8                HPDMA_Error_IRQHandler
                0x000003ca                ECC_Error_IRQHandler
                0x000003cc                MDDR_IOCalib_IRQHandler
                0x000003ce                FAB_PLL_Lock_IRQHandler
                0x000003d0                FAB_PLL_LockLost_IRQHandler
                0x000003d2                FIC64_IRQHandler
                0x000003d4                FabricIrq0_IRQHandler
                0x000003d6                FabricIrq1_IRQHandler
                0x000003d8                FabricIrq2_IRQHandler
                0x000003da                FabricIrq3_IRQHandler
                0x000003dc                FabricIrq4_IRQHandler
                0x000003de                FabricIrq5_IRQHandler
                0x000003e0                FabricIrq6_IRQHandler
                0x000003e2                FabricIrq7_IRQHandler
                0x000003e4                FabricIrq8_IRQHandler
                0x000003e6                FabricIrq9_IRQHandler
                0x000003e8                FabricIrq10_IRQHandler
                0x000003ea                FabricIrq11_IRQHandler
                0x000003ec                FabricIrq12_IRQHandler
                0x000003ee                FabricIrq13_IRQHandler
                0x000003f0                FabricIrq14_IRQHandler
                0x000003f2                FabricIrq15_IRQHandler
                0x000003f4                GPIO0_IRQHandler
                0x000003f6                GPIO1_IRQHandler
                0x000003f8                GPIO2_IRQHandler
                0x000003fa                GPIO3_IRQHandler
                0x000003fc                GPIO4_IRQHandler
                0x000003fe                GPIO5_IRQHandler
                0x00000400                GPIO6_IRQHandler
                0x00000402                GPIO7_IRQHandler
                0x00000404                GPIO8_IRQHandler
                0x00000406                GPIO9_IRQHandler
                0x00000408                GPIO10_IRQHandler
                0x0000040a                GPIO11_IRQHandler
                0x0000040c                GPIO12_IRQHandler
                0x0000040e                GPIO13_IRQHandler
                0x00000410                GPIO14_IRQHandler
                0x00000412                GPIO15_IRQHandler
                0x00000414                GPIO16_IRQHandler
                0x00000416                GPIO17_IRQHandler
                0x00000418                GPIO18_IRQHandler
                0x0000041a                GPIO19_IRQHandler
                0x0000041c                GPIO20_IRQHandler
                0x0000041e                GPIO21_IRQHandler
                0x00000420                GPIO22_IRQHandler
                0x00000422                GPIO23_IRQHandler
                0x00000424                GPIO24_IRQHandler
                0x00000426                GPIO25_IRQHandler
                0x00000428                GPIO26_IRQHandler
                0x0000042a                GPIO27_IRQHandler
                0x0000042c                GPIO28_IRQHandler
                0x0000042e                GPIO29_IRQHandler
                0x00000430                GPIO30_IRQHandler
                0x00000432                GPIO31_IRQHandler
                0x00000434                mscc_post_hw_cfg_init
                0x000004c0                . = ALIGN (0x10)

.text           0x000004c0     0x31b0
 CREATE_OBJECT_SYMBOLS
                0x000004c0                __text_load = LOADADDR (.text)
                0x000004c0                __text_start = .
 *(.text .text.* .gnu.linkonce.t.*)
 .text          0x000004c0       0x30 c:/microsemi/libero_v11.5/softconsole/sourcery-g++/bin/../lib/gcc/arm-none-eabi/4.4.1/thumb2/crtbegin.o
 .text.T.38     0x000004f0      0x17c ./main.o
 .text.print_registers
                0x0000066c      0x2b8 ./main.o
                0x0000066c                print_registers
 .text.b2b_single_rx_message_check
                0x00000924      0x6e8 ./main.o
                0x00000924                b2b_single_rx_message_check
 .text.main     0x0000100c     0x1208 ./main.o
                0x0000100c                main
 .text.MSS_UART_polled_tx
                0x00002214       0xac C:\PULSAR\Projects\PPI\PoweredRail\Common_Module_SOC\CommonModule_Rev1_5_Unified\SoftConsole\m2s010_som_sb_MSS_CM3\m2s010_som_sb_MSS_CM3_hw_platform\Release\libm2s010_som_sb_MSS_CM3_hw_platform.a(mss_uart.o)
                0x00002214                MSS_UART_polled_tx
 .text.MSS_UART_polled_tx_string
                0x000022c0       0x7c C:\PULSAR\Projects\PPI\PoweredRail\Common_Module_SOC\CommonModule_Rev1_5_Unified\SoftConsole\m2s010_som_sb_MSS_CM3\m2s010_som_sb_MSS_CM3_hw_platform\Release\libm2s010_som_sb_MSS_CM3_hw_platform.a(mss_uart.o)
                0x000022c0                MSS_UART_polled_tx_string
 .text.MSS_UART_get_rx
                0x0000233c       0x74 C:\PULSAR\Projects\PPI\PoweredRail\Common_Module_SOC\CommonModule_Rev1_5_Unified\SoftConsole\m2s010_som_sb_MSS_CM3\m2s010_som_sb_MSS_CM3_hw_platform\Release\libm2s010_som_sb_MSS_CM3_hw_platform.a(mss_uart.o)
                0x0000233c                MSS_UART_get_rx
 .text.MSS_UART_isr
                0x000023b0      0x15c C:\PULSAR\Projects\PPI\PoweredRail\Common_Module_SOC\CommonModule_Rev1_5_Unified\SoftConsole\m2s010_som_sb_MSS_CM3\m2s010_som_sb_MSS_CM3_hw_platform\Release\libm2s010_som_sb_MSS_CM3_hw_platform.a(mss_uart.o)
 .text.UART1_IRQHandler
                0x0000250c       0x20 C:\PULSAR\Projects\PPI\PoweredRail\Common_Module_SOC\CommonModule_Rev1_5_Unified\SoftConsole\m2s010_som_sb_MSS_CM3\m2s010_som_sb_MSS_CM3_hw_platform\Release\libm2s010_som_sb_MSS_CM3_hw_platform.a(mss_uart.o)
                0x0000250c                UART1_IRQHandler
 .text.UART0_IRQHandler
                0x0000252c       0x20 C:\PULSAR\Projects\PPI\PoweredRail\Common_Module_SOC\CommonModule_Rev1_5_Unified\SoftConsole\m2s010_som_sb_MSS_CM3\m2s010_som_sb_MSS_CM3_hw_platform\Release\libm2s010_som_sb_MSS_CM3_hw_platform.a(mss_uart.o)
                0x0000252c                UART0_IRQHandler
 .text.default_tx_handler
                0x0000254c       0xc0 C:\PULSAR\Projects\PPI\PoweredRail\Common_Module_SOC\CommonModule_Rev1_5_Unified\SoftConsole\m2s010_som_sb_MSS_CM3\m2s010_som_sb_MSS_CM3_hw_platform\Release\libm2s010_som_sb_MSS_CM3_hw_platform.a(mss_uart.o)
 .text.global_init
                0x0000260c      0x2fc C:\PULSAR\Projects\PPI\PoweredRail\Common_Module_SOC\CommonModule_Rev1_5_Unified\SoftConsole\m2s010_som_sb_MSS_CM3\m2s010_som_sb_MSS_CM3_hw_platform\Release\libm2s010_som_sb_MSS_CM3_hw_platform.a(mss_uart.o)
 .text.MSS_UART_init
                0x00002908       0x60 C:\PULSAR\Projects\PPI\PoweredRail\Common_Module_SOC\CommonModule_Rev1_5_Unified\SoftConsole\m2s010_som_sb_MSS_CM3\m2s010_som_sb_MSS_CM3_hw_platform\Release\libm2s010_som_sb_MSS_CM3_hw_platform.a(mss_uart.o)
                0x00002908                MSS_UART_init
 .text.MSS_GPIO_init
                0x00002968       0x98 C:\PULSAR\Projects\PPI\PoweredRail\Common_Module_SOC\CommonModule_Rev1_5_Unified\SoftConsole\m2s010_som_sb_MSS_CM3\m2s010_som_sb_MSS_CM3_hw_platform\Release\libm2s010_som_sb_MSS_CM3_hw_platform.a(mss_gpio.o)
                0x00002968                MSS_GPIO_init
 .text.MSS_GPIO_config
                0x00002a00       0x14 C:\PULSAR\Projects\PPI\PoweredRail\Common_Module_SOC\CommonModule_Rev1_5_Unified\SoftConsole\m2s010_som_sb_MSS_CM3\m2s010_som_sb_MSS_CM3_hw_platform\Release\libm2s010_som_sb_MSS_CM3_hw_platform.a(mss_gpio.o)
                0x00002a00                MSS_GPIO_config
 .text.SystemCoreClockUpdate
                0x00002a14      0x194 C:\PULSAR\Projects\PPI\PoweredRail\Common_Module_SOC\CommonModule_Rev1_5_Unified\SoftConsole\m2s010_som_sb_MSS_CM3\m2s010_som_sb_MSS_CM3_hw_platform\Release\libm2s010_som_sb_MSS_CM3_hw_platform.a(system_m2sxxx.o)
                0x00002a14                SystemCoreClockUpdate
 .text.SystemInit
                0x00002ba8       0x40 C:\PULSAR\Projects\PPI\PoweredRail\Common_Module_SOC\CommonModule_Rev1_5_Unified\SoftConsole\m2s010_som_sb_MSS_CM3\m2s010_som_sb_MSS_CM3_hw_platform\Release\libm2s010_som_sb_MSS_CM3_hw_platform.a(system_m2sxxx.o)
                0x00002ba8                SystemInit
 .text          0x00002be8       0x50 c:/microsemi/libero_v11.5/softconsole/sourcery-g++/bin/../lib/gcc/arm-none-eabi/4.4.1/../../../../arm-none-eabi/lib/thumb2\libc.a(lib_a-init.o)
                0x00002be8                __libc_init_array
 *(.plt)
 *(.gnu.warning)
 *(.glue_7t)
 .glue_7t       0x00000000        0x0 linker stubs
 *(.glue_7)
 .glue_7        0x00000000        0x0 linker stubs
 *(.vfp11_veneer)
 .vfp11_veneer  0x00000000        0x0 linker stubs
                0x00002c38                . = ALIGN (0x4)
 *crtbegin.o(.ctors)
 *(EXCLUDE_FILE(*crtend.o) .ctors)
 *(SORT(.ctors.*))
 *crtend.o(.ctors)
 *crtbegin.o(.dtors)
 *(EXCLUDE_FILE(*crtend.o) .dtors)
 *(SORT(.dtors.*))
 *crtend.o(.dtors)
 *(.rodata .rodata.* .gnu.linkonce.r.*)
 .rodata.str1.4
                0x00002c38      0x970 ./main.o
 .rodata.g_gpio_irqn_lut
                0x000035a8       0x20 C:\PULSAR\Projects\PPI\PoweredRail\Common_Module_SOC\CommonModule_Rev1_5_Unified\SoftConsole\m2s010_som_sb_MSS_CM3\m2s010_som_sb_MSS_CM3_hw_platform\Release\libm2s010_som_sb_MSS_CM3_hw_platform.a(mss_gpio.o)
 .rodata.g_config_reg_lut
                0x000035c8       0x80 C:\PULSAR\Projects\PPI\PoweredRail\Common_Module_SOC\CommonModule_Rev1_5_Unified\SoftConsole\m2s010_som_sb_MSS_CM3\m2s010_som_sb_MSS_CM3_hw_platform\Release\libm2s010_som_sb_MSS_CM3_hw_platform.a(mss_gpio.o)
 .rodata.C.16.3514
                0x00003648        0x8 C:\PULSAR\Projects\PPI\PoweredRail\Common_Module_SOC\CommonModule_Rev1_5_Unified\SoftConsole\m2s010_som_sb_MSS_CM3\m2s010_som_sb_MSS_CM3_hw_platform\Release\libm2s010_som_sb_MSS_CM3_hw_platform.a(system_m2sxxx.o)
 *(.ARM.extab* .gnu.linkonce.armextab.*)
 *(.gcc_except_table)
 *(.eh_frame_hdr)
 *(.eh_frame)
 *(.vector_table)
 *(.init)
 .init          0x00003650        0x4 c:/microsemi/libero_v11.5/softconsole/sourcery-g++/bin/../lib/gcc/arm-none-eabi/4.4.1/thumb2/crti.o
                0x00003650                _init
 .init          0x00003654        0x8 c:/microsemi/libero_v11.5/softconsole/sourcery-g++/bin/../lib/gcc/arm-none-eabi/4.4.1/thumb2/crtn.o
 *(.fini)
 .fini          0x0000365c        0x4 c:/microsemi/libero_v11.5/softconsole/sourcery-g++/bin/../lib/gcc/arm-none-eabi/4.4.1/thumb2/crti.o
                0x0000365c                _fini
 .fini          0x00003660        0x8 c:/microsemi/libero_v11.5/softconsole/sourcery-g++/bin/../lib/gcc/arm-none-eabi/4.4.1/thumb2/crtn.o
                0x00003668                PROVIDE (__preinit_array_start, .)
 *(.preinit_array)
                0x00003668                PROVIDE (__preinit_array_end, .)
                0x00003668                PROVIDE (__init_array_start, .)
 *(SORT(.init_array.*))
 *(.init_array)
 .init_array    0x00003668        0x4 c:/microsemi/libero_v11.5/softconsole/sourcery-g++/bin/../lib/gcc/arm-none-eabi/4.4.1/thumb2/crtbegin.o
                0x0000366c                PROVIDE (__init_array_end, .)
                0x0000366c                PROVIDE (__fini_array_start, .)
 *(.fini_array)
 .fini_array    0x0000366c        0x4 c:/microsemi/libero_v11.5/softconsole/sourcery-g++/bin/../lib/gcc/arm-none-eabi/4.4.1/thumb2/crtbegin.o
 *(SORT(.fini_array.*))
                0x00003670                PROVIDE (__fini_array_end, .)
                0x00003670                . = ALIGN (0x10)
                0x00003670                __exidx_start = .

.v4_bx          0x00003670        0x0
 .v4_bx         0x00000000        0x0 linker stubs

.ARM.exidx
 *(.ARM.exidx* .gnu.linkonce.armexidx.*)
                0x00003670                __exidx_end = .
                0x00003670                _etext = .

.data           0x20000000       0x20 load address 0x00003670
                0x00003670                __data_load = LOADADDR (.data)
                0x00003670                _sidata = LOADADDR (.data)
                0x20000000                __data_start = .
                0x20000000                _sdata = .
 *(.jcr)
 .jcr           0x20000000        0x0 c:/microsemi/libero_v11.5/softconsole/sourcery-g++/bin/../lib/gcc/arm-none-eabi/4.4.1/thumb2/crtbegin.o
 .jcr           0x20000000        0x4 c:/microsemi/libero_v11.5/softconsole/sourcery-g++/bin/../lib/gcc/arm-none-eabi/4.4.1/thumb2/crtend.o
 *(.got.plt)
 *(.got)
 *(.shdata)
 *(.data .data.* .gnu.linkonce.d.*)
 .data.g_FrequencyFIC64
                0x20000004        0x4 C:\PULSAR\Projects\PPI\PoweredRail\Common_Module_SOC\CommonModule_Rev1_5_Unified\SoftConsole\m2s010_som_sb_MSS_CM3\m2s010_som_sb_MSS_CM3_hw_platform\Release\libm2s010_som_sb_MSS_CM3_hw_platform.a(system_m2sxxx.o)
                0x20000004                g_FrequencyFIC64
 .data.g_FrequencyPCLK2
                0x20000008        0x4 C:\PULSAR\Projects\PPI\PoweredRail\Common_Module_SOC\CommonModule_Rev1_5_Unified\SoftConsole\m2s010_som_sb_MSS_CM3\m2s010_som_sb_MSS_CM3_hw_platform\Release\libm2s010_som_sb_MSS_CM3_hw_platform.a(system_m2sxxx.o)
                0x20000008                g_FrequencyPCLK2
 .data.g_FrequencyFIC0
                0x2000000c        0x4 C:\PULSAR\Projects\PPI\PoweredRail\Common_Module_SOC\CommonModule_Rev1_5_Unified\SoftConsole\m2s010_som_sb_MSS_CM3\m2s010_som_sb_MSS_CM3_hw_platform\Release\libm2s010_som_sb_MSS_CM3_hw_platform.a(system_m2sxxx.o)
                0x2000000c                g_FrequencyFIC0
 .data.g_FrequencyFIC1
                0x20000010        0x4 C:\PULSAR\Projects\PPI\PoweredRail\Common_Module_SOC\CommonModule_Rev1_5_Unified\SoftConsole\m2s010_som_sb_MSS_CM3\m2s010_som_sb_MSS_CM3_hw_platform\Release\libm2s010_som_sb_MSS_CM3_hw_platform.a(system_m2sxxx.o)
                0x20000010                g_FrequencyFIC1
 .data.g_FrequencyPCLK0
                0x20000014        0x4 C:\PULSAR\Projects\PPI\PoweredRail\Common_Module_SOC\CommonModule_Rev1_5_Unified\SoftConsole\m2s010_som_sb_MSS_CM3\m2s010_som_sb_MSS_CM3_hw_platform\Release\libm2s010_som_sb_MSS_CM3_hw_platform.a(system_m2sxxx.o)
                0x20000014                g_FrequencyPCLK0
 .data.g_FrequencyPCLK1
                0x20000018        0x4 C:\PULSAR\Projects\PPI\PoweredRail\Common_Module_SOC\CommonModule_Rev1_5_Unified\SoftConsole\m2s010_som_sb_MSS_CM3\m2s010_som_sb_MSS_CM3_hw_platform\Release\libm2s010_som_sb_MSS_CM3_hw_platform.a(system_m2sxxx.o)
                0x20000018                g_FrequencyPCLK1
 .data.SystemCoreClock
                0x2000001c        0x4 C:\PULSAR\Projects\PPI\PoweredRail\Common_Module_SOC\CommonModule_Rev1_5_Unified\SoftConsole\m2s010_som_sb_MSS_CM3\m2s010_som_sb_MSS_CM3_hw_platform\Release\libm2s010_som_sb_MSS_CM3_hw_platform.a(system_m2sxxx.o)
                0x2000001c                SystemCoreClock
                0x20000020                . = ALIGN (0x10)
                0x20000020                _edata = .

.bss            0x20000020       0x90 load address 0x00003690
                0x20000020                __bss_start__ = .
                0x20000020                _sbss = .
 *(.shbss)
 *(.bss .bss.* .gnu.linkonce.b.*)
 .bss           0x20000020        0x1 c:/microsemi/libero_v11.5/softconsole/sourcery-g++/bin/../lib/gcc/arm-none-eabi/4.4.1/thumb2/crtbegin.o
 *(COMMON)
 *fill*         0x20000021        0x3 00
 COMMON         0x20000024       0x80 C:\PULSAR\Projects\PPI\PoweredRail\Common_Module_SOC\CommonModule_Rev1_5_Unified\SoftConsole\m2s010_som_sb_MSS_CM3\m2s010_som_sb_MSS_CM3_hw_platform\Release\libm2s010_som_sb_MSS_CM3_hw_platform.a(mss_uart.o)
                0x20000024                g_mss_uart1
                0x20000064                g_mss_uart0
                0x200000b0                . = ALIGN (0x10)
 *fill*         0x200000a4        0xc 00
                0x200000b0                __bss_end__ = .
                0x200000b0                _end = .
                0x200000b0                __end = _end
                0x200000b0                _ebss = .
                0x200000b0                PROVIDE (end, .)

.heap           0x200000b0     0xef50 load address 0x00003690
                0x200000b0                __heap_start__ = .
                0x200010b0                . = (. + MIN_SIZE_HEAP)
 *fill*         0x200000b0     0x1000 00
                0x2000f000                . = (. + (((ABSOLUTE (RAM_START_ADDRESS) + RAM_SIZE) - MAIN_STACK_SIZE) - .))
 *fill*         0x200010b0     0xdf50 00
                0x2000f000                _eheap = .

.stack          0x2000f000     0x1000 load address 0x00003690
                0x2000f000                __stack_start__ = .
                0x20010000                . = (. + MAIN_STACK_SIZE)
 *fill*         0x2000f000     0x1000 00
                0x20010000                _estack = .

.stab
 *(.stab)

.stabstr
 *(.stabstr)

.debug
 *(.debug)

.line
 *(.line)

.debug_srcinfo
 *(.debug_srcinfo)

.debug_sfnames
 *(.debug_sfnames)

.comment        0x00000000       0xd7
 .comment       0x00000000       0x2b ./main.o
 .comment       0x0000002b       0x2b C:/PULSAR/Projects/PPI/PoweredRail/Common_Module_SOC/CommonModule_Rev1_5_Unified/SoftConsole/m2s010_som_sb_MSS_CM3/m2s010_som_sb_MSS_CM3_hw_platform/Release/CMSIS/startup_gcc/newlib_stubs.o
 .comment       0x00000056       0x2b C:\PULSAR\Projects\PPI\PoweredRail\Common_Module_SOC\CommonModule_Rev1_5_Unified\SoftConsole\m2s010_som_sb_MSS_CM3\m2s010_som_sb_MSS_CM3_hw_platform\Release\libm2s010_som_sb_MSS_CM3_hw_platform.a(mss_uart.o)
 .comment       0x00000081       0x2b C:\PULSAR\Projects\PPI\PoweredRail\Common_Module_SOC\CommonModule_Rev1_5_Unified\SoftConsole\m2s010_som_sb_MSS_CM3\m2s010_som_sb_MSS_CM3_hw_platform\Release\libm2s010_som_sb_MSS_CM3_hw_platform.a(mss_gpio.o)
 .comment       0x000000ac       0x2b C:\PULSAR\Projects\PPI\PoweredRail\Common_Module_SOC\CommonModule_Rev1_5_Unified\SoftConsole\m2s010_som_sb_MSS_CM3\m2s010_som_sb_MSS_CM3_hw_platform\Release\libm2s010_som_sb_MSS_CM3_hw_platform.a(system_m2sxxx.o)

.debug_aranges  0x00000000      0x2b8
 *(.debug_aranges)
 .debug_aranges
                0x00000000       0xa8 C:/PULSAR/Projects/PPI/PoweredRail/Common_Module_SOC/CommonModule_Rev1_5_Unified/SoftConsole/m2s010_som_sb_MSS_CM3/m2s010_som_sb_MSS_CM3_hw_platform/Release/CMSIS/startup_gcc/newlib_stubs.o
 .debug_aranges
                0x000000a8      0x198 C:\PULSAR\Projects\PPI\PoweredRail\Common_Module_SOC\CommonModule_Rev1_5_Unified\SoftConsole\m2s010_som_sb_MSS_CM3\m2s010_som_sb_MSS_CM3_hw_platform\Release\libm2s010_som_sb_MSS_CM3_hw_platform.a(mss_uart.o)
 .debug_aranges
                0x00000240       0x50 C:\PULSAR\Projects\PPI\PoweredRail\Common_Module_SOC\CommonModule_Rev1_5_Unified\SoftConsole\m2s010_som_sb_MSS_CM3\m2s010_som_sb_MSS_CM3_hw_platform\Release\libm2s010_som_sb_MSS_CM3_hw_platform.a(mss_gpio.o)
 .debug_aranges
                0x00000290       0x28 C:\PULSAR\Projects\PPI\PoweredRail\Common_Module_SOC\CommonModule_Rev1_5_Unified\SoftConsole\m2s010_som_sb_MSS_CM3\m2s010_som_sb_MSS_CM3_hw_platform\Release\libm2s010_som_sb_MSS_CM3_hw_platform.a(system_m2sxxx.o)

.debug_pubnames
                0x00000000      0x776
 *(.debug_pubnames)
 .debug_pubnames
                0x00000000       0xeb C:/PULSAR/Projects/PPI/PoweredRail/Common_Module_SOC/CommonModule_Rev1_5_Unified/SoftConsole/m2s010_som_sb_MSS_CM3/m2s010_som_sb_MSS_CM3_hw_platform/Release/CMSIS/startup_gcc/newlib_stubs.o
 .debug_pubnames
                0x000000eb      0x50f C:\PULSAR\Projects\PPI\PoweredRail\Common_Module_SOC\CommonModule_Rev1_5_Unified\SoftConsole\m2s010_som_sb_MSS_CM3\m2s010_som_sb_MSS_CM3_hw_platform\Release\libm2s010_som_sb_MSS_CM3_hw_platform.a(mss_uart.o)
 .debug_pubnames
                0x000005fa       0xb1 C:\PULSAR\Projects\PPI\PoweredRail\Common_Module_SOC\CommonModule_Rev1_5_Unified\SoftConsole\m2s010_som_sb_MSS_CM3\m2s010_som_sb_MSS_CM3_hw_platform\Release\libm2s010_som_sb_MSS_CM3_hw_platform.a(mss_gpio.o)
 .debug_pubnames
                0x000006ab       0xcb C:\PULSAR\Projects\PPI\PoweredRail\Common_Module_SOC\CommonModule_Rev1_5_Unified\SoftConsole\m2s010_som_sb_MSS_CM3\m2s010_som_sb_MSS_CM3_hw_platform\Release\libm2s010_som_sb_MSS_CM3_hw_platform.a(system_m2sxxx.o)

.debug_info     0x00000000     0x4e6e
 *(.debug_info .gnu.linkonce.wi.*)
 .debug_info    0x00000000      0x702 C:/PULSAR/Projects/PPI/PoweredRail/Common_Module_SOC/CommonModule_Rev1_5_Unified/SoftConsole/m2s010_som_sb_MSS_CM3/m2s010_som_sb_MSS_CM3_hw_platform/Release/CMSIS/startup_gcc/newlib_stubs.o
 .debug_info    0x00000702     0x29c7 C:\PULSAR\Projects\PPI\PoweredRail\Common_Module_SOC\CommonModule_Rev1_5_Unified\SoftConsole\m2s010_som_sb_MSS_CM3\m2s010_som_sb_MSS_CM3_hw_platform\Release\libm2s010_som_sb_MSS_CM3_hw_platform.a(mss_uart.o)
 .debug_info    0x000030c9     0x1168 C:\PULSAR\Projects\PPI\PoweredRail\Common_Module_SOC\CommonModule_Rev1_5_Unified\SoftConsole\m2s010_som_sb_MSS_CM3\m2s010_som_sb_MSS_CM3_hw_platform\Release\libm2s010_som_sb_MSS_CM3_hw_platform.a(mss_gpio.o)
 .debug_info    0x00004231      0xc3d C:\PULSAR\Projects\PPI\PoweredRail\Common_Module_SOC\CommonModule_Rev1_5_Unified\SoftConsole\m2s010_som_sb_MSS_CM3\m2s010_som_sb_MSS_CM3_hw_platform\Release\libm2s010_som_sb_MSS_CM3_hw_platform.a(system_m2sxxx.o)

.debug_abbrev   0x00000000      0x9ab
 *(.debug_abbrev)
 .debug_abbrev  0x00000000      0x24c C:/PULSAR/Projects/PPI/PoweredRail/Common_Module_SOC/CommonModule_Rev1_5_Unified/SoftConsole/m2s010_som_sb_MSS_CM3/m2s010_som_sb_MSS_CM3_hw_platform/Release/CMSIS/startup_gcc/newlib_stubs.o
 .debug_abbrev  0x0000024c      0x39f C:\PULSAR\Projects\PPI\PoweredRail\Common_Module_SOC\CommonModule_Rev1_5_Unified\SoftConsole\m2s010_som_sb_MSS_CM3\m2s010_som_sb_MSS_CM3_hw_platform\Release\libm2s010_som_sb_MSS_CM3_hw_platform.a(mss_uart.o)
 .debug_abbrev  0x000005eb      0x1e2 C:\PULSAR\Projects\PPI\PoweredRail\Common_Module_SOC\CommonModule_Rev1_5_Unified\SoftConsole\m2s010_som_sb_MSS_CM3\m2s010_som_sb_MSS_CM3_hw_platform\Release\libm2s010_som_sb_MSS_CM3_hw_platform.a(mss_gpio.o)
 .debug_abbrev  0x000007cd      0x1de C:\PULSAR\Projects\PPI\PoweredRail\Common_Module_SOC\CommonModule_Rev1_5_Unified\SoftConsole\m2s010_som_sb_MSS_CM3\m2s010_som_sb_MSS_CM3_hw_platform\Release\libm2s010_som_sb_MSS_CM3_hw_platform.a(system_m2sxxx.o)

.debug_line     0x00000000     0x13a9
 *(.debug_line)
 .debug_line    0x00000000      0x243 C:/PULSAR/Projects/PPI/PoweredRail/Common_Module_SOC/CommonModule_Rev1_5_Unified/SoftConsole/m2s010_som_sb_MSS_CM3/m2s010_som_sb_MSS_CM3_hw_platform/Release/CMSIS/startup_gcc/newlib_stubs.o
 .debug_line    0x00000243      0xda3 C:\PULSAR\Projects\PPI\PoweredRail\Common_Module_SOC\CommonModule_Rev1_5_Unified\SoftConsole\m2s010_som_sb_MSS_CM3\m2s010_som_sb_MSS_CM3_hw_platform\Release\libm2s010_som_sb_MSS_CM3_hw_platform.a(mss_uart.o)
 .debug_line    0x00000fe6      0x24d C:\PULSAR\Projects\PPI\PoweredRail\Common_Module_SOC\CommonModule_Rev1_5_Unified\SoftConsole\m2s010_som_sb_MSS_CM3\m2s010_som_sb_MSS_CM3_hw_platform\Release\libm2s010_som_sb_MSS_CM3_hw_platform.a(mss_gpio.o)
 .debug_line    0x00001233      0x176 C:\PULSAR\Projects\PPI\PoweredRail\Common_Module_SOC\CommonModule_Rev1_5_Unified\SoftConsole\m2s010_som_sb_MSS_CM3\m2s010_som_sb_MSS_CM3_hw_platform\Release\libm2s010_som_sb_MSS_CM3_hw_platform.a(system_m2sxxx.o)

.debug_frame    0x00000000      0x6e8
 *(.debug_frame)
 .debug_frame   0x00000000      0x160 C:/PULSAR/Projects/PPI/PoweredRail/Common_Module_SOC/CommonModule_Rev1_5_Unified/SoftConsole/m2s010_som_sb_MSS_CM3/m2s010_som_sb_MSS_CM3_hw_platform/Release/CMSIS/startup_gcc/newlib_stubs.o
 .debug_frame   0x00000160      0x458 C:\PULSAR\Projects\PPI\PoweredRail\Common_Module_SOC\CommonModule_Rev1_5_Unified\SoftConsole\m2s010_som_sb_MSS_CM3\m2s010_som_sb_MSS_CM3_hw_platform\Release\libm2s010_som_sb_MSS_CM3_hw_platform.a(mss_uart.o)
 .debug_frame   0x000005b8       0xa0 C:\PULSAR\Projects\PPI\PoweredRail\Common_Module_SOC\CommonModule_Rev1_5_Unified\SoftConsole\m2s010_som_sb_MSS_CM3\m2s010_som_sb_MSS_CM3_hw_platform\Release\libm2s010_som_sb_MSS_CM3_hw_platform.a(mss_gpio.o)
 .debug_frame   0x00000658       0x44 C:\PULSAR\Projects\PPI\PoweredRail\Common_Module_SOC\CommonModule_Rev1_5_Unified\SoftConsole\m2s010_som_sb_MSS_CM3\m2s010_som_sb_MSS_CM3_hw_platform\Release\libm2s010_som_sb_MSS_CM3_hw_platform.a(system_m2sxxx.o)
 .debug_frame   0x0000069c       0x20 c:/microsemi/libero_v11.5/softconsole/sourcery-g++/bin/../lib/gcc/arm-none-eabi/4.4.1/../../../../arm-none-eabi/lib/thumb2\libc.a(lib_a-errno.o)
 .debug_frame   0x000006bc       0x2c c:/microsemi/libero_v11.5/softconsole/sourcery-g++/bin/../lib/gcc/arm-none-eabi/4.4.1/../../../../arm-none-eabi/lib/thumb2\libc.a(lib_a-init.o)

.debug_str      0x00000000     0x2118
 *(.debug_str)
 .debug_str     0x00000000      0x2f1 C:/PULSAR/Projects/PPI/PoweredRail/Common_Module_SOC/CommonModule_Rev1_5_Unified/SoftConsole/m2s010_som_sb_MSS_CM3/m2s010_som_sb_MSS_CM3_hw_platform/Release/CMSIS/startup_gcc/newlib_stubs.o
                                0x368 (size before relaxing)
 .debug_str     0x000002f1     0x17d7 C:\PULSAR\Projects\PPI\PoweredRail\Common_Module_SOC\CommonModule_Rev1_5_Unified\SoftConsole\m2s010_som_sb_MSS_CM3\m2s010_som_sb_MSS_CM3_hw_platform\Release\libm2s010_som_sb_MSS_CM3_hw_platform.a(mss_uart.o)
                               0x19ce (size before relaxing)
 .debug_str     0x00001ac8      0x472 C:\PULSAR\Projects\PPI\PoweredRail\Common_Module_SOC\CommonModule_Rev1_5_Unified\SoftConsole\m2s010_som_sb_MSS_CM3\m2s010_som_sb_MSS_CM3_hw_platform\Release\libm2s010_som_sb_MSS_CM3_hw_platform.a(mss_gpio.o)
                               0x1248 (size before relaxing)
 .debug_str     0x00001f3a      0x1de C:\PULSAR\Projects\PPI\PoweredRail\Common_Module_SOC\CommonModule_Rev1_5_Unified\SoftConsole\m2s010_som_sb_MSS_CM3\m2s010_som_sb_MSS_CM3_hw_platform\Release\libm2s010_som_sb_MSS_CM3_hw_platform.a(system_m2sxxx.o)
                                0xa48 (size before relaxing)

.debug_loc      0x00000000     0x1150
 *(.debug_loc)
 .debug_loc     0x00000000      0x257 C:/PULSAR/Projects/PPI/PoweredRail/Common_Module_SOC/CommonModule_Rev1_5_Unified/SoftConsole/m2s010_som_sb_MSS_CM3/m2s010_som_sb_MSS_CM3_hw_platform/Release/CMSIS/startup_gcc/newlib_stubs.o
 .debug_loc     0x00000257      0xc75 C:\PULSAR\Projects\PPI\PoweredRail\Common_Module_SOC\CommonModule_Rev1_5_Unified\SoftConsole\m2s010_som_sb_MSS_CM3\m2s010_som_sb_MSS_CM3_hw_platform\Release\libm2s010_som_sb_MSS_CM3_hw_platform.a(mss_uart.o)
 .debug_loc     0x00000ecc      0x228 C:\PULSAR\Projects\PPI\PoweredRail\Common_Module_SOC\CommonModule_Rev1_5_Unified\SoftConsole\m2s010_som_sb_MSS_CM3\m2s010_som_sb_MSS_CM3_hw_platform\Release\libm2s010_som_sb_MSS_CM3_hw_platform.a(mss_gpio.o)
 .debug_loc     0x000010f4       0x5c C:\PULSAR\Projects\PPI\PoweredRail\Common_Module_SOC\CommonModule_Rev1_5_Unified\SoftConsole\m2s010_som_sb_MSS_CM3\m2s010_som_sb_MSS_CM3_hw_platform\Release\libm2s010_som_sb_MSS_CM3_hw_platform.a(system_m2sxxx.o)

.debug_macinfo
 *(.debug_macinfo)

.debug_weaknames
 *(.debug_weaknames)

.debug_funcnames
 *(.debug_funcnames)

.debug_typenames
 *(.debug_typenames)

.debug_varnames
 *(.debug_varnames)

.note.gnu.arm.ident
 *(.note.gnu.arm.ident)

.ARM.attributes
                0x00000000       0x25
 *(.ARM.attributes)
 .ARM.attributes
                0x00000000       0x19 c:/microsemi/libero_v11.5/softconsole/sourcery-g++/bin/../lib/gcc/arm-none-eabi/4.4.1/thumb2/crti.o
 .ARM.attributes
                0x00000019       0x29 c:/microsemi/libero_v11.5/softconsole/sourcery-g++/bin/../lib/gcc/arm-none-eabi/4.4.1/thumb2/crtbegin.o
 .ARM.attributes
                0x00000042       0x31 ./main.o
 .ARM.attributes
                0x00000073       0x21 C:/PULSAR/Projects/PPI/PoweredRail/Common_Module_SOC/CommonModule_Rev1_5_Unified/SoftConsole/m2s010_som_sb_MSS_CM3/m2s010_som_sb_MSS_CM3_hw_platform/Release/CMSIS/startup_gcc/startup_m2sxxx.o
 .ARM.attributes
                0x00000094       0x31 C:/PULSAR/Projects/PPI/PoweredRail/Common_Module_SOC/CommonModule_Rev1_5_Unified/SoftConsole/m2s010_som_sb_MSS_CM3/m2s010_som_sb_MSS_CM3_hw_platform/Release/CMSIS/startup_gcc/newlib_stubs.o
 .ARM.attributes
                0x000000c5       0x31 C:\PULSAR\Projects\PPI\PoweredRail\Common_Module_SOC\CommonModule_Rev1_5_Unified\SoftConsole\m2s010_som_sb_MSS_CM3\m2s010_som_sb_MSS_CM3_hw_platform\Release\libm2s010_som_sb_MSS_CM3_hw_platform.a(mss_uart.o)
 .ARM.attributes
                0x000000f6       0x31 C:\PULSAR\Projects\PPI\PoweredRail\Common_Module_SOC\CommonModule_Rev1_5_Unified\SoftConsole\m2s010_som_sb_MSS_CM3\m2s010_som_sb_MSS_CM3_hw_platform\Release\libm2s010_som_sb_MSS_CM3_hw_platform.a(mss_gpio.o)
 .ARM.attributes
                0x00000127       0x31 C:\PULSAR\Projects\PPI\PoweredRail\Common_Module_SOC\CommonModule_Rev1_5_Unified\SoftConsole\m2s010_som_sb_MSS_CM3\m2s010_som_sb_MSS_CM3_hw_platform\Release\libm2s010_som_sb_MSS_CM3_hw_platform.a(system_m2sxxx.o)
 .ARM.attributes
                0x00000158       0x29 c:/microsemi/libero_v11.5/softconsole/sourcery-g++/bin/../lib/gcc/arm-none-eabi/4.4.1/../../../../arm-none-eabi/lib/thumb2\libc.a(lib_a-errno.o)
 .ARM.attributes
                0x00000181       0x29 c:/microsemi/libero_v11.5/softconsole/sourcery-g++/bin/../lib/gcc/arm-none-eabi/4.4.1/../../../../arm-none-eabi/lib/thumb2\libc.a(lib_a-impure.o)
 .ARM.attributes
                0x000001aa       0x29 c:/microsemi/libero_v11.5/softconsole/sourcery-g++/bin/../lib/gcc/arm-none-eabi/4.4.1/../../../../arm-none-eabi/lib/thumb2\libc.a(lib_a-init.o)
 .ARM.attributes
                0x000001d3       0x29 c:/microsemi/libero_v11.5/softconsole/sourcery-g++/bin/../lib/gcc/arm-none-eabi/4.4.1/thumb2/crtend.o
 .ARM.attributes
                0x000001fc       0x19 c:/microsemi/libero_v11.5/softconsole/sourcery-g++/bin/../lib/gcc/arm-none-eabi/4.4.1/thumb2/crtn.o

/DISCARD/
 *(.note.GNU-stack)
OUTPUT(m2s010_som_sb_MSS_CM3_app elf32-littlearm)

.debug_ranges   0x00000000      0xe18
 .debug_ranges  0x00000000       0xa0 C:/PULSAR/Projects/PPI/PoweredRail/Common_Module_SOC/CommonModule_Rev1_5_Unified/SoftConsole/m2s010_som_sb_MSS_CM3/m2s010_som_sb_MSS_CM3_hw_platform/Release/CMSIS/startup_gcc/newlib_stubs.o
 .debug_ranges  0x000000a0      0xc08 C:\PULSAR\Projects\PPI\PoweredRail\Common_Module_SOC\CommonModule_Rev1_5_Unified\SoftConsole\m2s010_som_sb_MSS_CM3\m2s010_som_sb_MSS_CM3_hw_platform\Release\libm2s010_som_sb_MSS_CM3_hw_platform.a(mss_uart.o)
 .debug_ranges  0x00000ca8       0xd8 C:\PULSAR\Projects\PPI\PoweredRail\Common_Module_SOC\CommonModule_Rev1_5_Unified\SoftConsole\m2s010_som_sb_MSS_CM3\m2s010_som_sb_MSS_CM3_hw_platform\Release\libm2s010_som_sb_MSS_CM3_hw_platform.a(mss_gpio.o)
 .debug_ranges  0x00000d80       0x98 C:\PULSAR\Projects\PPI\PoweredRail\Common_Module_SOC\CommonModule_Rev1_5_Unified\SoftConsole\m2s010_som_sb_MSS_CM3\m2s010_som_sb_MSS_CM3_hw_platform\Release\libm2s010_som_sb_MSS_CM3_hw_platform.a(system_m2sxxx.o)
