Resource Usage Report for m2s010_som 

Mapping to part: m2s010fbga484std
Cell usage:
CCC             2 uses
CLKINT          19 uses
INV             4 uses
MSS_010         1 use
RCOSC_25_50MHZ  1 use
RCOSC_25_50MHZ_FAB  1 use
SYSRESET        1 use
UJTAG           1 use
XTLOSC          1 use
CFG1           25 uses
CFG2           221 uses
CFG3           348 uses
CFG4           793 uses

Carry cells:
ARI1            297 uses - used for arithmetic functions
ARI1            114 uses - used for Wide-Mux implementation
Total ARI1      411 uses


Sequential Cells: 
SLE            1794 uses

DSP Blocks:    0 of 22 (0%)

I/O ports: 122
I/O primitives: 110
BIBUF          30 uses
INBUF          26 uses
OUTBUF         49 uses
OUTBUF_DIFF    1 use
TRIBUFF        4 uses


Global Clock Buffers: 19 of 8 (237%)


Total LUTs:    1798

Extra resources required for RAM and MACC interface logic during P&R:

RAM64x18 Interface Logic : SLEs = 36; LUTs = 36;
RAM1K18  Interface Logic : SLEs = 756; LUTs = 756;
MACC     Interface Logic : SLEs = 0; LUTs = 0;

Total number of SLEs after P&R:  1794 + 36 + 756 + 0 = 2586;
Total number of LUTs after P&R:  1798 + 36 + 756 + 0 = 2590;

