Archive member included because of file (symbol)

C:\PULSAR\Projects\PPI\PoweredRail\Common_Module_SOC\CommonModule_Rev1_3\SoftConsole\m2s010_som_sb_MSS_CM3\m2s010_som_sb_MSS_CM3_hw_platform\Debug\libm2s010_som_sb_MSS_CM3_hw_platform.a(mss_uart.o)
                              ./main.o (g_mss_uart0)
C:\PULSAR\Projects\PPI\PoweredRail\Common_Module_SOC\CommonModule_Rev1_3\SoftConsole\m2s010_som_sb_MSS_CM3\m2s010_som_sb_MSS_CM3_hw_platform\Debug\libm2s010_som_sb_MSS_CM3_hw_platform.a(mss_gpio.o)
                              ./main.o (MSS_GPIO_init)
C:\PULSAR\Projects\PPI\PoweredRail\Common_Module_SOC\CommonModule_Rev1_3\SoftConsole\m2s010_som_sb_MSS_CM3\m2s010_som_sb_MSS_CM3_hw_platform\Debug\libm2s010_som_sb_MSS_CM3_hw_platform.a(system_m2sxxx.o)
                              C:\PULSAR\Projects\PPI\PoweredRail\Common_Module_SOC\CommonModule_Rev1_3\SoftConsole\m2s010_som_sb_MSS_CM3\m2s010_som_sb_MSS_CM3_hw_platform\Debug\libm2s010_som_sb_MSS_CM3_hw_platform.a(mss_uart.o) (g_FrequencyPCLK0)
c:/microsemi/libero_v11.5/softconsole/sourcery-g++/bin/../lib/gcc/arm-none-eabi/4.4.1/../../../../arm-none-eabi/lib/thumb2\libc.a(lib_a-errno.o)
                              C:/PULSAR/Projects/PPI/PoweredRail/Common_Module_SOC/CommonModule_Rev1_3/SoftConsole/m2s010_som_sb_MSS_CM3/m2s010_som_sb_MSS_CM3_hw_platform/Debug/CMSIS/startup_gcc/newlib_stubs.o (__errno)
c:/microsemi/libero_v11.5/softconsole/sourcery-g++/bin/../lib/gcc/arm-none-eabi/4.4.1/../../../../arm-none-eabi/lib/thumb2\libc.a(lib_a-impure.o)
                              c:/microsemi/libero_v11.5/softconsole/sourcery-g++/bin/../lib/gcc/arm-none-eabi/4.4.1/../../../../arm-none-eabi/lib/thumb2\libc.a(lib_a-errno.o) (_impure_ptr)
c:/microsemi/libero_v11.5/softconsole/sourcery-g++/bin/../lib/gcc/arm-none-eabi/4.4.1/../../../../arm-none-eabi/lib/thumb2\libc.a(lib_a-init.o)
                              C:/PULSAR/Projects/PPI/PoweredRail/Common_Module_SOC/CommonModule_Rev1_3/SoftConsole/m2s010_som_sb_MSS_CM3/m2s010_som_sb_MSS_CM3_hw_platform/Debug/CMSIS/startup_gcc/startup_m2sxxx.o (__libc_init_array)

Allocating common symbols
Common symbol       size              file

g_mss_uart1         0x40              C:\PULSAR\Projects\PPI\PoweredRail\Common_Module_SOC\CommonModule_Rev1_3\SoftConsole\m2s010_som_sb_MSS_CM3\m2s010_som_sb_MSS_CM3_hw_platform\Debug\libm2s010_som_sb_MSS_CM3_hw_platform.a(mss_uart.o)
g_mss_uart0         0x40              C:\PULSAR\Projects\PPI\PoweredRail\Common_Module_SOC\CommonModule_Rev1_3\SoftConsole\m2s010_som_sb_MSS_CM3\m2s010_som_sb_MSS_CM3_hw_platform\Debug\libm2s010_som_sb_MSS_CM3_hw_platform.a(mss_uart.o)

Discarded input sections

 .text          0x00000000        0x0 c:/microsemi/libero_v11.5/softconsole/sourcery-g++/bin/../lib/gcc/arm-none-eabi/4.4.1/thumb2/crti.o
 .data          0x00000000        0x0 c:/microsemi/libero_v11.5/softconsole/sourcery-g++/bin/../lib/gcc/arm-none-eabi/4.4.1/thumb2/crti.o
 .bss           0x00000000        0x0 c:/microsemi/libero_v11.5/softconsole/sourcery-g++/bin/../lib/gcc/arm-none-eabi/4.4.1/thumb2/crti.o
 .data          0x00000000        0x4 c:/microsemi/libero_v11.5/softconsole/sourcery-g++/bin/../lib/gcc/arm-none-eabi/4.4.1/thumb2/crtbegin.o
 .text          0x00000000        0x0 ./main.o
 .data          0x00000000        0x0 ./main.o
 .bss           0x00000000        0x0 ./main.o
 .bss.MDDR_status
                0x00000000        0x4 ./main.o
 .text          0x00000000        0x0 C:/PULSAR/Projects/PPI/PoweredRail/Common_Module_SOC/CommonModule_Rev1_3/SoftConsole/m2s010_som_sb_MSS_CM3/m2s010_som_sb_MSS_CM3_hw_platform/Debug/CMSIS/startup_gcc/startup_m2sxxx.o
 .data          0x00000000        0x0 C:/PULSAR/Projects/PPI/PoweredRail/Common_Module_SOC/CommonModule_Rev1_3/SoftConsole/m2s010_som_sb_MSS_CM3/m2s010_som_sb_MSS_CM3_hw_platform/Debug/CMSIS/startup_gcc/startup_m2sxxx.o
 .bss           0x00000000        0x0 C:/PULSAR/Projects/PPI/PoweredRail/Common_Module_SOC/CommonModule_Rev1_3/SoftConsole/m2s010_som_sb_MSS_CM3/m2s010_som_sb_MSS_CM3_hw_platform/Debug/CMSIS/startup_gcc/startup_m2sxxx.o
 .text          0x00000000        0x0 C:/PULSAR/Projects/PPI/PoweredRail/Common_Module_SOC/CommonModule_Rev1_3/SoftConsole/m2s010_som_sb_MSS_CM3/m2s010_som_sb_MSS_CM3_hw_platform/Debug/CMSIS/startup_gcc/newlib_stubs.o
 .data          0x00000000        0x0 C:/PULSAR/Projects/PPI/PoweredRail/Common_Module_SOC/CommonModule_Rev1_3/SoftConsole/m2s010_som_sb_MSS_CM3/m2s010_som_sb_MSS_CM3_hw_platform/Debug/CMSIS/startup_gcc/newlib_stubs.o
 .bss           0x00000000        0x0 C:/PULSAR/Projects/PPI/PoweredRail/Common_Module_SOC/CommonModule_Rev1_3/SoftConsole/m2s010_som_sb_MSS_CM3/m2s010_som_sb_MSS_CM3_hw_platform/Debug/CMSIS/startup_gcc/newlib_stubs.o
 .bss.__env     0x00000000        0x4 C:/PULSAR/Projects/PPI/PoweredRail/Common_Module_SOC/CommonModule_Rev1_3/SoftConsole/m2s010_som_sb_MSS_CM3/m2s010_som_sb_MSS_CM3_hw_platform/Debug/CMSIS/startup_gcc/newlib_stubs.o
 .data.environ  0x00000000        0x4 C:/PULSAR/Projects/PPI/PoweredRail/Common_Module_SOC/CommonModule_Rev1_3/SoftConsole/m2s010_som_sb_MSS_CM3/m2s010_som_sb_MSS_CM3_hw_platform/Debug/CMSIS/startup_gcc/newlib_stubs.o
 .text._close   0x00000000       0x18 C:/PULSAR/Projects/PPI/PoweredRail/Common_Module_SOC/CommonModule_Rev1_3/SoftConsole/m2s010_som_sb_MSS_CM3/m2s010_som_sb_MSS_CM3_hw_platform/Debug/CMSIS/startup_gcc/newlib_stubs.o
 .text._execve  0x00000000       0x28 C:/PULSAR/Projects/PPI/PoweredRail/Common_Module_SOC/CommonModule_Rev1_3/SoftConsole/m2s010_som_sb_MSS_CM3/m2s010_som_sb_MSS_CM3_hw_platform/Debug/CMSIS/startup_gcc/newlib_stubs.o
 .text._exit    0x00000000        0xc C:/PULSAR/Projects/PPI/PoweredRail/Common_Module_SOC/CommonModule_Rev1_3/SoftConsole/m2s010_som_sb_MSS_CM3/m2s010_som_sb_MSS_CM3_hw_platform/Debug/CMSIS/startup_gcc/newlib_stubs.o
 .text._fork    0x00000000       0x18 C:/PULSAR/Projects/PPI/PoweredRail/Common_Module_SOC/CommonModule_Rev1_3/SoftConsole/m2s010_som_sb_MSS_CM3/m2s010_som_sb_MSS_CM3_hw_platform/Debug/CMSIS/startup_gcc/newlib_stubs.o
 .text._fstat   0x00000000       0x24 C:/PULSAR/Projects/PPI/PoweredRail/Common_Module_SOC/CommonModule_Rev1_3/SoftConsole/m2s010_som_sb_MSS_CM3/m2s010_som_sb_MSS_CM3_hw_platform/Debug/CMSIS/startup_gcc/newlib_stubs.o
 .text._getpid  0x00000000       0x10 C:/PULSAR/Projects/PPI/PoweredRail/Common_Module_SOC/CommonModule_Rev1_3/SoftConsole/m2s010_som_sb_MSS_CM3/m2s010_som_sb_MSS_CM3_hw_platform/Debug/CMSIS/startup_gcc/newlib_stubs.o
 .text._isatty  0x00000000       0x18 C:/PULSAR/Projects/PPI/PoweredRail/Common_Module_SOC/CommonModule_Rev1_3/SoftConsole/m2s010_som_sb_MSS_CM3/m2s010_som_sb_MSS_CM3_hw_platform/Debug/CMSIS/startup_gcc/newlib_stubs.o
 .text._kill    0x00000000       0x24 C:/PULSAR/Projects/PPI/PoweredRail/Common_Module_SOC/CommonModule_Rev1_3/SoftConsole/m2s010_som_sb_MSS_CM3/m2s010_som_sb_MSS_CM3_hw_platform/Debug/CMSIS/startup_gcc/newlib_stubs.o
 .text._link    0x00000000       0x24 C:/PULSAR/Projects/PPI/PoweredRail/Common_Module_SOC/CommonModule_Rev1_3/SoftConsole/m2s010_som_sb_MSS_CM3/m2s010_som_sb_MSS_CM3_hw_platform/Debug/CMSIS/startup_gcc/newlib_stubs.o
 .text._lseek   0x00000000       0x1c C:/PULSAR/Projects/PPI/PoweredRail/Common_Module_SOC/CommonModule_Rev1_3/SoftConsole/m2s010_som_sb_MSS_CM3/m2s010_som_sb_MSS_CM3_hw_platform/Debug/CMSIS/startup_gcc/newlib_stubs.o
 .text._open    0x00000000       0x1c C:/PULSAR/Projects/PPI/PoweredRail/Common_Module_SOC/CommonModule_Rev1_3/SoftConsole/m2s010_som_sb_MSS_CM3/m2s010_som_sb_MSS_CM3_hw_platform/Debug/CMSIS/startup_gcc/newlib_stubs.o
 .text._read    0x00000000       0x1c C:/PULSAR/Projects/PPI/PoweredRail/Common_Module_SOC/CommonModule_Rev1_3/SoftConsole/m2s010_som_sb_MSS_CM3/m2s010_som_sb_MSS_CM3_hw_platform/Debug/CMSIS/startup_gcc/newlib_stubs.o
 .text._write_r
                0x00000000       0x20 C:/PULSAR/Projects/PPI/PoweredRail/Common_Module_SOC/CommonModule_Rev1_3/SoftConsole/m2s010_som_sb_MSS_CM3/m2s010_som_sb_MSS_CM3_hw_platform/Debug/CMSIS/startup_gcc/newlib_stubs.o
 .rodata        0x00000000       0x30 C:/PULSAR/Projects/PPI/PoweredRail/Common_Module_SOC/CommonModule_Rev1_3/SoftConsole/m2s010_som_sb_MSS_CM3/m2s010_som_sb_MSS_CM3_hw_platform/Debug/CMSIS/startup_gcc/newlib_stubs.o
 .text._sbrk    0x00000000       0xe4 C:/PULSAR/Projects/PPI/PoweredRail/Common_Module_SOC/CommonModule_Rev1_3/SoftConsole/m2s010_som_sb_MSS_CM3/m2s010_som_sb_MSS_CM3_hw_platform/Debug/CMSIS/startup_gcc/newlib_stubs.o
 .text._stat    0x00000000       0x24 C:/PULSAR/Projects/PPI/PoweredRail/Common_Module_SOC/CommonModule_Rev1_3/SoftConsole/m2s010_som_sb_MSS_CM3/m2s010_som_sb_MSS_CM3_hw_platform/Debug/CMSIS/startup_gcc/newlib_stubs.o
 .text._times   0x00000000       0x18 C:/PULSAR/Projects/PPI/PoweredRail/Common_Module_SOC/CommonModule_Rev1_3/SoftConsole/m2s010_som_sb_MSS_CM3/m2s010_som_sb_MSS_CM3_hw_platform/Debug/CMSIS/startup_gcc/newlib_stubs.o
 .text._unlink  0x00000000       0x24 C:/PULSAR/Projects/PPI/PoweredRail/Common_Module_SOC/CommonModule_Rev1_3/SoftConsole/m2s010_som_sb_MSS_CM3/m2s010_som_sb_MSS_CM3_hw_platform/Debug/CMSIS/startup_gcc/newlib_stubs.o
 .text._wait    0x00000000       0x24 C:/PULSAR/Projects/PPI/PoweredRail/Common_Module_SOC/CommonModule_Rev1_3/SoftConsole/m2s010_som_sb_MSS_CM3/m2s010_som_sb_MSS_CM3_hw_platform/Debug/CMSIS/startup_gcc/newlib_stubs.o
 .bss.heap_end.2220
                0x00000000        0x4 C:/PULSAR/Projects/PPI/PoweredRail/Common_Module_SOC/CommonModule_Rev1_3/SoftConsole/m2s010_som_sb_MSS_CM3/m2s010_som_sb_MSS_CM3_hw_platform/Debug/CMSIS/startup_gcc/newlib_stubs.o
 .text          0x00000000        0x0 C:\PULSAR\Projects\PPI\PoweredRail\Common_Module_SOC\CommonModule_Rev1_3\SoftConsole\m2s010_som_sb_MSS_CM3\m2s010_som_sb_MSS_CM3_hw_platform\Debug\libm2s010_som_sb_MSS_CM3_hw_platform.a(mss_uart.o)
 .data          0x00000000        0x0 C:\PULSAR\Projects\PPI\PoweredRail\Common_Module_SOC\CommonModule_Rev1_3\SoftConsole\m2s010_som_sb_MSS_CM3\m2s010_som_sb_MSS_CM3_hw_platform\Debug\libm2s010_som_sb_MSS_CM3_hw_platform.a(mss_uart.o)
 .bss           0x00000000        0x0 C:\PULSAR\Projects\PPI\PoweredRail\Common_Module_SOC\CommonModule_Rev1_3\SoftConsole\m2s010_som_sb_MSS_CM3\m2s010_som_sb_MSS_CM3_hw_platform\Debug\libm2s010_som_sb_MSS_CM3_hw_platform.a(mss_uart.o)
 .text.NVIC_EnableIRQ
                0x00000000       0x38 C:\PULSAR\Projects\PPI\PoweredRail\Common_Module_SOC\CommonModule_Rev1_3\SoftConsole\m2s010_som_sb_MSS_CM3\m2s010_som_sb_MSS_CM3_hw_platform\Debug\libm2s010_som_sb_MSS_CM3_hw_platform.a(mss_uart.o)
 .text.NVIC_DisableIRQ
                0x00000000       0x3c C:\PULSAR\Projects\PPI\PoweredRail\Common_Module_SOC\CommonModule_Rev1_3\SoftConsole\m2s010_som_sb_MSS_CM3\m2s010_som_sb_MSS_CM3_hw_platform\Debug\libm2s010_som_sb_MSS_CM3_hw_platform.a(mss_uart.o)
 .text.MSS_UART_lin_init
                0x00000000       0x78 C:\PULSAR\Projects\PPI\PoweredRail\Common_Module_SOC\CommonModule_Rev1_3\SoftConsole\m2s010_som_sb_MSS_CM3\m2s010_som_sb_MSS_CM3_hw_platform\Debug\libm2s010_som_sb_MSS_CM3_hw_platform.a(mss_uart.o)
 .text.MSS_UART_irda_init
                0x00000000       0xfc C:\PULSAR\Projects\PPI\PoweredRail\Common_Module_SOC\CommonModule_Rev1_3\SoftConsole\m2s010_som_sb_MSS_CM3\m2s010_som_sb_MSS_CM3_hw_platform\Debug\libm2s010_som_sb_MSS_CM3_hw_platform.a(mss_uart.o)
 .text.MSS_UART_smartcard_init
                0x00000000       0x94 C:\PULSAR\Projects\PPI\PoweredRail\Common_Module_SOC\CommonModule_Rev1_3\SoftConsole\m2s010_som_sb_MSS_CM3\m2s010_som_sb_MSS_CM3_hw_platform\Debug\libm2s010_som_sb_MSS_CM3_hw_platform.a(mss_uart.o)
 .text.MSS_UART_irq_tx
                0x00000000       0xb4 C:\PULSAR\Projects\PPI\PoweredRail\Common_Module_SOC\CommonModule_Rev1_3\SoftConsole\m2s010_som_sb_MSS_CM3\m2s010_som_sb_MSS_CM3_hw_platform\Debug\libm2s010_som_sb_MSS_CM3_hw_platform.a(mss_uart.o)
 .text.MSS_UART_tx_complete
                0x00000000       0x90 C:\PULSAR\Projects\PPI\PoweredRail\Common_Module_SOC\CommonModule_Rev1_3\SoftConsole\m2s010_som_sb_MSS_CM3\m2s010_som_sb_MSS_CM3_hw_platform\Debug\libm2s010_som_sb_MSS_CM3_hw_platform.a(mss_uart.o)
 .text.MSS_UART_enable_irq
                0x00000000       0xbc C:\PULSAR\Projects\PPI\PoweredRail\Common_Module_SOC\CommonModule_Rev1_3\SoftConsole\m2s010_som_sb_MSS_CM3\m2s010_som_sb_MSS_CM3_hw_platform\Debug\libm2s010_som_sb_MSS_CM3_hw_platform.a(mss_uart.o)
 .text.MSS_UART_disable_irq
                0x00000000       0xb8 C:\PULSAR\Projects\PPI\PoweredRail\Common_Module_SOC\CommonModule_Rev1_3\SoftConsole\m2s010_som_sb_MSS_CM3\m2s010_som_sb_MSS_CM3_hw_platform\Debug\libm2s010_som_sb_MSS_CM3_hw_platform.a(mss_uart.o)
 .text.MSS_UART_set_rx_handler
                0x00000000       0xc0 C:\PULSAR\Projects\PPI\PoweredRail\Common_Module_SOC\CommonModule_Rev1_3\SoftConsole\m2s010_som_sb_MSS_CM3\m2s010_som_sb_MSS_CM3_hw_platform\Debug\libm2s010_som_sb_MSS_CM3_hw_platform.a(mss_uart.o)
 .text.MSS_UART_set_loopback
                0x00000000       0xec C:\PULSAR\Projects\PPI\PoweredRail\Common_Module_SOC\CommonModule_Rev1_3\SoftConsole\m2s010_som_sb_MSS_CM3\m2s010_som_sb_MSS_CM3_hw_platform\Debug\libm2s010_som_sb_MSS_CM3_hw_platform.a(mss_uart.o)
 .text.MSS_UART_set_rxstatus_handler
                0x00000000       0x8c C:\PULSAR\Projects\PPI\PoweredRail\Common_Module_SOC\CommonModule_Rev1_3\SoftConsole\m2s010_som_sb_MSS_CM3\m2s010_som_sb_MSS_CM3_hw_platform\Debug\libm2s010_som_sb_MSS_CM3_hw_platform.a(mss_uart.o)
 .text.MSS_UART_set_tx_handler
                0x00000000       0x9c C:\PULSAR\Projects\PPI\PoweredRail\Common_Module_SOC\CommonModule_Rev1_3\SoftConsole\m2s010_som_sb_MSS_CM3\m2s010_som_sb_MSS_CM3_hw_platform\Debug\libm2s010_som_sb_MSS_CM3_hw_platform.a(mss_uart.o)
 .text.MSS_UART_set_modemstatus_handler
                0x00000000       0x8c C:\PULSAR\Projects\PPI\PoweredRail\Common_Module_SOC\CommonModule_Rev1_3\SoftConsole\m2s010_som_sb_MSS_CM3\m2s010_som_sb_MSS_CM3_hw_platform\Debug\libm2s010_som_sb_MSS_CM3_hw_platform.a(mss_uart.o)
 .text.MSS_UART_fill_tx_fifo
                0x00000000       0xd4 C:\PULSAR\Projects\PPI\PoweredRail\Common_Module_SOC\CommonModule_Rev1_3\SoftConsole\m2s010_som_sb_MSS_CM3\m2s010_som_sb_MSS_CM3_hw_platform\Debug\libm2s010_som_sb_MSS_CM3_hw_platform.a(mss_uart.o)
 .text.MSS_UART_get_rx_status
                0x00000000       0x80 C:\PULSAR\Projects\PPI\PoweredRail\Common_Module_SOC\CommonModule_Rev1_3\SoftConsole\m2s010_som_sb_MSS_CM3\m2s010_som_sb_MSS_CM3_hw_platform\Debug\libm2s010_som_sb_MSS_CM3_hw_platform.a(mss_uart.o)
 .text.MSS_UART_get_modem_status
                0x00000000       0x60 C:\PULSAR\Projects\PPI\PoweredRail\Common_Module_SOC\CommonModule_Rev1_3\SoftConsole\m2s010_som_sb_MSS_CM3\m2s010_som_sb_MSS_CM3_hw_platform\Debug\libm2s010_som_sb_MSS_CM3_hw_platform.a(mss_uart.o)
 .text.MSS_UART_get_tx_status
                0x00000000       0x78 C:\PULSAR\Projects\PPI\PoweredRail\Common_Module_SOC\CommonModule_Rev1_3\SoftConsole\m2s010_som_sb_MSS_CM3\m2s010_som_sb_MSS_CM3_hw_platform\Debug\libm2s010_som_sb_MSS_CM3_hw_platform.a(mss_uart.o)
 .text.MSS_UART_set_break
                0x00000000       0x5c C:\PULSAR\Projects\PPI\PoweredRail\Common_Module_SOC\CommonModule_Rev1_3\SoftConsole\m2s010_som_sb_MSS_CM3\m2s010_som_sb_MSS_CM3_hw_platform\Debug\libm2s010_som_sb_MSS_CM3_hw_platform.a(mss_uart.o)
 .text.MSS_UART_clear_break
                0x00000000       0x5c C:\PULSAR\Projects\PPI\PoweredRail\Common_Module_SOC\CommonModule_Rev1_3\SoftConsole\m2s010_som_sb_MSS_CM3\m2s010_som_sb_MSS_CM3_hw_platform\Debug\libm2s010_som_sb_MSS_CM3_hw_platform.a(mss_uart.o)
 .text.MSS_UART_set_pidpei_handler
                0x00000000       0x8c C:\PULSAR\Projects\PPI\PoweredRail\Common_Module_SOC\CommonModule_Rev1_3\SoftConsole\m2s010_som_sb_MSS_CM3\m2s010_som_sb_MSS_CM3_hw_platform\Debug\libm2s010_som_sb_MSS_CM3_hw_platform.a(mss_uart.o)
 .text.MSS_UART_set_linbreak_handler
                0x00000000       0x8c C:\PULSAR\Projects\PPI\PoweredRail\Common_Module_SOC\CommonModule_Rev1_3\SoftConsole\m2s010_som_sb_MSS_CM3\m2s010_som_sb_MSS_CM3_hw_platform\Debug\libm2s010_som_sb_MSS_CM3_hw_platform.a(mss_uart.o)
 .text.MSS_UART_set_linsync_handler
                0x00000000       0x8c C:\PULSAR\Projects\PPI\PoweredRail\Common_Module_SOC\CommonModule_Rev1_3\SoftConsole\m2s010_som_sb_MSS_CM3\m2s010_som_sb_MSS_CM3_hw_platform\Debug\libm2s010_som_sb_MSS_CM3_hw_platform.a(mss_uart.o)
 .text.MSS_UART_set_nack_handler
                0x00000000       0x8c C:\PULSAR\Projects\PPI\PoweredRail\Common_Module_SOC\CommonModule_Rev1_3\SoftConsole\m2s010_som_sb_MSS_CM3\m2s010_som_sb_MSS_CM3_hw_platform\Debug\libm2s010_som_sb_MSS_CM3_hw_platform.a(mss_uart.o)
 .text.MSS_UART_set_rx_timeout_handler
                0x00000000       0x8c C:\PULSAR\Projects\PPI\PoweredRail\Common_Module_SOC\CommonModule_Rev1_3\SoftConsole\m2s010_som_sb_MSS_CM3\m2s010_som_sb_MSS_CM3_hw_platform\Debug\libm2s010_som_sb_MSS_CM3_hw_platform.a(mss_uart.o)
 .text.MSS_UART_enable_half_duplex
                0x00000000       0x5c C:\PULSAR\Projects\PPI\PoweredRail\Common_Module_SOC\CommonModule_Rev1_3\SoftConsole\m2s010_som_sb_MSS_CM3\m2s010_som_sb_MSS_CM3_hw_platform\Debug\libm2s010_som_sb_MSS_CM3_hw_platform.a(mss_uart.o)
 .text.MSS_UART_disable_half_duplex
                0x00000000       0x5c C:\PULSAR\Projects\PPI\PoweredRail\Common_Module_SOC\CommonModule_Rev1_3\SoftConsole\m2s010_som_sb_MSS_CM3\m2s010_som_sb_MSS_CM3_hw_platform\Debug\libm2s010_som_sb_MSS_CM3_hw_platform.a(mss_uart.o)
 .text.MSS_UART_set_rx_endian
                0x00000000       0x88 C:\PULSAR\Projects\PPI\PoweredRail\Common_Module_SOC\CommonModule_Rev1_3\SoftConsole\m2s010_som_sb_MSS_CM3\m2s010_som_sb_MSS_CM3_hw_platform\Debug\libm2s010_som_sb_MSS_CM3_hw_platform.a(mss_uart.o)
 .text.MSS_UART_set_tx_endian
                0x00000000       0x88 C:\PULSAR\Projects\PPI\PoweredRail\Common_Module_SOC\CommonModule_Rev1_3\SoftConsole\m2s010_som_sb_MSS_CM3\m2s010_som_sb_MSS_CM3_hw_platform\Debug\libm2s010_som_sb_MSS_CM3_hw_platform.a(mss_uart.o)
 .text.MSS_UART_set_filter_length
                0x00000000       0x68 C:\PULSAR\Projects\PPI\PoweredRail\Common_Module_SOC\CommonModule_Rev1_3\SoftConsole\m2s010_som_sb_MSS_CM3\m2s010_som_sb_MSS_CM3_hw_platform\Debug\libm2s010_som_sb_MSS_CM3_hw_platform.a(mss_uart.o)
 .text.MSS_UART_enable_afm
                0x00000000       0x5c C:\PULSAR\Projects\PPI\PoweredRail\Common_Module_SOC\CommonModule_Rev1_3\SoftConsole\m2s010_som_sb_MSS_CM3\m2s010_som_sb_MSS_CM3_hw_platform\Debug\libm2s010_som_sb_MSS_CM3_hw_platform.a(mss_uart.o)
 .text.MSS_UART_disable_afm
                0x00000000       0x5c C:\PULSAR\Projects\PPI\PoweredRail\Common_Module_SOC\CommonModule_Rev1_3\SoftConsole\m2s010_som_sb_MSS_CM3\m2s010_som_sb_MSS_CM3_hw_platform\Debug\libm2s010_som_sb_MSS_CM3_hw_platform.a(mss_uart.o)
 .text.MSS_UART_enable_afclear
                0x00000000       0x5c C:\PULSAR\Projects\PPI\PoweredRail\Common_Module_SOC\CommonModule_Rev1_3\SoftConsole\m2s010_som_sb_MSS_CM3\m2s010_som_sb_MSS_CM3_hw_platform\Debug\libm2s010_som_sb_MSS_CM3_hw_platform.a(mss_uart.o)
 .text.MSS_UART_disable_afclear
                0x00000000       0x5c C:\PULSAR\Projects\PPI\PoweredRail\Common_Module_SOC\CommonModule_Rev1_3\SoftConsole\m2s010_som_sb_MSS_CM3\m2s010_som_sb_MSS_CM3_hw_platform\Debug\libm2s010_som_sb_MSS_CM3_hw_platform.a(mss_uart.o)
 .text.MSS_UART_enable_rx_timeout
                0x00000000       0x6c C:\PULSAR\Projects\PPI\PoweredRail\Common_Module_SOC\CommonModule_Rev1_3\SoftConsole\m2s010_som_sb_MSS_CM3\m2s010_som_sb_MSS_CM3_hw_platform\Debug\libm2s010_som_sb_MSS_CM3_hw_platform.a(mss_uart.o)
 .text.MSS_UART_disable_rx_timeout
                0x00000000       0x5c C:\PULSAR\Projects\PPI\PoweredRail\Common_Module_SOC\CommonModule_Rev1_3\SoftConsole\m2s010_som_sb_MSS_CM3\m2s010_som_sb_MSS_CM3_hw_platform\Debug\libm2s010_som_sb_MSS_CM3_hw_platform.a(mss_uart.o)
 .text.MSS_UART_enable_tx_time_guard
                0x00000000       0x6c C:\PULSAR\Projects\PPI\PoweredRail\Common_Module_SOC\CommonModule_Rev1_3\SoftConsole\m2s010_som_sb_MSS_CM3\m2s010_som_sb_MSS_CM3_hw_platform\Debug\libm2s010_som_sb_MSS_CM3_hw_platform.a(mss_uart.o)
 .text.MSS_UART_disable_tx_time_guard
                0x00000000       0x5c C:\PULSAR\Projects\PPI\PoweredRail\Common_Module_SOC\CommonModule_Rev1_3\SoftConsole\m2s010_som_sb_MSS_CM3\m2s010_som_sb_MSS_CM3_hw_platform\Debug\libm2s010_som_sb_MSS_CM3_hw_platform.a(mss_uart.o)
 .text.MSS_UART_set_address
                0x00000000       0x5c C:\PULSAR\Projects\PPI\PoweredRail\Common_Module_SOC\CommonModule_Rev1_3\SoftConsole\m2s010_som_sb_MSS_CM3\m2s010_som_sb_MSS_CM3_hw_platform\Debug\libm2s010_som_sb_MSS_CM3_hw_platform.a(mss_uart.o)
 .text.MSS_UART_set_ready_mode
                0x00000000       0x88 C:\PULSAR\Projects\PPI\PoweredRail\Common_Module_SOC\CommonModule_Rev1_3\SoftConsole\m2s010_som_sb_MSS_CM3\m2s010_som_sb_MSS_CM3_hw_platform\Debug\libm2s010_som_sb_MSS_CM3_hw_platform.a(mss_uart.o)
 .text.MSS_UART_set_usart_mode
                0x00000000       0x90 C:\PULSAR\Projects\PPI\PoweredRail\Common_Module_SOC\CommonModule_Rev1_3\SoftConsole\m2s010_som_sb_MSS_CM3\m2s010_som_sb_MSS_CM3_hw_platform\Debug\libm2s010_som_sb_MSS_CM3_hw_platform.a(mss_uart.o)
 .text          0x00000000        0x0 C:\PULSAR\Projects\PPI\PoweredRail\Common_Module_SOC\CommonModule_Rev1_3\SoftConsole\m2s010_som_sb_MSS_CM3\m2s010_som_sb_MSS_CM3_hw_platform\Debug\libm2s010_som_sb_MSS_CM3_hw_platform.a(mss_gpio.o)
 .data          0x00000000        0x0 C:\PULSAR\Projects\PPI\PoweredRail\Common_Module_SOC\CommonModule_Rev1_3\SoftConsole\m2s010_som_sb_MSS_CM3\m2s010_som_sb_MSS_CM3_hw_platform\Debug\libm2s010_som_sb_MSS_CM3_hw_platform.a(mss_gpio.o)
 .bss           0x00000000        0x0 C:\PULSAR\Projects\PPI\PoweredRail\Common_Module_SOC\CommonModule_Rev1_3\SoftConsole\m2s010_som_sb_MSS_CM3\m2s010_som_sb_MSS_CM3_hw_platform\Debug\libm2s010_som_sb_MSS_CM3_hw_platform.a(mss_gpio.o)
 .text.NVIC_EnableIRQ
                0x00000000       0x38 C:\PULSAR\Projects\PPI\PoweredRail\Common_Module_SOC\CommonModule_Rev1_3\SoftConsole\m2s010_som_sb_MSS_CM3\m2s010_som_sb_MSS_CM3_hw_platform\Debug\libm2s010_som_sb_MSS_CM3_hw_platform.a(mss_gpio.o)
 .text.MSS_GPIO_set_output
                0x00000000       0x70 C:\PULSAR\Projects\PPI\PoweredRail\Common_Module_SOC\CommonModule_Rev1_3\SoftConsole\m2s010_som_sb_MSS_CM3\m2s010_som_sb_MSS_CM3_hw_platform\Debug\libm2s010_som_sb_MSS_CM3_hw_platform.a(mss_gpio.o)
 .text.MSS_GPIO_drive_inout
                0x00000000      0x128 C:\PULSAR\Projects\PPI\PoweredRail\Common_Module_SOC\CommonModule_Rev1_3\SoftConsole\m2s010_som_sb_MSS_CM3\m2s010_som_sb_MSS_CM3_hw_platform\Debug\libm2s010_som_sb_MSS_CM3_hw_platform.a(mss_gpio.o)
 .text.MSS_GPIO_enable_irq
                0x00000000       0x60 C:\PULSAR\Projects\PPI\PoweredRail\Common_Module_SOC\CommonModule_Rev1_3\SoftConsole\m2s010_som_sb_MSS_CM3\m2s010_som_sb_MSS_CM3_hw_platform\Debug\libm2s010_som_sb_MSS_CM3_hw_platform.a(mss_gpio.o)
 .text.MSS_GPIO_disable_irq
                0x00000000       0x50 C:\PULSAR\Projects\PPI\PoweredRail\Common_Module_SOC\CommonModule_Rev1_3\SoftConsole\m2s010_som_sb_MSS_CM3\m2s010_som_sb_MSS_CM3_hw_platform\Debug\libm2s010_som_sb_MSS_CM3_hw_platform.a(mss_gpio.o)
 .text.MSS_GPIO_clear_irq
                0x00000000       0x3c C:\PULSAR\Projects\PPI\PoweredRail\Common_Module_SOC\CommonModule_Rev1_3\SoftConsole\m2s010_som_sb_MSS_CM3\m2s010_som_sb_MSS_CM3_hw_platform\Debug\libm2s010_som_sb_MSS_CM3_hw_platform.a(mss_gpio.o)
 .text          0x00000000        0x0 C:\PULSAR\Projects\PPI\PoweredRail\Common_Module_SOC\CommonModule_Rev1_3\SoftConsole\m2s010_som_sb_MSS_CM3\m2s010_som_sb_MSS_CM3_hw_platform\Debug\libm2s010_som_sb_MSS_CM3_hw_platform.a(system_m2sxxx.o)
 .data          0x00000000        0x0 C:\PULSAR\Projects\PPI\PoweredRail\Common_Module_SOC\CommonModule_Rev1_3\SoftConsole\m2s010_som_sb_MSS_CM3\m2s010_som_sb_MSS_CM3_hw_platform\Debug\libm2s010_som_sb_MSS_CM3_hw_platform.a(system_m2sxxx.o)
 .bss           0x00000000        0x0 C:\PULSAR\Projects\PPI\PoweredRail\Common_Module_SOC\CommonModule_Rev1_3\SoftConsole\m2s010_som_sb_MSS_CM3\m2s010_som_sb_MSS_CM3_hw_platform\Debug\libm2s010_som_sb_MSS_CM3_hw_platform.a(system_m2sxxx.o)
 .text          0x00000000        0xc c:/microsemi/libero_v11.5/softconsole/sourcery-g++/bin/../lib/gcc/arm-none-eabi/4.4.1/../../../../arm-none-eabi/lib/thumb2\libc.a(lib_a-errno.o)
 .data          0x00000000        0x0 c:/microsemi/libero_v11.5/softconsole/sourcery-g++/bin/../lib/gcc/arm-none-eabi/4.4.1/../../../../arm-none-eabi/lib/thumb2\libc.a(lib_a-errno.o)
 .bss           0x00000000        0x0 c:/microsemi/libero_v11.5/softconsole/sourcery-g++/bin/../lib/gcc/arm-none-eabi/4.4.1/../../../../arm-none-eabi/lib/thumb2\libc.a(lib_a-errno.o)
 .text          0x00000000        0x0 c:/microsemi/libero_v11.5/softconsole/sourcery-g++/bin/../lib/gcc/arm-none-eabi/4.4.1/../../../../arm-none-eabi/lib/thumb2\libc.a(lib_a-impure.o)
 .data          0x00000000       0xf4 c:/microsemi/libero_v11.5/softconsole/sourcery-g++/bin/../lib/gcc/arm-none-eabi/4.4.1/../../../../arm-none-eabi/lib/thumb2\libc.a(lib_a-impure.o)
 .bss           0x00000000        0x0 c:/microsemi/libero_v11.5/softconsole/sourcery-g++/bin/../lib/gcc/arm-none-eabi/4.4.1/../../../../arm-none-eabi/lib/thumb2\libc.a(lib_a-impure.o)
 .rodata        0x00000000        0x4 c:/microsemi/libero_v11.5/softconsole/sourcery-g++/bin/../lib/gcc/arm-none-eabi/4.4.1/../../../../arm-none-eabi/lib/thumb2\libc.a(lib_a-impure.o)
 .rodata.str1.4
                0x00000000        0x4 c:/microsemi/libero_v11.5/softconsole/sourcery-g++/bin/../lib/gcc/arm-none-eabi/4.4.1/../../../../arm-none-eabi/lib/thumb2\libc.a(lib_a-impure.o)
 .data          0x00000000        0x0 c:/microsemi/libero_v11.5/softconsole/sourcery-g++/bin/../lib/gcc/arm-none-eabi/4.4.1/../../../../arm-none-eabi/lib/thumb2\libc.a(lib_a-init.o)
 .bss           0x00000000        0x0 c:/microsemi/libero_v11.5/softconsole/sourcery-g++/bin/../lib/gcc/arm-none-eabi/4.4.1/../../../../arm-none-eabi/lib/thumb2\libc.a(lib_a-init.o)
 .text          0x00000000        0x0 c:/microsemi/libero_v11.5/softconsole/sourcery-g++/bin/../lib/gcc/arm-none-eabi/4.4.1/thumb2/crtend.o
 .data          0x00000000        0x0 c:/microsemi/libero_v11.5/softconsole/sourcery-g++/bin/../lib/gcc/arm-none-eabi/4.4.1/thumb2/crtend.o
 .bss           0x00000000        0x0 c:/microsemi/libero_v11.5/softconsole/sourcery-g++/bin/../lib/gcc/arm-none-eabi/4.4.1/thumb2/crtend.o
 .text          0x00000000        0x0 c:/microsemi/libero_v11.5/softconsole/sourcery-g++/bin/../lib/gcc/arm-none-eabi/4.4.1/thumb2/crtn.o
 .data          0x00000000        0x0 c:/microsemi/libero_v11.5/softconsole/sourcery-g++/bin/../lib/gcc/arm-none-eabi/4.4.1/thumb2/crtn.o
 .bss           0x00000000        0x0 c:/microsemi/libero_v11.5/softconsole/sourcery-g++/bin/../lib/gcc/arm-none-eabi/4.4.1/thumb2/crtn.o

Memory Configuration

Name             Origin             Length             Attributes
ram              0x20000000         0x00010000         xrw
*default*        0x00000000         0xffffffff

Linker script and memory map

LOAD c:/microsemi/libero_v11.5/softconsole/sourcery-g++/bin/../lib/gcc/arm-none-eabi/4.4.1/thumb2/crti.o
LOAD c:/microsemi/libero_v11.5/softconsole/sourcery-g++/bin/../lib/gcc/arm-none-eabi/4.4.1/thumb2/crtbegin.o
LOAD ./main.o
LOAD C:/PULSAR/Projects/PPI/PoweredRail/Common_Module_SOC/CommonModule_Rev1_3/SoftConsole/m2s010_som_sb_MSS_CM3/m2s010_som_sb_MSS_CM3_hw_platform/Debug/CMSIS/startup_gcc/startup_m2sxxx.o
LOAD C:/PULSAR/Projects/PPI/PoweredRail/Common_Module_SOC/CommonModule_Rev1_3/SoftConsole/m2s010_som_sb_MSS_CM3/m2s010_som_sb_MSS_CM3_hw_platform/Debug/CMSIS/startup_gcc/newlib_stubs.o
LOAD C:\PULSAR\Projects\PPI\PoweredRail\Common_Module_SOC\CommonModule_Rev1_3\SoftConsole\m2s010_som_sb_MSS_CM3\m2s010_som_sb_MSS_CM3_hw_platform\Debug\libm2s010_som_sb_MSS_CM3_hw_platform.a
START GROUP
LOAD c:/microsemi/libero_v11.5/softconsole/sourcery-g++/bin/../lib/gcc/arm-none-eabi/4.4.1/thumb2\libgcc.a
LOAD c:/microsemi/libero_v11.5/softconsole/sourcery-g++/bin/../lib/gcc/arm-none-eabi/4.4.1/../../../../arm-none-eabi/lib/thumb2\libc.a
END GROUP
LOAD c:/microsemi/libero_v11.5/softconsole/sourcery-g++/bin/../lib/gcc/arm-none-eabi/4.4.1/thumb2/crtend.o
LOAD c:/microsemi/libero_v11.5/softconsole/sourcery-g++/bin/../lib/gcc/arm-none-eabi/4.4.1/thumb2/crtn.o
START GROUP
LOAD c:/microsemi/libero_v11.5/softconsole/sourcery-g++/bin/../lib/gcc/arm-none-eabi/4.4.1/../../../../arm-none-eabi/lib/thumb2\libc.a
LOAD c:/microsemi/libero_v11.5/softconsole/sourcery-g++/bin/../lib/gcc/arm-none-eabi/4.4.1/thumb2\libgcc.a
LOAD c:/microsemi/libero_v11.5/softconsole/sourcery-g++/bin/../lib/gcc/arm-none-eabi/4.4.1/../../../../arm-none-eabi/lib/thumb2\libm.a
END GROUP
                0x00000000                __DYNAMIC = 0x0
                0x20000000                RAM_START_ADDRESS = 0x20000000
                0x00010000                RAM_SIZE = 0x10000
                0x00001000                MAIN_STACK_SIZE = 0x1000
                0x00001000                MIN_SIZE_HEAP = 0x1000
                0x20010000                PROVIDE (__main_stack_start, (RAM_START_ADDRESS + RAM_SIZE))
                0x20010000                PROVIDE (_estack, __main_stack_start)
                0x00000000                PROVIDE (__mirrored_nvm, 0x0)
                0x00000000                PROVIDE (__smartfusion2_memory_remap, 0x0)

.vector_table   0x20000000      0x190
                0x20000000                __vector_table_load = LOADADDR (.vector_table)
                0x20000000                __vector_table_start = .
                0x20000000                __vector_table_vma_base_address = .
 *(.isr_vector)
 .isr_vector    0x20000000      0x190 C:/PULSAR/Projects/PPI/PoweredRail/Common_Module_SOC/CommonModule_Rev1_3/SoftConsole/m2s010_som_sb_MSS_CM3/m2s010_som_sb_MSS_CM3_hw_platform/Debug/CMSIS/startup_gcc/startup_m2sxxx.o
                0x20000000                g_pfnVectors
                0x20000190                . = ALIGN (0x10)
                0x20000190                _evector_table = .

.boot_code      0x20000190      0x330
 *(.boot_code)
 .boot_code     0x20000190      0x330 C:/PULSAR/Projects/PPI/PoweredRail/Common_Module_SOC/CommonModule_Rev1_3/SoftConsole/m2s010_som_sb_MSS_CM3/m2s010_som_sb_MSS_CM3_hw_platform/Debug/CMSIS/startup_gcc/startup_m2sxxx.o
                0x20000190                Reset_Handler
                0x2000037e                NMI_Handler
                0x20000380                HardFault_Handler
                0x20000382                MemManage_Handler
                0x20000384                BusFault_Handler
                0x20000386                UsageFault_Handler
                0x20000388                SVC_Handler
                0x2000038a                DebugMon_Handler
                0x2000038c                PendSV_Handler
                0x2000038e                SysTick_Handler
                0x20000390                WdogWakeup_IRQHandler
                0x20000392                RTC_Wakeup_IRQHandler
                0x20000394                SPI0_IRQHandler
                0x20000396                SPI1_IRQHandler
                0x20000398                I2C0_IRQHandler
                0x2000039a                I2C0_SMBAlert_IRQHandler
                0x2000039c                I2C0_SMBus_IRQHandler
                0x2000039e                I2C1_IRQHandler
                0x200003a0                I2C1_SMBAlert_IRQHandler
                0x200003a2                I2C1_SMBus_IRQHandler
                0x200003a8                EthernetMAC_IRQHandler
                0x200003aa                DMA_IRQHandler
                0x200003ac                Timer1_IRQHandler
                0x200003ae                Timer2_IRQHandler
                0x200003b0                CAN_IRQHandler
                0x200003b2                ENVM0_IRQHandler
                0x200003b4                ENVM1_IRQHandler
                0x200003b6                ComBlk_IRQHandler
                0x200003b8                USB_IRQHandler
                0x200003ba                USB_DMA_IRQHandler
                0x200003bc                PLL_Lock_IRQHandler
                0x200003be                PLL_LockLost_IRQHandler
                0x200003c0                CommSwitchError_IRQHandler
                0x200003c2                CacheError_IRQHandler
                0x200003c4                DDR_IRQHandler
                0x200003c6                HPDMA_Complete_IRQHandler
                0x200003c8                HPDMA_Error_IRQHandler
                0x200003ca                ECC_Error_IRQHandler
                0x200003cc                MDDR_IOCalib_IRQHandler
                0x200003ce                FAB_PLL_Lock_IRQHandler
                0x200003d0                FAB_PLL_LockLost_IRQHandler
                0x200003d2                FIC64_IRQHandler
                0x200003d4                FabricIrq0_IRQHandler
                0x200003d6                FabricIrq1_IRQHandler
                0x200003d8                FabricIrq2_IRQHandler
                0x200003da                FabricIrq3_IRQHandler
                0x200003dc                FabricIrq4_IRQHandler
                0x200003de                FabricIrq5_IRQHandler
                0x200003e0                FabricIrq6_IRQHandler
                0x200003e2                FabricIrq7_IRQHandler
                0x200003e4                FabricIrq8_IRQHandler
                0x200003e6                FabricIrq9_IRQHandler
                0x200003e8                FabricIrq10_IRQHandler
                0x200003ea                FabricIrq11_IRQHandler
                0x200003ec                FabricIrq12_IRQHandler
                0x200003ee                FabricIrq13_IRQHandler
                0x200003f0                FabricIrq14_IRQHandler
                0x200003f2                FabricIrq15_IRQHandler
                0x200003f4                GPIO0_IRQHandler
                0x200003f6                GPIO1_IRQHandler
                0x200003f8                GPIO2_IRQHandler
                0x200003fa                GPIO3_IRQHandler
                0x200003fc                GPIO4_IRQHandler
                0x200003fe                GPIO5_IRQHandler
                0x20000400                GPIO6_IRQHandler
                0x20000402                GPIO7_IRQHandler
                0x20000404                GPIO8_IRQHandler
                0x20000406                GPIO9_IRQHandler
                0x20000408                GPIO10_IRQHandler
                0x2000040a                GPIO11_IRQHandler
                0x2000040c                GPIO12_IRQHandler
                0x2000040e                GPIO13_IRQHandler
                0x20000410                GPIO14_IRQHandler
                0x20000412                GPIO15_IRQHandler
                0x20000414                GPIO16_IRQHandler
                0x20000416                GPIO17_IRQHandler
                0x20000418                GPIO18_IRQHandler
                0x2000041a                GPIO19_IRQHandler
                0x2000041c                GPIO20_IRQHandler
                0x2000041e                GPIO21_IRQHandler
                0x20000420                GPIO22_IRQHandler
                0x20000422                GPIO23_IRQHandler
                0x20000424                GPIO24_IRQHandler
                0x20000426                GPIO25_IRQHandler
                0x20000428                GPIO26_IRQHandler
                0x2000042a                GPIO27_IRQHandler
                0x2000042c                GPIO28_IRQHandler
                0x2000042e                GPIO29_IRQHandler
                0x20000430                GPIO30_IRQHandler
                0x20000432                GPIO31_IRQHandler
                0x20000434                mscc_post_hw_cfg_init
                0x200004c0                . = ALIGN (0x10)

.text           0x200004c0     0x3d70
 CREATE_OBJECT_SYMBOLS
                0x200004c0                __text_load = LOADADDR (.text)
                0x200004c0                __text_start = .
 *(.text .text.* .gnu.linkonce.t.*)
 .text          0x200004c0       0x30 c:/microsemi/libero_v11.5/softconsole/sourcery-g++/bin/../lib/gcc/arm-none-eabi/4.4.1/thumb2/crtbegin.o
 .text.MSS_GPIO_set_outputs
                0x200004f0       0x20 ./main.o
 .text.MSS_GPIO_get_outputs
                0x20000510       0x18 ./main.o
 .text.config_mddr_lpddr
                0x20000528      0x4dc ./main.o
                0x20000528                config_mddr_lpddr
 .text.main     0x20000a04      0xb28 ./main.o
                0x20000a04                main
 .text.print_registers
                0x2000152c      0x24c ./main.o
                0x2000152c                print_registers
 .text.fill_tx_message
                0x20001778      0x1e4 ./main.o
                0x20001778                fill_tx_message
 .text.tx_fifo_reset
                0x2000195c       0x4c ./main.o
                0x2000195c                tx_fifo_reset
 .text.rx_fifo_reset
                0x200019a8       0x44 ./main.o
                0x200019a8                rx_fifo_reset
 .text.SW_reset
                0x200019ec       0x48 ./main.o
                0x200019ec                SW_reset
 .text.check_rx_message
                0x20001a34      0x214 ./main.o
                0x20001a34                check_rx_message
 .text.tohexstring
                0x20001c48       0x90 ./main.o
                0x20001c48                tohexstring
 .text.packet_loopback
                0x20001cd8       0x80 ./main.o
                0x20001cd8                packet_loopback
 .text.b2b_single_tx_message_send
                0x20001d58      0x124 ./main.o
                0x20001d58                b2b_single_tx_message_send
 .text.b2b_single_rx_message_check
                0x20001e7c      0x5f0 ./main.o
                0x20001e7c                b2b_single_rx_message_check
 .text.b2b_multiple_tx_message_send
                0x2000246c       0x98 ./main.o
                0x2000246c                b2b_multiple_tx_message_send
 .text.b2b_multiple_rx_message_check
                0x20002504       0x70 ./main.o
                0x20002504                b2b_multiple_rx_message_check
 .text.b2b_multiple_tx_message_blast
                0x20002574       0x90 ./main.o
                0x20002574                b2b_multiple_tx_message_blast
 .text.blaster_packet_loopback
                0x20002604       0xc4 ./main.o
                0x20002604                blaster_packet_loopback
 .text.TX_blaster_packet
                0x200026c8       0x48 ./main.o
                0x200026c8                TX_blaster_packet
 .text.RX_blaster_packet
                0x20002710       0x74 ./main.o
                0x20002710                RX_blaster_packet
 .text.NVIC_ClearPendingIRQ
                0x20002784       0x3c C:\PULSAR\Projects\PPI\PoweredRail\Common_Module_SOC\CommonModule_Rev1_3\SoftConsole\m2s010_som_sb_MSS_CM3\m2s010_som_sb_MSS_CM3_hw_platform\Debug\libm2s010_som_sb_MSS_CM3_hw_platform.a(mss_uart.o)
 .text.set_bit_reg8
                0x200027c0       0x40 C:\PULSAR\Projects\PPI\PoweredRail\Common_Module_SOC\CommonModule_Rev1_3\SoftConsole\m2s010_som_sb_MSS_CM3\m2s010_som_sb_MSS_CM3_hw_platform\Debug\libm2s010_som_sb_MSS_CM3_hw_platform.a(mss_uart.o)
 .text.clear_bit_reg8
                0x20002800       0x40 C:\PULSAR\Projects\PPI\PoweredRail\Common_Module_SOC\CommonModule_Rev1_3\SoftConsole\m2s010_som_sb_MSS_CM3\m2s010_som_sb_MSS_CM3_hw_platform\Debug\libm2s010_som_sb_MSS_CM3_hw_platform.a(mss_uart.o)
 .text.read_bit_reg8
                0x20002840       0x40 C:\PULSAR\Projects\PPI\PoweredRail\Common_Module_SOC\CommonModule_Rev1_3\SoftConsole\m2s010_som_sb_MSS_CM3\m2s010_som_sb_MSS_CM3_hw_platform\Debug\libm2s010_som_sb_MSS_CM3_hw_platform.a(mss_uart.o)
 .text.MSS_UART_init
                0x20002880       0x84 C:\PULSAR\Projects\PPI\PoweredRail\Common_Module_SOC\CommonModule_Rev1_3\SoftConsole\m2s010_som_sb_MSS_CM3\m2s010_som_sb_MSS_CM3_hw_platform\Debug\libm2s010_som_sb_MSS_CM3_hw_platform.a(mss_uart.o)
                0x20002880                MSS_UART_init
 .text.MSS_UART_polled_tx
                0x20002904       0xe4 C:\PULSAR\Projects\PPI\PoweredRail\Common_Module_SOC\CommonModule_Rev1_3\SoftConsole\m2s010_som_sb_MSS_CM3\m2s010_som_sb_MSS_CM3_hw_platform\Debug\libm2s010_som_sb_MSS_CM3_hw_platform.a(mss_uart.o)
                0x20002904                MSS_UART_polled_tx
 .text.MSS_UART_polled_tx_string
                0x200029e8       0xcc C:\PULSAR\Projects\PPI\PoweredRail\Common_Module_SOC\CommonModule_Rev1_3\SoftConsole\m2s010_som_sb_MSS_CM3\m2s010_som_sb_MSS_CM3_hw_platform\Debug\libm2s010_som_sb_MSS_CM3_hw_platform.a(mss_uart.o)
                0x200029e8                MSS_UART_polled_tx_string
 .text.MSS_UART_get_rx
                0x20002ab4       0xdc C:\PULSAR\Projects\PPI\PoweredRail\Common_Module_SOC\CommonModule_Rev1_3\SoftConsole\m2s010_som_sb_MSS_CM3\m2s010_som_sb_MSS_CM3_hw_platform\Debug\libm2s010_som_sb_MSS_CM3_hw_platform.a(mss_uart.o)
                0x20002ab4                MSS_UART_get_rx
 .text.UART0_IRQHandler
                0x20002b90       0x24 C:\PULSAR\Projects\PPI\PoweredRail\Common_Module_SOC\CommonModule_Rev1_3\SoftConsole\m2s010_som_sb_MSS_CM3\m2s010_som_sb_MSS_CM3_hw_platform\Debug\libm2s010_som_sb_MSS_CM3_hw_platform.a(mss_uart.o)
                0x20002b90                UART0_IRQHandler
 .text.UART1_IRQHandler
                0x20002bb4       0x24 C:\PULSAR\Projects\PPI\PoweredRail\Common_Module_SOC\CommonModule_Rev1_3\SoftConsole\m2s010_som_sb_MSS_CM3\m2s010_som_sb_MSS_CM3_hw_platform\Debug\libm2s010_som_sb_MSS_CM3_hw_platform.a(mss_uart.o)
                0x20002bb4                UART1_IRQHandler
 .text.config_baud_divisors
                0x20002bd8      0x198 C:\PULSAR\Projects\PPI\PoweredRail\Common_Module_SOC\CommonModule_Rev1_3\SoftConsole\m2s010_som_sb_MSS_CM3\m2s010_som_sb_MSS_CM3_hw_platform\Debug\libm2s010_som_sb_MSS_CM3_hw_platform.a(mss_uart.o)
 .text.global_init
                0x20002d70      0x26c C:\PULSAR\Projects\PPI\PoweredRail\Common_Module_SOC\CommonModule_Rev1_3\SoftConsole\m2s010_som_sb_MSS_CM3\m2s010_som_sb_MSS_CM3_hw_platform\Debug\libm2s010_som_sb_MSS_CM3_hw_platform.a(mss_uart.o)
 .text.MSS_UART_isr
                0x20002fdc      0x22c C:\PULSAR\Projects\PPI\PoweredRail\Common_Module_SOC\CommonModule_Rev1_3\SoftConsole\m2s010_som_sb_MSS_CM3\m2s010_som_sb_MSS_CM3_hw_platform\Debug\libm2s010_som_sb_MSS_CM3_hw_platform.a(mss_uart.o)
 .text.default_tx_handler
                0x20003208      0x10c C:\PULSAR\Projects\PPI\PoweredRail\Common_Module_SOC\CommonModule_Rev1_3\SoftConsole\m2s010_som_sb_MSS_CM3\m2s010_som_sb_MSS_CM3_hw_platform\Debug\libm2s010_som_sb_MSS_CM3_hw_platform.a(mss_uart.o)
 .text.NVIC_DisableIRQ
                0x20003314       0x3c C:\PULSAR\Projects\PPI\PoweredRail\Common_Module_SOC\CommonModule_Rev1_3\SoftConsole\m2s010_som_sb_MSS_CM3\m2s010_som_sb_MSS_CM3_hw_platform\Debug\libm2s010_som_sb_MSS_CM3_hw_platform.a(mss_gpio.o)
 .text.NVIC_ClearPendingIRQ
                0x20003350       0x3c C:\PULSAR\Projects\PPI\PoweredRail\Common_Module_SOC\CommonModule_Rev1_3\SoftConsole\m2s010_som_sb_MSS_CM3\m2s010_som_sb_MSS_CM3_hw_platform\Debug\libm2s010_som_sb_MSS_CM3_hw_platform.a(mss_gpio.o)
 .text.MSS_GPIO_init
                0x2000338c       0xac C:\PULSAR\Projects\PPI\PoweredRail\Common_Module_SOC\CommonModule_Rev1_3\SoftConsole\m2s010_som_sb_MSS_CM3\m2s010_som_sb_MSS_CM3_hw_platform\Debug\libm2s010_som_sb_MSS_CM3_hw_platform.a(mss_gpio.o)
                0x2000338c                MSS_GPIO_init
 .text.MSS_GPIO_config
                0x20003438       0x3c C:\PULSAR\Projects\PPI\PoweredRail\Common_Module_SOC\CommonModule_Rev1_3\SoftConsole\m2s010_som_sb_MSS_CM3\m2s010_som_sb_MSS_CM3_hw_platform\Debug\libm2s010_som_sb_MSS_CM3_hw_platform.a(mss_gpio.o)
                0x20003438                MSS_GPIO_config
 .text.SystemInit
                0x20003474       0x28 C:\PULSAR\Projects\PPI\PoweredRail\Common_Module_SOC\CommonModule_Rev1_3\SoftConsole\m2s010_som_sb_MSS_CM3\m2s010_som_sb_MSS_CM3_hw_platform\Debug\libm2s010_som_sb_MSS_CM3_hw_platform.a(system_m2sxxx.o)
                0x20003474                SystemInit
 .text.SystemCoreClockUpdate
                0x2000349c      0x14c C:\PULSAR\Projects\PPI\PoweredRail\Common_Module_SOC\CommonModule_Rev1_3\SoftConsole\m2s010_som_sb_MSS_CM3\m2s010_som_sb_MSS_CM3_hw_platform\Debug\libm2s010_som_sb_MSS_CM3_hw_platform.a(system_m2sxxx.o)
                0x2000349c                SystemCoreClockUpdate
 .text.get_rcosc_25_50mhz_frequency
                0x200035e8       0x44 C:\PULSAR\Projects\PPI\PoweredRail\Common_Module_SOC\CommonModule_Rev1_3\SoftConsole\m2s010_som_sb_MSS_CM3\m2s010_som_sb_MSS_CM3_hw_platform\Debug\libm2s010_som_sb_MSS_CM3_hw_platform.a(system_m2sxxx.o)
 .text.set_clock_frequency_globals
                0x2000362c       0x6c C:\PULSAR\Projects\PPI\PoweredRail\Common_Module_SOC\CommonModule_Rev1_3\SoftConsole\m2s010_som_sb_MSS_CM3\m2s010_som_sb_MSS_CM3_hw_platform\Debug\libm2s010_som_sb_MSS_CM3_hw_platform.a(system_m2sxxx.o)
 .text.get_silicon_revision
                0x20003698       0x50 C:\PULSAR\Projects\PPI\PoweredRail\Common_Module_SOC\CommonModule_Rev1_3\SoftConsole\m2s010_som_sb_MSS_CM3\m2s010_som_sb_MSS_CM3_hw_platform\Debug\libm2s010_som_sb_MSS_CM3_hw_platform.a(system_m2sxxx.o)
 .text.silicon_workarounds
                0x200036e8       0x20 C:\PULSAR\Projects\PPI\PoweredRail\Common_Module_SOC\CommonModule_Rev1_3\SoftConsole\m2s010_som_sb_MSS_CM3\m2s010_som_sb_MSS_CM3_hw_platform\Debug\libm2s010_som_sb_MSS_CM3_hw_platform.a(system_m2sxxx.o)
 .text.m2s050_rev_a_workarounds
                0x20003708       0x44 C:\PULSAR\Projects\PPI\PoweredRail\Common_Module_SOC\CommonModule_Rev1_3\SoftConsole\m2s010_som_sb_MSS_CM3\m2s010_som_sb_MSS_CM3_hw_platform\Debug\libm2s010_som_sb_MSS_CM3_hw_platform.a(system_m2sxxx.o)
 .text          0x2000374c       0x50 c:/microsemi/libero_v11.5/softconsole/sourcery-g++/bin/../lib/gcc/arm-none-eabi/4.4.1/../../../../arm-none-eabi/lib/thumb2\libc.a(lib_a-init.o)
                0x2000374c                __libc_init_array
 *(.plt)
 *(.gnu.warning)
 *(.glue_7t)
 .glue_7t       0x00000000        0x0 linker stubs
 *(.glue_7)
 .glue_7        0x00000000        0x0 linker stubs
 *(.vfp11_veneer)
 .vfp11_veneer  0x00000000        0x0 linker stubs
                0x2000379c                . = ALIGN (0x4)
 *crtbegin.o(.ctors)
 *(EXCLUDE_FILE(*crtend.o) .ctors)
 *(SORT(.ctors.*))
 *crtend.o(.ctors)
 *crtbegin.o(.dtors)
 *(EXCLUDE_FILE(*crtend.o) .dtors)
 *(SORT(.dtors.*))
 *crtend.o(.dtors)
 *(.rodata .rodata.* .gnu.linkonce.r.*)
 .rodata        0x2000379c      0x9cc ./main.o
 .rodata.g_config_reg_lut
                0x20004168       0x80 C:\PULSAR\Projects\PPI\PoweredRail\Common_Module_SOC\CommonModule_Rev1_3\SoftConsole\m2s010_som_sb_MSS_CM3\m2s010_som_sb_MSS_CM3_hw_platform\Debug\libm2s010_som_sb_MSS_CM3_hw_platform.a(mss_gpio.o)
 .rodata.g_gpio_irqn_lut
                0x200041e8       0x20 C:\PULSAR\Projects\PPI\PoweredRail\Common_Module_SOC\CommonModule_Rev1_3\SoftConsole\m2s010_som_sb_MSS_CM3\m2s010_som_sb_MSS_CM3_hw_platform\Debug\libm2s010_som_sb_MSS_CM3_hw_platform.a(mss_gpio.o)
 .rodata.C.18.3527
                0x20004208        0x8 C:\PULSAR\Projects\PPI\PoweredRail\Common_Module_SOC\CommonModule_Rev1_3\SoftConsole\m2s010_som_sb_MSS_CM3\m2s010_som_sb_MSS_CM3_hw_platform\Debug\libm2s010_som_sb_MSS_CM3_hw_platform.a(system_m2sxxx.o)
 *(.ARM.extab* .gnu.linkonce.armextab.*)
 *(.gcc_except_table)
 *(.eh_frame_hdr)
 *(.eh_frame)
 *(.vector_table)
 *(.init)
 .init          0x20004210        0x4 c:/microsemi/libero_v11.5/softconsole/sourcery-g++/bin/../lib/gcc/arm-none-eabi/4.4.1/thumb2/crti.o
                0x20004210                _init
 .init          0x20004214        0x8 c:/microsemi/libero_v11.5/softconsole/sourcery-g++/bin/../lib/gcc/arm-none-eabi/4.4.1/thumb2/crtn.o
 *(.fini)
 .fini          0x2000421c        0x4 c:/microsemi/libero_v11.5/softconsole/sourcery-g++/bin/../lib/gcc/arm-none-eabi/4.4.1/thumb2/crti.o
                0x2000421c                _fini
 .fini          0x20004220        0x8 c:/microsemi/libero_v11.5/softconsole/sourcery-g++/bin/../lib/gcc/arm-none-eabi/4.4.1/thumb2/crtn.o
                0x20004228                PROVIDE (__preinit_array_start, .)
 *(.preinit_array)
                0x20004228                PROVIDE (__preinit_array_end, .)
                0x20004228                PROVIDE (__init_array_start, .)
 *(SORT(.init_array.*))
 *(.init_array)
 .init_array    0x20004228        0x4 c:/microsemi/libero_v11.5/softconsole/sourcery-g++/bin/../lib/gcc/arm-none-eabi/4.4.1/thumb2/crtbegin.o
                0x2000422c                PROVIDE (__init_array_end, .)
                0x2000422c                PROVIDE (__fini_array_start, .)
 *(.fini_array)
 .fini_array    0x2000422c        0x4 c:/microsemi/libero_v11.5/softconsole/sourcery-g++/bin/../lib/gcc/arm-none-eabi/4.4.1/thumb2/crtbegin.o
 *(SORT(.fini_array.*))
                0x20004230                PROVIDE (__fini_array_end, .)
                0x20004230                . = ALIGN (0x10)
                0x20004230                __exidx_start = .

.v4_bx          0x20004230        0x0
 .v4_bx         0x00000000        0x0 linker stubs

.ARM.exidx
 *(.ARM.exidx* .gnu.linkonce.armexidx.*)
                0x20004230                __exidx_end = .
                0x20004230                _etext = .
                0x20004230                PROVIDE (__text_end, .)

.data           0x20004230       0x20
                0x20004230                __data_load = LOADADDR (.data)
                0x20004230                _sidata = LOADADDR (.data)
                0x20004230                __data_start = .
                0x20004230                _sdata = .
 *(.jcr)
 .jcr           0x20004230        0x0 c:/microsemi/libero_v11.5/softconsole/sourcery-g++/bin/../lib/gcc/arm-none-eabi/4.4.1/thumb2/crtbegin.o
 .jcr           0x20004230        0x4 c:/microsemi/libero_v11.5/softconsole/sourcery-g++/bin/../lib/gcc/arm-none-eabi/4.4.1/thumb2/crtend.o
 *(.got.plt)
 *(.got)
 *(.shdata)
 *(.data .data.* .gnu.linkonce.d.*)
 .data.SystemCoreClock
                0x20004234        0x4 C:\PULSAR\Projects\PPI\PoweredRail\Common_Module_SOC\CommonModule_Rev1_3\SoftConsole\m2s010_som_sb_MSS_CM3\m2s010_som_sb_MSS_CM3_hw_platform\Debug\libm2s010_som_sb_MSS_CM3_hw_platform.a(system_m2sxxx.o)
                0x20004234                SystemCoreClock
 .data.g_FrequencyPCLK0
                0x20004238        0x4 C:\PULSAR\Projects\PPI\PoweredRail\Common_Module_SOC\CommonModule_Rev1_3\SoftConsole\m2s010_som_sb_MSS_CM3\m2s010_som_sb_MSS_CM3_hw_platform\Debug\libm2s010_som_sb_MSS_CM3_hw_platform.a(system_m2sxxx.o)
                0x20004238                g_FrequencyPCLK0
 .data.g_FrequencyPCLK1
                0x2000423c        0x4 C:\PULSAR\Projects\PPI\PoweredRail\Common_Module_SOC\CommonModule_Rev1_3\SoftConsole\m2s010_som_sb_MSS_CM3\m2s010_som_sb_MSS_CM3_hw_platform\Debug\libm2s010_som_sb_MSS_CM3_hw_platform.a(system_m2sxxx.o)
                0x2000423c                g_FrequencyPCLK1
 .data.g_FrequencyPCLK2
                0x20004240        0x4 C:\PULSAR\Projects\PPI\PoweredRail\Common_Module_SOC\CommonModule_Rev1_3\SoftConsole\m2s010_som_sb_MSS_CM3\m2s010_som_sb_MSS_CM3_hw_platform\Debug\libm2s010_som_sb_MSS_CM3_hw_platform.a(system_m2sxxx.o)
                0x20004240                g_FrequencyPCLK2
 .data.g_FrequencyFIC0
                0x20004244        0x4 C:\PULSAR\Projects\PPI\PoweredRail\Common_Module_SOC\CommonModule_Rev1_3\SoftConsole\m2s010_som_sb_MSS_CM3\m2s010_som_sb_MSS_CM3_hw_platform\Debug\libm2s010_som_sb_MSS_CM3_hw_platform.a(system_m2sxxx.o)
                0x20004244                g_FrequencyFIC0
 .data.g_FrequencyFIC1
                0x20004248        0x4 C:\PULSAR\Projects\PPI\PoweredRail\Common_Module_SOC\CommonModule_Rev1_3\SoftConsole\m2s010_som_sb_MSS_CM3\m2s010_som_sb_MSS_CM3_hw_platform\Debug\libm2s010_som_sb_MSS_CM3_hw_platform.a(system_m2sxxx.o)
                0x20004248                g_FrequencyFIC1
 .data.g_FrequencyFIC64
                0x2000424c        0x4 C:\PULSAR\Projects\PPI\PoweredRail\Common_Module_SOC\CommonModule_Rev1_3\SoftConsole\m2s010_som_sb_MSS_CM3\m2s010_som_sb_MSS_CM3_hw_platform\Debug\libm2s010_som_sb_MSS_CM3_hw_platform.a(system_m2sxxx.o)
                0x2000424c                g_FrequencyFIC64
                0x20004250                . = ALIGN (0x10)
                0x20004250                _edata = .

.bss            0x20004250       0x90
                0x20004250                __bss_start__ = .
                0x20004250                _sbss = .
 *(.shbss)
 *(.bss .bss.* .gnu.linkonce.b.*)
 .bss           0x20004250        0x1 c:/microsemi/libero_v11.5/softconsole/sourcery-g++/bin/../lib/gcc/arm-none-eabi/4.4.1/thumb2/crtbegin.o
 *(COMMON)
 *fill*         0x20004251        0x3 00
 COMMON         0x20004254       0x80 C:\PULSAR\Projects\PPI\PoweredRail\Common_Module_SOC\CommonModule_Rev1_3\SoftConsole\m2s010_som_sb_MSS_CM3\m2s010_som_sb_MSS_CM3_hw_platform\Debug\libm2s010_som_sb_MSS_CM3_hw_platform.a(mss_uart.o)
                0x20004254                g_mss_uart1
                0x20004294                g_mss_uart0
                0x200042e0                . = ALIGN (0x10)
 *fill*         0x200042d4        0xc 00
                0x200042e0                __bss_end__ = .
                0x200042e0                _end = .
                0x200042e0                __end = _end
                0x200042e0                _ebss = .
                0x200042e0                PROVIDE (end, .)

.heap           0x200042e0     0xad20
                0x200042e0                __heap_start__ = .
                0x200052e0                . = (. + MIN_SIZE_HEAP)
 *fill*         0x200042e0     0x1000 00
                0x2000f000                . = (. + (((ABSOLUTE (RAM_START_ADDRESS) + RAM_SIZE) - MAIN_STACK_SIZE) - .))
 *fill*         0x200052e0     0x9d20 00
                0x2000f000                _eheap = .

.stack          0x2000f000     0x1000
                0x2000f000                __stack_start__ = .
                0x20010000                . = (. + MAIN_STACK_SIZE)
 *fill*         0x2000f000     0x1000 00
                0x20010000                _estack = .

.stab
 *(.stab)

.stabstr
 *(.stabstr)

.debug
 *(.debug)

.line
 *(.line)

.debug_srcinfo
 *(.debug_srcinfo)

.debug_sfnames
 *(.debug_sfnames)

.comment        0x00000000       0xd7
 .comment       0x00000000       0x2b ./main.o
 .comment       0x0000002b       0x2b C:/PULSAR/Projects/PPI/PoweredRail/Common_Module_SOC/CommonModule_Rev1_3/SoftConsole/m2s010_som_sb_MSS_CM3/m2s010_som_sb_MSS_CM3_hw_platform/Debug/CMSIS/startup_gcc/newlib_stubs.o
 .comment       0x00000056       0x2b C:\PULSAR\Projects\PPI\PoweredRail\Common_Module_SOC\CommonModule_Rev1_3\SoftConsole\m2s010_som_sb_MSS_CM3\m2s010_som_sb_MSS_CM3_hw_platform\Debug\libm2s010_som_sb_MSS_CM3_hw_platform.a(mss_uart.o)
 .comment       0x00000081       0x2b C:\PULSAR\Projects\PPI\PoweredRail\Common_Module_SOC\CommonModule_Rev1_3\SoftConsole\m2s010_som_sb_MSS_CM3\m2s010_som_sb_MSS_CM3_hw_platform\Debug\libm2s010_som_sb_MSS_CM3_hw_platform.a(mss_gpio.o)
 .comment       0x000000ac       0x2b C:\PULSAR\Projects\PPI\PoweredRail\Common_Module_SOC\CommonModule_Rev1_3\SoftConsole\m2s010_som_sb_MSS_CM3\m2s010_som_sb_MSS_CM3_hw_platform\Debug\libm2s010_som_sb_MSS_CM3_hw_platform.a(system_m2sxxx.o)

.debug_aranges  0x00000000      0x3e8
 *(.debug_aranges)
 .debug_aranges
                0x00000000       0xb8 ./main.o
 .debug_aranges
                0x000000b8       0xa8 C:/PULSAR/Projects/PPI/PoweredRail/Common_Module_SOC/CommonModule_Rev1_3/SoftConsole/m2s010_som_sb_MSS_CM3/m2s010_som_sb_MSS_CM3_hw_platform/Debug/CMSIS/startup_gcc/newlib_stubs.o
 .debug_aranges
                0x00000160      0x1d0 C:\PULSAR\Projects\PPI\PoweredRail\Common_Module_SOC\CommonModule_Rev1_3\SoftConsole\m2s010_som_sb_MSS_CM3\m2s010_som_sb_MSS_CM3_hw_platform\Debug\libm2s010_som_sb_MSS_CM3_hw_platform.a(mss_uart.o)
 .debug_aranges
                0x00000330       0x68 C:\PULSAR\Projects\PPI\PoweredRail\Common_Module_SOC\CommonModule_Rev1_3\SoftConsole\m2s010_som_sb_MSS_CM3\m2s010_som_sb_MSS_CM3_hw_platform\Debug\libm2s010_som_sb_MSS_CM3_hw_platform.a(mss_gpio.o)
 .debug_aranges
                0x00000398       0x50 C:\PULSAR\Projects\PPI\PoweredRail\Common_Module_SOC\CommonModule_Rev1_3\SoftConsole\m2s010_som_sb_MSS_CM3\m2s010_som_sb_MSS_CM3_hw_platform\Debug\libm2s010_som_sb_MSS_CM3_hw_platform.a(system_m2sxxx.o)

.debug_pubnames
                0x00000000      0x935
 *(.debug_pubnames)
 .debug_pubnames
                0x00000000      0x1bf ./main.o
 .debug_pubnames
                0x000001bf       0xeb C:/PULSAR/Projects/PPI/PoweredRail/Common_Module_SOC/CommonModule_Rev1_3/SoftConsole/m2s010_som_sb_MSS_CM3/m2s010_som_sb_MSS_CM3_hw_platform/Debug/CMSIS/startup_gcc/newlib_stubs.o
 .debug_pubnames
                0x000002aa      0x50f C:\PULSAR\Projects\PPI\PoweredRail\Common_Module_SOC\CommonModule_Rev1_3\SoftConsole\m2s010_som_sb_MSS_CM3\m2s010_som_sb_MSS_CM3_hw_platform\Debug\libm2s010_som_sb_MSS_CM3_hw_platform.a(mss_uart.o)
 .debug_pubnames
                0x000007b9       0xb1 C:\PULSAR\Projects\PPI\PoweredRail\Common_Module_SOC\CommonModule_Rev1_3\SoftConsole\m2s010_som_sb_MSS_CM3\m2s010_som_sb_MSS_CM3_hw_platform\Debug\libm2s010_som_sb_MSS_CM3_hw_platform.a(mss_gpio.o)
 .debug_pubnames
                0x0000086a       0xcb C:\PULSAR\Projects\PPI\PoweredRail\Common_Module_SOC\CommonModule_Rev1_3\SoftConsole\m2s010_som_sb_MSS_CM3\m2s010_som_sb_MSS_CM3_hw_platform\Debug\libm2s010_som_sb_MSS_CM3_hw_platform.a(system_m2sxxx.o)

.debug_info     0x00000000     0x65df
 *(.debug_info .gnu.linkonce.wi.*)
 .debug_info    0x00000000     0x22fb ./main.o
 .debug_info    0x000022fb      0x6ed C:/PULSAR/Projects/PPI/PoweredRail/Common_Module_SOC/CommonModule_Rev1_3/SoftConsole/m2s010_som_sb_MSS_CM3/m2s010_som_sb_MSS_CM3_hw_platform/Debug/CMSIS/startup_gcc/newlib_stubs.o
 .debug_info    0x000029e8     0x1ed4 C:\PULSAR\Projects\PPI\PoweredRail\Common_Module_SOC\CommonModule_Rev1_3\SoftConsole\m2s010_som_sb_MSS_CM3\m2s010_som_sb_MSS_CM3_hw_platform\Debug\libm2s010_som_sb_MSS_CM3_hw_platform.a(mss_uart.o)
 .debug_info    0x000048bc     0x1164 C:\PULSAR\Projects\PPI\PoweredRail\Common_Module_SOC\CommonModule_Rev1_3\SoftConsole\m2s010_som_sb_MSS_CM3\m2s010_som_sb_MSS_CM3_hw_platform\Debug\libm2s010_som_sb_MSS_CM3_hw_platform.a(mss_gpio.o)
 .debug_info    0x00005a20      0xbbf C:\PULSAR\Projects\PPI\PoweredRail\Common_Module_SOC\CommonModule_Rev1_3\SoftConsole\m2s010_som_sb_MSS_CM3\m2s010_som_sb_MSS_CM3_hw_platform\Debug\libm2s010_som_sb_MSS_CM3_hw_platform.a(system_m2sxxx.o)

.debug_abbrev   0x00000000      0x8f8
 *(.debug_abbrev)
 .debug_abbrev  0x00000000      0x253 ./main.o
 .debug_abbrev  0x00000253      0x170 C:/PULSAR/Projects/PPI/PoweredRail/Common_Module_SOC/CommonModule_Rev1_3/SoftConsole/m2s010_som_sb_MSS_CM3/m2s010_som_sb_MSS_CM3_hw_platform/Debug/CMSIS/startup_gcc/newlib_stubs.o
 .debug_abbrev  0x000003c3      0x280 C:\PULSAR\Projects\PPI\PoweredRail\Common_Module_SOC\CommonModule_Rev1_3\SoftConsole\m2s010_som_sb_MSS_CM3\m2s010_som_sb_MSS_CM3_hw_platform\Debug\libm2s010_som_sb_MSS_CM3_hw_platform.a(mss_uart.o)
 .debug_abbrev  0x00000643      0x165 C:\PULSAR\Projects\PPI\PoweredRail\Common_Module_SOC\CommonModule_Rev1_3\SoftConsole\m2s010_som_sb_MSS_CM3\m2s010_som_sb_MSS_CM3_hw_platform\Debug\libm2s010_som_sb_MSS_CM3_hw_platform.a(mss_gpio.o)
 .debug_abbrev  0x000007a8      0x150 C:\PULSAR\Projects\PPI\PoweredRail\Common_Module_SOC\CommonModule_Rev1_3\SoftConsole\m2s010_som_sb_MSS_CM3\m2s010_som_sb_MSS_CM3_hw_platform\Debug\libm2s010_som_sb_MSS_CM3_hw_platform.a(system_m2sxxx.o)

.debug_line     0x00000000     0x1eac
 *(.debug_line)
 .debug_line    0x00000000      0xbde ./main.o
 .debug_line    0x00000bde      0x486 C:/PULSAR/Projects/PPI/PoweredRail/Common_Module_SOC/CommonModule_Rev1_3/SoftConsole/m2s010_som_sb_MSS_CM3/m2s010_som_sb_MSS_CM3_hw_platform/Debug/CMSIS/startup_gcc/newlib_stubs.o
 .debug_line    0x00001064      0x8c8 C:\PULSAR\Projects\PPI\PoweredRail\Common_Module_SOC\CommonModule_Rev1_3\SoftConsole\m2s010_som_sb_MSS_CM3\m2s010_som_sb_MSS_CM3_hw_platform\Debug\libm2s010_som_sb_MSS_CM3_hw_platform.a(mss_uart.o)
 .debug_line    0x0000192c      0x364 C:\PULSAR\Projects\PPI\PoweredRail\Common_Module_SOC\CommonModule_Rev1_3\SoftConsole\m2s010_som_sb_MSS_CM3\m2s010_som_sb_MSS_CM3_hw_platform\Debug\libm2s010_som_sb_MSS_CM3_hw_platform.a(mss_gpio.o)
 .debug_line    0x00001c90      0x21c C:\PULSAR\Projects\PPI\PoweredRail\Common_Module_SOC\CommonModule_Rev1_3\SoftConsole\m2s010_som_sb_MSS_CM3\m2s010_som_sb_MSS_CM3_hw_platform\Debug\libm2s010_som_sb_MSS_CM3_hw_platform.a(system_m2sxxx.o)

.debug_frame    0x00000000      0xd90
 *(.debug_frame)
 .debug_frame   0x00000000      0x26c ./main.o
 .debug_frame   0x0000026c      0x21c C:/PULSAR/Projects/PPI/PoweredRail/Common_Module_SOC/CommonModule_Rev1_3/SoftConsole/m2s010_som_sb_MSS_CM3/m2s010_som_sb_MSS_CM3_hw_platform/Debug/CMSIS/startup_gcc/newlib_stubs.o
 .debug_frame   0x00000488      0x6b4 C:\PULSAR\Projects\PPI\PoweredRail\Common_Module_SOC\CommonModule_Rev1_3\SoftConsole\m2s010_som_sb_MSS_CM3\m2s010_som_sb_MSS_CM3_hw_platform\Debug\libm2s010_som_sb_MSS_CM3_hw_platform.a(mss_uart.o)
 .debug_frame   0x00000b3c      0x130 C:\PULSAR\Projects\PPI\PoweredRail\Common_Module_SOC\CommonModule_Rev1_3\SoftConsole\m2s010_som_sb_MSS_CM3\m2s010_som_sb_MSS_CM3_hw_platform\Debug\libm2s010_som_sb_MSS_CM3_hw_platform.a(mss_gpio.o)
 .debug_frame   0x00000c6c       0xd8 C:\PULSAR\Projects\PPI\PoweredRail\Common_Module_SOC\CommonModule_Rev1_3\SoftConsole\m2s010_som_sb_MSS_CM3\m2s010_som_sb_MSS_CM3_hw_platform\Debug\libm2s010_som_sb_MSS_CM3_hw_platform.a(system_m2sxxx.o)
 .debug_frame   0x00000d44       0x20 c:/microsemi/libero_v11.5/softconsole/sourcery-g++/bin/../lib/gcc/arm-none-eabi/4.4.1/../../../../arm-none-eabi/lib/thumb2\libc.a(lib_a-errno.o)
 .debug_frame   0x00000d64       0x2c c:/microsemi/libero_v11.5/softconsole/sourcery-g++/bin/../lib/gcc/arm-none-eabi/4.4.1/../../../../arm-none-eabi/lib/thumb2\libc.a(lib_a-init.o)

.debug_str      0x00000000     0x300e
 *(.debug_str)
 .debug_str     0x00000000     0x18f8 ./main.o
                               0x1a98 (size before relaxing)
 .debug_str     0x000018f8      0x293 C:/PULSAR/Projects/PPI/PoweredRail/Common_Module_SOC/CommonModule_Rev1_3/SoftConsole/m2s010_som_sb_MSS_CM3/m2s010_som_sb_MSS_CM3_hw_platform/Debug/CMSIS/startup_gcc/newlib_stubs.o
                                0x366 (size before relaxing)
 .debug_str     0x00001b8b     0x1149 C:\PULSAR\Projects\PPI\PoweredRail\Common_Module_SOC\CommonModule_Rev1_3\SoftConsole\m2s010_som_sb_MSS_CM3\m2s010_som_sb_MSS_CM3_hw_platform\Debug\libm2s010_som_sb_MSS_CM3_hw_platform.a(mss_uart.o)
                               0x19cc (size before relaxing)
 .debug_str     0x00002cd4      0x15c C:\PULSAR\Projects\PPI\PoweredRail\Common_Module_SOC\CommonModule_Rev1_3\SoftConsole\m2s010_som_sb_MSS_CM3\m2s010_som_sb_MSS_CM3_hw_platform\Debug\libm2s010_som_sb_MSS_CM3_hw_platform.a(mss_gpio.o)
                               0x1246 (size before relaxing)
 .debug_str     0x00002e30      0x1de C:\PULSAR\Projects\PPI\PoweredRail\Common_Module_SOC\CommonModule_Rev1_3\SoftConsole\m2s010_som_sb_MSS_CM3\m2s010_som_sb_MSS_CM3_hw_platform\Debug\libm2s010_som_sb_MSS_CM3_hw_platform.a(system_m2sxxx.o)
                                0xa46 (size before relaxing)

.debug_loc      0x00000000     0x1752
 *(.debug_loc)
 .debug_loc     0x00000000      0x444 ./main.o
 .debug_loc     0x00000444      0x3c6 C:/PULSAR/Projects/PPI/PoweredRail/Common_Module_SOC/CommonModule_Rev1_3/SoftConsole/m2s010_som_sb_MSS_CM3/m2s010_som_sb_MSS_CM3_hw_platform/Debug/CMSIS/startup_gcc/newlib_stubs.o
 .debug_loc     0x0000080a      0xbb9 C:\PULSAR\Projects\PPI\PoweredRail\Common_Module_SOC\CommonModule_Rev1_3\SoftConsole\m2s010_som_sb_MSS_CM3\m2s010_som_sb_MSS_CM3_hw_platform\Debug\libm2s010_som_sb_MSS_CM3_hw_platform.a(mss_uart.o)
 .debug_loc     0x000013c3      0x226 C:\PULSAR\Projects\PPI\PoweredRail\Common_Module_SOC\CommonModule_Rev1_3\SoftConsole\m2s010_som_sb_MSS_CM3\m2s010_som_sb_MSS_CM3_hw_platform\Debug\libm2s010_som_sb_MSS_CM3_hw_platform.a(mss_gpio.o)
 .debug_loc     0x000015e9      0x169 C:\PULSAR\Projects\PPI\PoweredRail\Common_Module_SOC\CommonModule_Rev1_3\SoftConsole\m2s010_som_sb_MSS_CM3\m2s010_som_sb_MSS_CM3_hw_platform\Debug\libm2s010_som_sb_MSS_CM3_hw_platform.a(system_m2sxxx.o)

.debug_macinfo  0x00000000    0x25a23
 *(.debug_macinfo)
 .debug_macinfo
                0x00000000     0xa162 ./main.o
 .debug_macinfo
                0x0000a162     0x4bf0 C:/PULSAR/Projects/PPI/PoweredRail/Common_Module_SOC/CommonModule_Rev1_3/SoftConsole/m2s010_som_sb_MSS_CM3/m2s010_som_sb_MSS_CM3_hw_platform/Debug/CMSIS/startup_gcc/newlib_stubs.o
 .debug_macinfo
                0x0000ed52     0x8184 C:\PULSAR\Projects\PPI\PoweredRail\Common_Module_SOC\CommonModule_Rev1_3\SoftConsole\m2s010_som_sb_MSS_CM3\m2s010_som_sb_MSS_CM3_hw_platform\Debug\libm2s010_som_sb_MSS_CM3_hw_platform.a(mss_uart.o)
 .debug_macinfo
                0x00016ed6     0x777c C:\PULSAR\Projects\PPI\PoweredRail\Common_Module_SOC\CommonModule_Rev1_3\SoftConsole\m2s010_som_sb_MSS_CM3\m2s010_som_sb_MSS_CM3_hw_platform\Debug\libm2s010_som_sb_MSS_CM3_hw_platform.a(mss_gpio.o)
 .debug_macinfo
                0x0001e652     0x73d1 C:\PULSAR\Projects\PPI\PoweredRail\Common_Module_SOC\CommonModule_Rev1_3\SoftConsole\m2s010_som_sb_MSS_CM3\m2s010_som_sb_MSS_CM3_hw_platform\Debug\libm2s010_som_sb_MSS_CM3_hw_platform.a(system_m2sxxx.o)

.debug_weaknames
 *(.debug_weaknames)

.debug_funcnames
 *(.debug_funcnames)

.debug_typenames
 *(.debug_typenames)

.debug_varnames
 *(.debug_varnames)

.note.gnu.arm.ident
 *(.note.gnu.arm.ident)

.ARM.attributes
                0x00000000       0x25
 *(.ARM.attributes)
 .ARM.attributes
                0x00000000       0x19 c:/microsemi/libero_v11.5/softconsole/sourcery-g++/bin/../lib/gcc/arm-none-eabi/4.4.1/thumb2/crti.o
 .ARM.attributes
                0x00000019       0x29 c:/microsemi/libero_v11.5/softconsole/sourcery-g++/bin/../lib/gcc/arm-none-eabi/4.4.1/thumb2/crtbegin.o
 .ARM.attributes
                0x00000042       0x31 ./main.o
 .ARM.attributes
                0x00000073       0x21 C:/PULSAR/Projects/PPI/PoweredRail/Common_Module_SOC/CommonModule_Rev1_3/SoftConsole/m2s010_som_sb_MSS_CM3/m2s010_som_sb_MSS_CM3_hw_platform/Debug/CMSIS/startup_gcc/startup_m2sxxx.o
 .ARM.attributes
                0x00000094       0x31 C:/PULSAR/Projects/PPI/PoweredRail/Common_Module_SOC/CommonModule_Rev1_3/SoftConsole/m2s010_som_sb_MSS_CM3/m2s010_som_sb_MSS_CM3_hw_platform/Debug/CMSIS/startup_gcc/newlib_stubs.o
 .ARM.attributes
                0x000000c5       0x31 C:\PULSAR\Projects\PPI\PoweredRail\Common_Module_SOC\CommonModule_Rev1_3\SoftConsole\m2s010_som_sb_MSS_CM3\m2s010_som_sb_MSS_CM3_hw_platform\Debug\libm2s010_som_sb_MSS_CM3_hw_platform.a(mss_uart.o)
 .ARM.attributes
                0x000000f6       0x31 C:\PULSAR\Projects\PPI\PoweredRail\Common_Module_SOC\CommonModule_Rev1_3\SoftConsole\m2s010_som_sb_MSS_CM3\m2s010_som_sb_MSS_CM3_hw_platform\Debug\libm2s010_som_sb_MSS_CM3_hw_platform.a(mss_gpio.o)
 .ARM.attributes
                0x00000127       0x31 C:\PULSAR\Projects\PPI\PoweredRail\Common_Module_SOC\CommonModule_Rev1_3\SoftConsole\m2s010_som_sb_MSS_CM3\m2s010_som_sb_MSS_CM3_hw_platform\Debug\libm2s010_som_sb_MSS_CM3_hw_platform.a(system_m2sxxx.o)
 .ARM.attributes
                0x00000158       0x29 c:/microsemi/libero_v11.5/softconsole/sourcery-g++/bin/../lib/gcc/arm-none-eabi/4.4.1/../../../../arm-none-eabi/lib/thumb2\libc.a(lib_a-errno.o)
 .ARM.attributes
                0x00000181       0x29 c:/microsemi/libero_v11.5/softconsole/sourcery-g++/bin/../lib/gcc/arm-none-eabi/4.4.1/../../../../arm-none-eabi/lib/thumb2\libc.a(lib_a-impure.o)
 .ARM.attributes
                0x000001aa       0x29 c:/microsemi/libero_v11.5/softconsole/sourcery-g++/bin/../lib/gcc/arm-none-eabi/4.4.1/../../../../arm-none-eabi/lib/thumb2\libc.a(lib_a-init.o)
 .ARM.attributes
                0x000001d3       0x29 c:/microsemi/libero_v11.5/softconsole/sourcery-g++/bin/../lib/gcc/arm-none-eabi/4.4.1/thumb2/crtend.o
 .ARM.attributes
                0x000001fc       0x19 c:/microsemi/libero_v11.5/softconsole/sourcery-g++/bin/../lib/gcc/arm-none-eabi/4.4.1/thumb2/crtn.o

/DISCARD/
 *(.note.GNU-stack)
 *(.isr_vector)
OUTPUT(m2s010_som_sb_MSS_CM3_app elf32-littlearm)

.debug_ranges   0x00000000      0x3c0
 .debug_ranges  0x00000000       0xb0 ./main.o
 .debug_ranges  0x000000b0       0xa0 C:/PULSAR/Projects/PPI/PoweredRail/Common_Module_SOC/CommonModule_Rev1_3/SoftConsole/m2s010_som_sb_MSS_CM3/m2s010_som_sb_MSS_CM3_hw_platform/Debug/CMSIS/startup_gcc/newlib_stubs.o
 .debug_ranges  0x00000150      0x1c8 C:\PULSAR\Projects\PPI\PoweredRail\Common_Module_SOC\CommonModule_Rev1_3\SoftConsole\m2s010_som_sb_MSS_CM3\m2s010_som_sb_MSS_CM3_hw_platform\Debug\libm2s010_som_sb_MSS_CM3_hw_platform.a(mss_uart.o)
 .debug_ranges  0x00000318       0x60 C:\PULSAR\Projects\PPI\PoweredRail\Common_Module_SOC\CommonModule_Rev1_3\SoftConsole\m2s010_som_sb_MSS_CM3\m2s010_som_sb_MSS_CM3_hw_platform\Debug\libm2s010_som_sb_MSS_CM3_hw_platform.a(mss_gpio.o)
 .debug_ranges  0x00000378       0x48 C:\PULSAR\Projects\PPI\PoweredRail\Common_Module_SOC\CommonModule_Rev1_3\SoftConsole\m2s010_som_sb_MSS_CM3\m2s010_som_sb_MSS_CM3_hw_platform\Debug\libm2s010_som_sb_MSS_CM3_hw_platform.a(system_m2sxxx.o)
