

@S |Clock Optimization Summary


#### START OF CLOCK OPTIMIZATION REPORT #####[

Clock optimization not enabled
3 non-gated/non-generated clock tree(s) driving 725 clock pin(s) of sequential element(s)
18 gated/generated clock tree(s) driving 1364 clock pin(s) of sequential element(s)
0 instances converted, 1364 sequential instances remain driven by gated/generated clocks

====================================================================== Non-Gated/Non-Generated Clocks ======================================================================
Clock Tree ID     Driving Element                                       Drive Element Type              Fanout     Sample Instance                                          
----------------------------------------------------------------------------------------------------------------------------------------------------------------------------
@K:CKID0019       ident_coreinst.comm_block_INST.jtagi.b9_Rcmi_KsDw     UJTAG                           716        ident_coreinst.comm_block_INST.b9_ORb_xNywD.b3_ORb[1]    
@K:CKID0020       m2s010_som_sb_0.BIBUF_1                               BIBUF                           1          m2s010_som_sb_0.m2s010_som_sb_MSS_0.MSS_ADLIB_INST       
@K:CKID0021       ident_coreinst.comm_block_INST.dr2_tck_keep           clock definition on keepbuf     8          ident_coreinst.comm_block_INST.b7_Rcmi_ql.b9_OvyH3_saL[7]
============================================================================================================================================================================
============================================================================================================================================= Gated/Generated Clocks =============================================================================================================================================
Clock Tree ID     Driving Element                                                                             Drive Element Type     Fanout     Sample Instance                                                                                        Explanation                                                
------------------------------------------------------------------------------------------------------------------------------------------------------------------------------------------------------------------------------------------------------------------------------------------------------------------
@K:CKID0001       CommsFPGA_top_0.RESET                                                                       CFG2                   3          CommsFPGA_top_0.TRIPLE_DEBOUNCE_INST.DEBOUNCE_2_INST.DEBOUNCE_PROC.un3_debounce_in_rs                  No gated clock conversion method for cell cell:ACG4.SLE    
@K:CKID0002       CommsFPGA_top_0.PROCESSOR_INTERFACE_INST.reset_all_pkt_cntrs_0_sqmuxa_i_0                   CFG4                   1          CommsFPGA_top_0.PROCESSOR_INTERFACE_INST.reset_all_pkt_cntrs                                           No gated clock conversion method for cell cell:ACG4.SLE    
@K:CKID0003       CommsFPGA_CCC_0.CCC_INST                                                                    CCC                    542        ident_coreinst.IICE_INST.mdiclink_reg[83]                                                              No gated clock conversion method for cell cell:ACG4.SLE    
@K:CKID0004       m2s010_som_sb_0.m2s010_som_sb_MSS_0.MSS_ADLIB_INST                                          MSS_060                302        CommsFPGA_top_0.MDIO_SLAVE_INST.slave_state[8]                                                         No gated clock conversion method for cell cell:ACG4.SLE    
@K:CKID0005       CommsFPGA_top_0.BIT_CLK                                                                     SLE                    177        CommsFPGA_top_0.q[23]                                                                                  No gated clock conversion method for cell cell:ACG4.SLE    
@K:CKID0006       m2s010_som_sb_0.CCC_0.CCC_INST                                                              CCC                    101        m2s010_som_sb_0.m2s010_som_sb_MSS_0.MSS_ADLIB_INST                                                     No gated clock conversion method for cell cell:work.MSS_060
@K:CKID0007       m2s010_som_sb_0.m2s010_som_sb_MSS_0.MSS_ADLIB_INST                                          MSS_060                75         m2s010_som_sb_0.m2s010_som_sb_MSS_0.MSS_ADLIB_INST                                                     No gated clock conversion method for cell cell:work.MSS_060
@K:CKID0008       CommsFPGA_top_0.ClkDivider[1]                                                               SLE                    73         CommsFPGA_top_0.idle_line_s[1]                                                                         No gated clock conversion method for cell cell:ACG4.SLE    
@K:CKID0009       CommsFPGA_CCC_0.CCC_INST                                                                    CCC                    30         CommsFPGA_top_0.BIT_CLK                                                                                No gated clock conversion method for cell cell:ACG4.SLE    
@K:CKID0010       m2s010_som_sb_0.FABOSC_0.I_RCOSC_25_50MHZ                                                   RCOSC_25_50MHZ         20         m2s010_som_sb_0.CORERESETP_0.count_ddr[13]                                                             No gated clock conversion method for cell cell:ACG4.SLE    
@K:CKID0011       CommsFPGA_top_0.COLLISION_DETECTOR_INST.TX_collision_detect                                 SLE                    1          CommsFPGA_top_0.PROCESSOR_INTERFACE_INST.INTERRUPT_INST.COLLISION_DETECT_INT_SYNC.sig_edge_detect      No gated clock conversion method for cell cell:ACG4.SLE    
@K:CKID0012       CommsFPGA_top_0.MANCHESTER_ENCODER_2_INST.JABBER_DETECT_inst.i_Jabber_detect                SLE                    1          CommsFPGA_top_0.PROCESSOR_INTERFACE_INST.INTERRUPT_INST.JABBER_DETECT_INT_SYNC.sig_edge_detect         No gated clock conversion method for cell cell:ACG4.SLE    
@K:CKID0013       CommsFPGA_top_0.MANCHESTER_DECODER2_INST.RECEIVE_STATE_MACHINE_INST.SFD_timeout             SLE                    1          CommsFPGA_top_0.PROCESSOR_INTERFACE_INST.INTERRUPT_INST.SFD_TIMEOUT_INT_SYNC.sig_edge_detect           No gated clock conversion method for cell cell:ACG4.SLE    
@K:CKID0014       CommsFPGA_top_0.MANCHESTER_DECODER2_INST.RECEIVE_STATE_MACHINE_INST.i_rx_packet_end_all     SLE                    1          CommsFPGA_top_0.PROCESSOR_INTERFACE_INST.INTERRUPT_INST.RX_PACKET_END_ALL_NEW_SYNC.sig_edge_detect     No gated clock conversion method for cell cell:ACG4.SLE    
@K:CKID0015       CommsFPGA_top_0.long_reset                                                                  SLE                    1          CommsFPGA_top_0.PROCESSOR_INTERFACE_INST.READY_DELAY_PROC.un5_apb3_rst_rs                              No gated clock conversion method for cell cell:ACG4.SLE    
@K:CKID0016       ident_coreinst.comm_block_INST.jtagi.b9_nv_oQwfYF_3_0_a2                                    CFG4                   19         ident_coreinst.IICE_INST.b5_nUTGT.b11_nUTGT_khWqH.genblk3.b8_vABZ3qsY                                  No gated clock conversion method for cell cell:ACG4.SLE    
@K:CKID0017       CommsFPGA_top_0.PROCESSOR_INTERFACE_INST.REG_READ_PROC.un18_read_reg_en_i_o2_RNI2COS        CFG4                   8          CommsFPGA_top_0.PROCESSOR_INTERFACE_INST.APB3_RDATA[0]                                                 No gated clock conversion method for cell cell:ACG4.SLE    
@K:CKID0018       ident_coreinst.comm_block_INST.jtagi.b10_8Kz_rKlrtX_RNO                                     CFG2                   8          ident_coreinst.comm_block_INST.b7_Rcmi_ql.genblk1.b10_dZst39_EF3[4]                                    No gated clock conversion method for cell cell:ACG4.SLE    
==================================================================================================================================================================================================================================================================================================================


##### END OF CLOCK OPTIMIZATION REPORT ######]

