*****************************************************************
Pin Report - Date: Wed Sep 05 16:43:28 2018 Pinchecksum: NOT-AVAILABLE
Product: Designer
Release: Libero SoC v11.8 SP2
Version: 11.8.2.4
Design Name: m2s010_som
Family: SmartFusion2
Die: M2S060T
Package: 325 FCSBGA
*****************************************************************

Port                       |Pin  |Fixed |Function                                               |Bank     |I/O Std   |Direction                      |I/O state in Flash*Freeze mode |Resistor Pull                      |I/O available in Flash*Freeze mode |Schmitt Trigger |Odt_Static    |Odt Imp (Ohm)  |Low Power Exit |Input Delay |Slew         |Pre-Emphasis      |Output Drive (mA) |Output Load (pF) |
---------------------------|-----|------|-------------------------------------------------------|---------|----------|-------------------------------|-------------------------------|-----------------------------------|-----------------------------------|----------------|--------------|---------------|---------------|------------|-------------|------------------|------------------|-----------------|
atck                        L9    Fixed  JTAG_TCK/M3_TCK                                         ---       
atdi                        N9    Fixed  JTAG_TDI/M3_TDI                                         ---       
atdo                        R7    Fixed  JTAG_TDO/M3_TDO/M3_SWO                                  ---       
atms                        AA3   Fixed  JTAG_TMS/M3_TMS/M3_SWDIO                                ---       
atrstb                      Y3    Fixed  JTAG_TRSTB/M3_TRSTB                                     ---       
D_COL                       L19   Yes    MSIO123PB9/GB6/CCC_NW1_CLKI1                            Bank9     LVCMOS33   Input                           TRISTATE                        None                                No                                  Off              ---            ---             Off             Off          ---           ---                ---                ---               
D_MDC                       F18   Yes    MSIO118PB9                                              Bank9     LVCMOS33   Output                          TRISTATE                        None                                No                                  ---              ---            ---             ---             ---          ---           ---                4                  5                 
D_MDIO                      G17   Yes    MSIO118NB9                                              Bank9     LVCMOS33   Inout                           TRISTATE                        None                                No                                  Off              ---            ---             Off             Off          ---           ---                4                  5                 
D_TXC                       J18   Yes    MSIO135NB9                                              Bank9     LVCMOS33   Input                           TRISTATE                        None                                No                                  Off              ---            ---             Off             Off          ---           ---                ---                ---               
D_TXD[0]                    G18   Yes    MSIO132NB9                                              Bank9     LVCMOS33   Output                          TRISTATE                        None                                No                                  ---              ---            ---             ---             ---          ---           ---                4                  5                 
D_TXD[1]                    H17   Yes    MSIO132PB9                                              Bank9     LVCMOS33   Output                          TRISTATE                        None                                No                                  ---              ---            ---             ---             ---          ---           ---                4                  5                 
D_TXD[2]                    G20   Yes    MSIO134NB9                                              Bank9     LVCMOS33   Output                          TRISTATE                        None                                No                                  ---              ---            ---             ---             ---          ---           ---                4                  5                 
D_TXD[3]                    G21   Yes    MSIO134PB9                                              Bank9     LVCMOS33   Output                          TRISTATE                        None                                No                                  ---              ---            ---             ---             ---          ---           ---                4                  5                 
D_TXEN                      F20   Yes    MSIO131PB9                                              Bank9     LVCMOS33   Output                          TRISTATE                        None                                No                                  ---              ---            ---             ---             ---          ---           ---                4                  5                 
DEBOUNCE_IN[0]              R8    Yes    MSIO179PB6/VCCC_SE1_CLKI                                Bank6     LVCMOS33   Input                           TRISTATE                        None                                No                                  Off              ---            ---             Off             Off          ---           ---                ---                ---               
DEBOUNCE_IN[1]              U10   Yes    MSIO176PB6/GB11/VCCC_SE0_CLKI                           Bank6     LVCMOS33   Input                           TRISTATE                        None                                No                                  Off              ---            ---             Off             Off          ---           ---                ---                ---               
DEBOUNCE_IN[2]              W11   Yes    MSIO174PB6/CCC_SW1_CLKI3                                Bank6     LVCMOS33   Input                           TRISTATE                        None                                No                                  Off              ---            ---             Off             Off          ---           ---                ---                ---               
DEVRST_N                    M9    Fixed  DEVRST_N                                                ---       
DRVR_EN                     W2    Yes    MSIO5PB4                                                Bank4     LVCMOS33   Output                          TRISTATE                        None                                No                                  ---              ---            ---             ---             ---          ---           ---                4                  5                 
GPIO_1                      J1    Yes    MSIO38PB3/GPIO_9_B                                      Bank3     LVCMOS33   Inout                           TRISTATE                        None                                No                                  Off              ---            ---             Off             Off          ---           ---                4                  5                 
GPIO_5_M2F                  H2    Yes    MSIO38NB3/GPIO_10_B                                     Bank3     LVCMOS33   Output                          TRISTATE                        None                                No                                  ---              ---            ---             ---             ---          ---           ---                4                  5                 
GPIO_6_M2F                  H5    Yes    MSIO35PB3/GPIO_3_B                                      Bank3     LVCMOS33   Output                          TRISTATE                        None                                No                                  ---              ---            ---             ---             ---          ---           ---                4                  5                 
GPIO_7_M2F                  G5    Yes    MSIO39NB2/MMUART_1_DTR/GPIO_12_B                        Bank2     LVCMOS33   Output                          TRISTATE                        None                                No                                  ---              ---            ---             ---             ---          ---           ---                4                  5                 
GPIO_11_M2F_SPI_FLASH_RSTn  G4    No     MSIO39PB2/MMUART_1_RTS/GPIO_11_B                        Bank2     LVCMOS33   Output                          TRISTATE                        None                                No                                  ---              ---            ---             ---             ---          ---           ---                4                  5                 
GPIO_17_BI                  P2    Yes    MSIO18PB4/SPI_1_SS4/GPIO_17_A                           Bank4     LVCMOS33   Inout                           TRISTATE                        None                                No                                  Off              ---            ---             Off             Off          ---           ---                4                  5                 
GPIO_18_BI                  R2    Yes    MSIO18NB4/SPI_1_SS5/GPIO_18_A                           Bank4     LVCMOS33   Inout                           TRISTATE                        None                                No                                  Off              ---            ---             Off             Off          ---           ---                4                  5                 
GPIO_20_OUT                 T1    Yes    MSIO14NB4/SPI_0_SS5/GPIO_20_A                           Bank4     LVCMOS33   Output                          TRISTATE                        None                                No                                  ---              ---            ---             ---             ---          ---           ---                4                  5                 
GPIO_21_M2F                 K7    Yes    MSIO27NB3                                               Bank3     LVCMOS33   Output                          TRISTATE                        None                                No                                  ---              ---            ---             ---             ---          ---           ---                4                  5                 
GPIO_24_M2F                 K4    Yes    MSIO26NB3                                               Bank3     LVCMOS33   Output                          TRISTATE                        None                                No                                  ---              ---            ---             ---             ---          ---           ---                4                  5                 
GPIO_25_BI                  P1    Yes    MSIO20PB4/GPIO_25_A/GB9/VCCC_SE0_CLKI                   Bank4     LVCMOS33   Inout                           TRISTATE                        None                                No                                  Off              ---            ---             Off             Off          ---           ---                4                  5                 
GPIO_26_BI                  N2    Yes    MSIO20NB4/GPIO_26_A/GB13/VCCC_SE1_CLKI                  Bank4     LVCMOS33   Inout                           TRISTATE                        None                                No                                  Off              ---            ---             Off             Off          ---           ---                4                  5                 
GPIO_28_M2F                 G2    No     MSIO40PB2/MMUART_1_CTS/GPIO_13_B/CCC_NE0_CLKI1          Bank2     LVCMOS33   Output                          TRISTATE                        None                                No                                  ---              ---            ---             ---             ---          ---           ---                4                  5                 
GPIO_88                     U4    No     MSIO4PB4                                                Bank4     LVCMOS33   Output                          TRISTATE                        None                                No                                  ---              ---            ---             ---             ---          ---           ---                4                  5                 
H_COL                       L20   No     MSIO124PB9/GB2/CCC_NW0_CLKI1                            Bank9     LVCMOS33   Output                          TRISTATE                        None                                No                                  ---              ---            ---             ---             ---          ---           ---                4                  5                 
H_MDC                       H20   No     MSIO119PB9                                              Bank9     LVCMOS33   Input                           TRISTATE                        None                                No                                  Off              ---            ---             Off             Off          ---           ---                ---                ---               
H_MDIO                      AA10  No     MSIO162NB6/CCC_SW0_CLKI2                                Bank6     LVCMOS33   Inout                           TRISTATE                        None                                No                                  Off              ---            ---             Off             Off          ---           ---                4                  5                 
H_RXC                       R9    No     MSIO179NB6                                              Bank6     LVCMOS33   Output                          TRISTATE                        None                                No                                  ---              ---            ---             ---             ---          ---           ---                4                  5                 
H_RXER                      N20   No     MSIO140PB9                                              Bank9     LVCMOS33   Output                          TRISTATE                        None                                No                                  ---              ---            ---             ---             ---          ---           ---                4                  5                 
H_TXC                       J17   No     MSIO135PB9                                              Bank9     LVCMOS33   Output                          TRISTATE                        None                                No                                  ---              ---            ---             ---             ---          ---           ---                4                  5                 
H_TXD[0]                    F19   No     MSIO131NB9                                              Bank9     LVCMOS33   Input                           TRISTATE                        None                                No                                  Off              ---            ---             Off             Off          ---           ---                ---                ---               
H_TXD[1]                    E20   No     MSIO130NB9                                              Bank9     LVCMOS33   Input                           TRISTATE                        None                                No                                  Off              ---            ---             Off             Off          ---           ---                ---                ---               
H_TXD[2]                    J20   No     MSIO136NB9                                              Bank9     LVCMOS33   Input                           TRISTATE                        None                                No                                  Off              ---            ---             Off             Off          ---           ---                ---                ---               
H_TXD[3]                    J21   No     MSIO136PB9                                              Bank9     LVCMOS33   Input                           TRISTATE                        None                                No                                  Off              ---            ---             Off             Off          ---           ---                ---                ---               
I2C_1_SCL                   R5    Yes    MSIO11NB4/I2C_1_SCL/GPIO_1_A/USB_DATA4_A/CCC_NE1_CLKI0  Bank4     LVCMOS33   Inout                           TRISTATE                        None                                No                                  Off              ---            ---             Off             Off          ---           ---                4                  5                 
I2C_1_SDA                   R4    Yes    MSIO11PB4/I2C_1_SDA/GPIO_0_A/USB_DATA3_A/CCC_NE0_CLKI0  Bank4     LVCMOS33   Inout                           TRISTATE                        None                                No                                  Off              ---            ---             Off             Off          ---           ---                4                  5                 
LED_BLUE_F3                 F3    Yes    MSIO41NB2/MMUART_1_DCD/GPIO_16_B                        Bank2     LVCMOS33   Output                          TRISTATE                        None                                No                                  ---              ---            ---             ---             ---          ---           ---                4                  5                 
LED_GREEN_G1                G1    Yes    MSIO40NB2/MMUART_1_DSR/GPIO_14_B                        Bank2     LVCMOS33   Output                          TRISTATE                        None                                No                                  ---              ---            ---             ---             ---          ---           ---                4                  5                 
LED_RED_F2                  F2    Yes    MSIO41PB2/MMUART_1_RI/GPIO_15_B/CCC_NE1_CLKI1           Bank2     LVCMOS33   Output                          TRISTATE                        None                                No                                  ---              ---            ---             ---             ---          ---           ---                4                  5                 
MANCH_OUT_N                 T3    Yes    MSIO4NB4                                                Bank4     LVCMOS33   Output                          TRISTATE                        None                                No                                  ---              ---            ---             ---             ---          ---           ---                4                  5                 
MANCH_OUT_P                 AA2   Yes    MSIO2PB4                                                Bank4     LVCMOS33   Output                          TRISTATE                        None                                No                                  ---              ---            ---             ---             ---          ---           ---                4                  5                 
MANCHESTER_IN               Y2    Yes    MSIO5NB4                                                Bank4     LVCMOS33   Input                           TRISTATE                        None                                No                                  Off              ---            ---             Off             Off          ---           ---                ---                ---               
MDDR_ADDR[0]                A4    Yes    DDRIO58NB1/MDDR_ADDR0                                   Bank1     LVCMOS18   Output                          TRISTATE                        None                                No                                  ---              ---            ---             ---             ---          SLOW          ---                16                 5                 
MDDR_ADDR[1]                E7    Yes    DDRIO57PB1/MDDR_ADDR1                                   Bank1     LVCMOS18   Output                          TRISTATE                        None                                No                                  ---              ---            ---             ---             ---          SLOW          ---                16                 5                 
MDDR_ADDR[2]                E6    Yes    DDRIO57NB1/MDDR_ADDR2                                   Bank1     LVCMOS18   Output                          TRISTATE                        None                                No                                  ---              ---            ---             ---             ---          SLOW          ---                16                 5                 
MDDR_ADDR[3]                A5    Yes    DDRIO56PB1/MDDR_ADDR3                                   Bank1     LVCMOS18   Output                          TRISTATE                        None                                No                                  ---              ---            ---             ---             ---          SLOW          ---                16                 5                 
MDDR_ADDR[4]                B5    Yes    DDRIO56NB1/MDDR_ADDR4                                   Bank1     LVCMOS18   Output                          TRISTATE                        None                                No                                  ---              ---            ---             ---             ---          SLOW          ---                16                 5                 
MDDR_ADDR[5]                D5    Yes    DDRIO55PB1/MDDR_ADDR5                                   Bank1     LVCMOS18   Output                          TRISTATE                        None                                No                                  ---              ---            ---             ---             ---          SLOW          ---                16                 5                 
MDDR_ADDR[6]                D6    Yes    DDRIO55NB1/MDDR_ADDR6                                   Bank1     LVCMOS18   Output                          TRISTATE                        None                                No                                  ---              ---            ---             ---             ---          SLOW          ---                16                 5                 
MDDR_ADDR[7]                A2    Yes    DDRIO54NB1/MDDR_ADDR7                                   Bank1     LVCMOS18   Output                          TRISTATE                        None                                No                                  ---              ---            ---             ---             ---          SLOW          ---                16                 5                 
MDDR_ADDR[8]                F5    Yes    DDRIO53PB1/MDDR_ADDR8                                   Bank1     LVCMOS18   Output                          TRISTATE                        None                                No                                  ---              ---            ---             ---             ---          SLOW          ---                16                 5                 
MDDR_ADDR[9]                E5    Yes    DDRIO53NB1/MDDR_ADDR9                                   Bank1     LVCMOS18   Output                          TRISTATE                        None                                No                                  ---              ---            ---             ---             ---          SLOW          ---                16                 5                 
MDDR_ADDR[10]               B2    Yes    DDRIO52PB1/MDDR_ADDR10                                  Bank1     LVCMOS18   Output                          TRISTATE                        None                                No                                  ---              ---            ---             ---             ---          SLOW          ---                16                 5                 
MDDR_ADDR[11]               B1    Yes    DDRIO52NB1/MDDR_ADDR11                                  Bank1     LVCMOS18   Output                          TRISTATE                        None                                No                                  ---              ---            ---             ---             ---          SLOW          ---                16                 5                 
MDDR_ADDR[12]               E4    Yes    DDRIO51PB1/MDDR_ADDR12                                  Bank1     LVCMOS18   Output                          TRISTATE                        None                                No                                  ---              ---            ---             ---             ---          SLOW          ---                16                 5                 
MDDR_ADDR[13]               D4    Yes    DDRIO51NB1/MDDR_ADDR13                                  Bank1     LVCMOS18   Output                          TRISTATE                        None                                No                                  ---              ---            ---             ---             ---          SLOW          ---                16                 5                 
MDDR_ADDR[14]               C1    Yes    DDRIO50PB1/MDDR_ADDR14                                  Bank1     LVCMOS18   Output                          TRISTATE                        None                                No                                  ---              ---            ---             ---             ---          SLOW          ---                16                 5                 
MDDR_ADDR[15]               C2    Yes    DDRIO50NB1/MDDR_ADDR15                                  Bank1     LVCMOS18   Output                          TRISTATE                        None                                No                                  ---              ---            ---             ---             ---          SLOW          ---                16                 5                 
MDDR_BA[0]                  C6    Yes    DDRIO59PB1/MDDR_BA0                                     Bank1     LVCMOS18   Output                          TRISTATE                        None                                No                                  ---              ---            ---             ---             ---          SLOW          ---                16                 5                 
MDDR_BA[1]                  B6    Yes    DDRIO59NB1/MDDR_BA1                                     Bank1     LVCMOS18   Output                          TRISTATE                        None                                No                                  ---              ---            ---             ---             ---          SLOW          ---                16                 5                 
MDDR_BA[2]                  B4    Yes    DDRIO58PB1/MDDR_BA2                                     Bank1     LVCMOS18   Output                          TRISTATE                        None                                No                                  ---              ---            ---             ---             ---          SLOW          ---                16                 5                 
MDDR_CAS_N                  D8    Yes    DDRIO61NB1/MDDR_CAS_N                                   Bank1     LVCMOS18   Output                          TRISTATE                        None                                No                                  ---              ---            ---             ---             ---          SLOW          ---                16                 5                 
MDDR_CKE                    G9    Yes    DDRIO62PB1/MDDR_CKE                                     Bank1     LVCMOS18   Output                          TRISTATE                        None                                No                                  ---              ---            ---             ---             ---          SLOW          ---                16                 5                 
MDDR_CLK                    B7    Yes    DDRIO60PB1/MDDR_CLK                                     Bank1     LPDDRI     Output                          TRISTATE                        None                                ---                                 ---              ---            ---             ---             ---          ---           ---                ---                5                 
MDDR_CLK_N                  A7    Yes    DDRIO60NB1/MDDR_CLK_N                                   Bank1     LPDDRI     Output                          TRISTATE                        None                                ---                                 ---              ---            ---             ---             ---          ---           ---                ---                5                 
MDDR_CS_N                   G10   Yes    DDRIO62NB1/MDDR_CS_N                                    Bank1     LVCMOS18   Output                          TRISTATE                        None                                No                                  ---              ---            ---             ---             ---          SLOW          ---                16                 5                 
MDDR_DM_RDQS[0]             A12   Yes    DDRIO72PB1/MDDR_DM_RDQS0                                Bank1     LVCMOS18   Inout                           TRISTATE                        None                                No                                  Off              Off            50              Off             Off          SLOW          ---                16                 5                 
MDDR_DM_RDQS[1]             D11   Yes    DDRIO66NB1/MDDR_DM_RDQS1                                Bank1     LVCMOS18   Inout                           TRISTATE                        None                                No                                  Off              Off            50              Off             Off          SLOW          ---                16                 5                 
MDDR_DQ[0]                  D13   Yes    DDRIO75PB1/MDDR_DQ0                                     Bank1     LVCMOS18   Inout                           TRISTATE                        None                                No                                  Off              Off            50              Off             Off          SLOW          ---                16                 5                 
MDDR_DQ[1]                  E13   Yes    DDRIO75NB1/MDDR_DQ1                                     Bank1     LVCMOS18   Inout                           TRISTATE                        None                                No                                  Off              Off            50              Off             Off          SLOW          ---                16                 5                 
MDDR_DQ[2]                  D14   Yes    DDRIO74PB1/MDDR_DQ2                                     Bank1     LVCMOS18   Inout                           TRISTATE                        None                                No                                  Off              Off            50              Off             Off          SLOW          ---                16                 5                 
MDDR_DQ[3]                  D15   Yes    DDRIO74NB1/MDDR_DQ3                                     Bank1     LVCMOS18   Inout                           TRISTATE                        None                                No                                  Off              Off            50              Off             Off          SLOW          ---                16                 5                 
MDDR_DQ[4]                  A13   Yes    DDRIO72NB1/MDDR_DQ4                                     Bank1     LVCMOS18   Inout                           TRISTATE                        None                                No                                  Off              Off            50              Off             Off          SLOW          ---                16                 5                 
MDDR_DQ[5]                  A14   Yes    DDRIO71PB1/MDDR_DQ5                                     Bank1     LVCMOS18   Inout                           TRISTATE                        None                                No                                  Off              Off            50              Off             Off          SLOW          ---                16                 5                 
MDDR_DQ[6]                  B14   Yes    DDRIO71NB1/MDDR_DQ6                                     Bank1     LVCMOS18   Inout                           TRISTATE                        None                                No                                  Off              Off            50              Off             Off          SLOW          ---                16                 5                 
MDDR_DQ[7]                  G11   Yes    DDRIO70PB1/MDDR_DQ7                                     Bank1     LVCMOS18   Inout                           TRISTATE                        None                                No                                  Off              Off            50              Off             Off          SLOW          ---                16                 5                 
MDDR_DQ[8]                  B12   Yes    DDRIO69PB1/MDDR_DQ8                                     Bank1     LVCMOS18   Inout                           TRISTATE                        None                                No                                  Off              Off            50              Off             Off          SLOW          ---                16                 5                 
MDDR_DQ[9]                  B11   Yes    DDRIO69NB1/MDDR_DQ9                                     Bank1     LVCMOS18   Inout                           TRISTATE                        None                                No                                  Off              Off            50              Off             Off          SLOW          ---                16                 5                 
MDDR_DQ[10]                 E11   Yes    DDRIO68PB1/MDDR_DQ10/CCC_NE0_CLKI2                      Bank1     LVCMOS18   Inout                           TRISTATE                        None                                No                                  Off              Off            50              Off             Off          SLOW          ---                16                 5                 
MDDR_DQ[11]                 E12   Yes    DDRIO68NB1/MDDR_DQ11                                    Bank1     LVCMOS18   Inout                           TRISTATE                        None                                No                                  Off              Off            50              Off             Off          SLOW          ---                16                 5                 
MDDR_DQ[12]                 D9    Yes    DDRIO65PB1/MDDR_DQ12/GB12/CCC_NE1_CLKI2                 Bank1     LVCMOS18   Inout                           TRISTATE                        None                                No                                  Off              Off            50              Off             Off          SLOW          ---                16                 5                 
MDDR_DQ[13]                 E10   Yes    DDRIO65NB1/MDDR_DQ13                                    Bank1     LVCMOS18   Inout                           TRISTATE                        None                                No                                  Off              Off            50              Off             Off          SLOW          ---                16                 5                 
MDDR_DQ[14]                 B9    Yes    DDRIO64PB1/MDDR_DQ14/CCC_NE1_CLKI3                      Bank1     LVCMOS18   Inout                           TRISTATE                        None                                No                                  Off              Off            50              Off             Off          SLOW          ---                16                 5                 
MDDR_DQ[15]                 A10   Yes    DDRIO64NB1/MDDR_DQ15                                    Bank1     LVCMOS18   Inout                           TRISTATE                        None                                No                                  Off              Off            50              Off             Off          SLOW          ---                16                 5                 
MDDR_DQS[0]                 A15   Yes    DDRIO73PB1/MDDR_DQS0                                    Bank1     LVCMOS18   Inout                           TRISTATE                        None                                No                                  Off              Off            50              Off             Off          SLOW          ---                16                 5                 
MDDR_DQS[1]                 C11   Yes    DDRIO67PB1/MDDR_DQS1/GB8/CCC_NE0_CLKI3                  Bank1     LVCMOS18   Inout                           TRISTATE                        None                                No                                  Off              Off            50              Off             Off          SLOW          ---                16                 5                 
MDDR_DQS_TMATCH_0_IN        D10   Yes    DDRIO66PB1/MDDR_TMATCH_0_IN                             Bank1     LVCMOS18   Input                           TRISTATE                        None                                No                                  Off              Off            50              Off             Off          ---           ---                ---                ---               
MDDR_DQS_TMATCH_0_OUT       G13   Yes    DDRIO70NB1/MDDR_TMATCH_0_OUT                            Bank1     LVCMOS18   Output                          TRISTATE                        None                                No                                  ---              ---            ---             ---             ---          SLOW          ---                16                 5                 
MDDR_ODT                    A3    Yes    DDRIO54PB1/MDDR_ODT                                     Bank1     LVCMOS18   Output                          TRISTATE                        None                                No                                  ---              ---            ---             ---             ---          SLOW          ---                16                 5                 
MDDR_RAS_N                  A8    Yes    DDRIO63PB1/MDDR_RAS_N                                   Bank1     LVCMOS18   Output                          TRISTATE                        None                                No                                  ---              ---            ---             ---             ---          SLOW          ---                16                 5                 
MDDR_RESET_N                E8    Yes    DDRIO61PB1/MDDR_RESET_N                                 Bank1     LVCMOS18   Output                          TRISTATE                        None                                No                                  ---              ---            ---             ---             ---          SLOW          ---                16                 5                 
MDDR_WE_N                   A9    Yes    DDRIO63NB1/MDDR_WE_N                                    Bank1     LVCMOS18   Output                          TRISTATE                        None                                No                                  ---              ---            ---             ---             ---          SLOW          ---                16                 5                 
MMUART_0_RXD_F2M            D1    Yes    MSIO43PB2/MMUART_1_CLK/GPIO_25_B/GB14/VCCC_SE1_CLKI     Bank2     LVCMOS33   Input                           TRISTATE                        None                                No                                  Off              ---            ---             Off             Off          ---           ---                ---                ---               
MMUART_0_TXD_M2F            F1    Yes    MSIO42PB2/GB10/VCCC_SE0_CLKI                            Bank2     LVCMOS33   Output                          TRISTATE                        None                                No                                  ---              ---            ---             ---             ---          ---           ---                4                  5                 
MMUART_1_RXD                D2    Yes    MSIO43NB2/MMUART_1_RXD/GPIO_26_B                        Bank2     LVCMOS33   Input                           TRISTATE                        None                                No                                  Off              ---            ---             Off             Off          ---           ---                ---                ---               
MMUART_1_TXD                E1    Yes    MSIO42NB2/MMUART_1_TXD/GPIO_24_B                        Bank2     LVCMOS33   Output                          TRISTATE                        None                                No                                  ---              ---            ---             ---             ---          ---           ---                4                  5                 
nRESET_OUT                  Y1    Yes    MSIO2NB4                                                Bank4     LVCMOS33   Output                          TRISTATE                        None                                No                                  ---              ---            ---             ---             ---          ---           ---                4                  5                 
RCVR_EN                     W1    Yes    MSIO7PB4                                                Bank4     LVCMOS33   Output                          TRISTATE                        None                                No                                  ---              ---            ---             ---             ---          ---           ---                4                  5                 
RTC_MATCH                   H4    No     MSIO35NB3/GPIO_4_B                                      Bank3     LVCMOS33   Output                          TRISTATE                        None                                No                                  ---              ---            ---             ---             ---          ---           ---                4                  5                 
SPI_0_CLK                   U2    Yes    MSIO12PB4/SPI_0_CLK/USB_XCLK_A                          Bank4     LVCMOS33   Inout                           TRISTATE                        None                                No                                  Off              ---            ---             Off             Off          ---           ---                4                  5                 
SPI_0_DI                    U1    Yes    MSIO12NB4/SPI_0_SDI/GPIO_5_A/USB_DIR_A                  Bank4     LVCMOS33   Input                           TRISTATE                        None                                No                                  Off              ---            ---             Off             Off          ---           ---                ---                ---               
SPI_0_DO                    P4    Yes    MSIO13PB4/SPI_0_SDO/GPIO_6_A/USB_STP_A                  Bank4     LVCMOS33   Output                          TRISTATE                        None                                No                                  ---              ---            ---             ---             ---          ---           ---                4                  5                 
SPI_0_SS0                   P5    Yes    MSIO13NB4/SPI_0_SS0/GPIO_7_A/USB_NXT_A                  Bank4     LVCMOS33   Inout                           TRISTATE                        None                                No                                  Off              ---            ---             Off             Off          ---           ---                4                  5                 
SPI_0_SS1                   M1    Yes    MSIO22PB4/SPI_0_SS1/GPIO_8_A/USB_DATA5_A                Bank4     LVCMOS33   Output                          TRISTATE                        None                                No                                  ---              ---            ---             ---             ---          ---           ---                4                  5                 
SPI_1_CLK                   N4    Yes    MSIO16PB4/SPI_1_CLK                                     Bank4     LVCMOS33   Inout                           TRISTATE                        None                                No                                  Off              ---            ---             Off             Off          ---           ---                4                  5                 
SPI_1_DO_M2F                AA7   Yes    MSIO168NB6                                              Bank6     LVCMOS33   Output                          TRISTATE                        None                                No                                  ---              ---            ---             ---             ---          ---           ---                4                  5                 
SPI_1_SS0                   V7    Yes    MSIO171PB6                                              Bank6     LVCMOS33   Inout                           TRISTATE                        None                                No                                  Off              ---            ---             Off             Off          ---           ---                4                  5                 
SPI_FLASH_IO2               N7    No     MSIO16NB4/SPI_1_SDI/GPIO_11_A                           Bank4     LVCMOS33   Output                          TRISTATE                        None                                No                                  ---              ---            ---             ---             ---          ---           ---                4                  5                 
SPI_FLASH_IO3               H21   No     MSIO119NB9                                              Bank9     LVCMOS33   Output                          TRISTATE                        None                                No                                  ---              ---            ---             ---             ---          ---           ---                4                  5                 
XTL                         AA4   Fixed  XTLOSC_MAIN_XTAL                                        ---       
