*****************************************************************
Pin Report - Date: Tue Mar 21 14:28:21 2017 Pinchecksum: NOT-AVAILABLE
Product: Designer
Release: v11.7 SP3
Version: 11.7.3.8
Design Name: AFE_RX_SM
Family: SmartFusion2
Die: M2S060T
Package: 325 FCSBGA
*****************************************************************

Port              |Pin |Fixed |Function                                               |Bank     |I/O Std   |Direction                      |I/O state in Flash*Freeze mode |Resistor Pull                      |I/O available in Flash*Freeze mode |Schmitt Trigger |Odt_Static    |Odt Imp (Ohm)  |Low Power Exit |Input Delay |Slew         |Pre-Emphasis      |Output Drive (mA) |Output Load (pF) |
------------------|----|------|-------------------------------------------------------|---------|----------|-------------------------------|-------------------------------|-----------------------------------|-----------------------------------|----------------|--------------|---------------|---------------|------------|-------------|------------------|------------------|-----------------|
clk                U11  No     MSIO167PB6/GB3/CCC_SW0_CLKI3                            Bank6     LVCMOS33   Input                           TRISTATE                        None                                No                                  Off              ---            ---             Off             Off          ---           ---                ---                ---               
clk1x_enable       R4   No     MSIO11PB4/I2C_1_SDA/GPIO_0_A/USB_DATA3_A/CCC_NE0_CLKI0  Bank4     LVCMOS33   Output                          TRISTATE                        None                                No                                  ---              ---            ---             ---             ---          ---           ---                4                  5                 
idle_line          U1   No     MSIO12NB4/SPI_0_SDI/GPIO_5_A/USB_DIR_A                  Bank4     LVCMOS33   Input                           TRISTATE                        None                                No                                  Off              ---            ---             Off             Off          ---           ---                ---                ---               
manches_in_dly[0]  P5   No     MSIO13NB4/SPI_0_SS0/GPIO_7_A/USB_NXT_A                  Bank4     LVCMOS33   Input                           TRISTATE                        None                                No                                  Off              ---            ---             Off             Off          ---           ---                ---                ---               
manches_in_dly[1]  P4   No     MSIO13PB4/SPI_0_SDO/GPIO_6_A/USB_STP_A                  Bank4     LVCMOS33   Input                           TRISTATE                        None                                No                                  Off              ---            ---             Off             Off          ---           ---                ---                ---               
packet_avail       U2   No     MSIO12PB4/SPI_0_CLK/USB_XCLK_A                          Bank4     LVCMOS33   Output                          TRISTATE                        None                                No                                  ---              ---            ---             ---             ---          ---           ---                4                  5                 
reset              R5   No     MSIO11NB4/I2C_1_SCL/GPIO_1_A/USB_DATA4_A/CCC_NE1_CLKI0  Bank4     LVCMOS33   Input                           TRISTATE                        None                                No                                  Off              ---            ---             Off             Off          ---           ---                ---                ---               
RX_EarlyTerm       V1   No     MSIO7NB4/CAN_TX/GPIO_2_A/USB_DATA0_A                    Bank4     LVCMOS33   Input                           TRISTATE                        None                                No                                  Off              ---            ---             Off             Off          ---           ---                ---                ---               
RX_FIFO_DIN[0]     L2   No     MSIO24NB4/SPI_1_SS3/GPIO_16_A                           Bank4     LVCMOS33   Input                           TRISTATE                        None                                No                                  Off              ---            ---             Off             Off          ---           ---                ---                ---               
RX_FIFO_DIN[1]     W1   No     MSIO7PB4                                                Bank4     LVCMOS33   Input                           TRISTATE                        None                                No                                  Off              ---            ---             Off             Off          ---           ---                ---                ---               
RX_FIFO_DIN[2]     L3   No     MSIO23NB4/SPI_1_SS1/GPIO_14_A                           Bank4     LVCMOS33   Input                           TRISTATE                        None                                No                                  Off              ---            ---             Off             Off          ---           ---                ---                ---               
RX_FIFO_DIN[3]     T3   No     MSIO4NB4                                                Bank4     LVCMOS33   Input                           TRISTATE                        None                                No                                  Off              ---            ---             Off             Off          ---           ---                ---                ---               
RX_FIFO_DIN[4]     M5   No     MSIO17PB4/SPI_1_SDO/GPIO_12_A                           Bank4     LVCMOS33   Input                           TRISTATE                        None                                No                                  Off              ---            ---             Off             Off          ---           ---                ---                ---               
RX_FIFO_DIN[5]     Y2   No     MSIO5NB4                                                Bank4     LVCMOS33   Input                           TRISTATE                        None                                No                                  Off              ---            ---             Off             Off          ---           ---                ---                ---               
RX_FIFO_DIN[6]     W2   No     MSIO5PB4                                                Bank4     LVCMOS33   Input                           TRISTATE                        None                                No                                  Off              ---            ---             Off             Off          ---           ---                ---                ---               
RX_FIFO_DIN[7]     L1   No     MSIO24PB4/SPI_1_SS2/GPIO_15_A                           Bank4     LVCMOS33   Input                           TRISTATE                        None                                No                                  Off              ---            ---             Off             Off          ---           ---                ---                ---               
rx_packet_avail    T5   No     MSIO8PB4/CAN_RX/GPIO_3_A/USB_DATA1_A                    Bank4     LVCMOS33   Output                          TRISTATE                        None                                No                                  ---              ---            ---             ---             ---          ---           ---                4                  5                 
rx_packet_end_all  N7   No     MSIO16NB4/SPI_1_SDI/GPIO_11_A                           Bank4     LVCMOS33   Output                          TRISTATE                        None                                No                                  ---              ---            ---             ---             ---          ---           ---                4                  5                 
sample             N4   No     MSIO16PB4/SPI_1_CLK                                     Bank4     LVCMOS33   Input                           TRISTATE                        None                                No                                  Off              ---            ---             Off             Off          ---           ---                ---                ---               
